#
# There is insufficient memory for the Java Runtime Environment to continue.
# Native memory allocation (mmap) failed to map 295698432 bytes. Error detail: G1 virtual space
# Possible reasons:
#   The system is out of physical RAM or swap space
#   This process is running with CompressedOops enabled, and the Java Heap may be blocking the growth of the native heap
# Possible solutions:
#   Reduce memory load on the system
#   Increase physical memory or swap space
#   Check if swap backing store is full
#   Decrease Java heap size (-Xmx/-Xms)
#   Decrease number of Java threads
#   Decrease Java thread stack sizes (-Xss)
#   Set larger code cache with -XX:ReservedCodeCacheSize=
#   JVM is running with Unscaled Compressed Oops mode in which the Java heap is
#     placed in the first 4GB address space. The Java Heap base address is the
#     maximum limit for the native heap growth. Please use -XX:HeapBaseMinAddress
#     to set the Java Heap base and to place the Java Heap above 4GB virtual address.
# This output file may be truncated or incomplete.
#
#  Out of Memory Error (os_windows.cpp:3618), pid=4512, tid=24128
#
# JRE version: OpenJDK Runtime Environment Temurin-17.0.19+10 (17.0.19+10) (build 17.0.19+10)
# Java VM: OpenJDK 64-Bit Server VM Temurin-17.0.19+10 (17.0.19+10, mixed mode, sharing, tiered, compressed oops, compressed class ptrs, g1 gc, windows-amd64)
# No core dump will be written. Minidumps are not enabled by default on client versions of Windows
#

---------------  S U M M A R Y ------------

Command Line: -XX:MaxMetaspaceSize=512m --add-opens=java.base/java.util=ALL-UNNAMED --add-opens=java.base/java.lang=ALL-UNNAMED --add-opens=java.base/java.lang.invoke=ALL-UNNAMED --add-opens=java.prefs/java.util.prefs=ALL-UNNAMED --add-opens=java.base/java.nio.charset=ALL-UNNAMED --add-opens=java.base/java.net=ALL-UNNAMED --add-opens=java.base/java.util.concurrent.atomic=ALL-UNNAMED -Xmx1g -Dfile.encoding=GBK -Duser.country=CN -Duser.language=zh -Duser.variant -javaagent:C:\Users\bread\.gradle\wrapper\dists\gradle-8.5-bin\5t9huq95ubn472n8rpzujfbqh\gradle-8.5\lib\agents\gradle-instrumentation-agent-8.5.jar org.gradle.launcher.daemon.bootstrap.GradleDaemon 8.5

Host: Genuine Intel(R) CPU 0000 @ 3.00GHz, 12 cores, 15G,  Windows 11 , 64 bit Build 22621 (10.0.22621.5415)
Time: Thu Jul 30 01:01:15 2026  Windows 11 , 64 bit Build 22621 (10.0.22621.5415) elapsed time: 30.344463 seconds (0d 0h 0m 30s)

---------------  T H R E A D  ---------------

Current thread (0x00000246f07adc60):  VMThread "VM Thread" [stack: 0x000000dd6e200000,0x000000dd6e300000] [id=24128]

Stack: [0x000000dd6e200000,0x000000dd6e300000]
Native frames: (J=compiled Java code, j=interpreted, Vv=VM code, C=native code)
V  [jvm.dll+0x684b29]
V  [jvm.dll+0x83a2d5]
V  [jvm.dll+0x83bd4e]
V  [jvm.dll+0x83c3d3]
V  [jvm.dll+0x24905f]
V  [jvm.dll+0x6818e9]
V  [jvm.dll+0x6766ea]
V  [jvm.dll+0x3093b7]
V  [jvm.dll+0x3109a6]
V  [jvm.dll+0x360f1e]
V  [jvm.dll+0x36115d]
V  [jvm.dll+0x2e043c]
V  [jvm.dll+0x2de812]
V  [jvm.dll+0x2ddfac]
V  [jvm.dll+0x320c6b]
V  [jvm.dll+0x840bed]
V  [jvm.dll+0x841923]
V  [jvm.dll+0x841e4f]
V  [jvm.dll+0x842235]
V  [jvm.dll+0x8422fe]
V  [jvm.dll+0x7eaf1c]
V  [jvm.dll+0x6839f7]
C  [ucrtbase.dll+0x29333]
C  [KERNEL32.DLL+0x1259d]
C  [ntdll.dll+0x5af78]

VM_Operation (0x000000dd714fd390): G1CollectForAllocation, mode: safepoint, requested by thread 0x00000246f948a280


---------------  P R O C E S S  ---------------

Threads class SMR info:
_java_thread_list=0x00000246f6dd8d30, length=62, elements={
0x00000246d445f8a0, 0x00000246f07b5eb0, 0x00000246f07b6b30, 0x00000246f07cf5b0,
0x00000246f07cfe80, 0x00000246f07d2850, 0x00000246f07d4220, 0x00000246f07d6fd0,
0x00000246f07e2f90, 0x00000246f07e59a0, 0x00000246f079e650, 0x00000246f09f1c00,
0x00000246f69ee5e0, 0x00000246f7619900, 0x00000246f65ee860, 0x00000246f682e0a0,
0x00000246f682e580, 0x00000246f671c160, 0x00000246f7717020, 0x00000246f7718d30,
0x00000246f5f170a0, 0x00000246f5f16b90, 0x00000246f5f17ac0, 0x00000246f5f17fd0,
0x00000246f5f184e0, 0x00000246fa3adaa0, 0x00000246fa3ad590, 0x00000246fa3acb70,
0x00000246fa3ac660, 0x00000246fa3aa800, 0x00000246fa3a93c0, 0x00000246fa3ad080,
0x00000246fa3ae4c0, 0x00000246fa3a98d0, 0x00000246f948aca0, 0x00000246f948b1b0,
0x00000246f948a280, 0x00000246fb9759b0, 0x00000246fcb1eea0, 0x00000246fa3af900,
0x00000246fa3a8490, 0x00000246f9874640, 0x00000246f9873710, 0x00000246f80b67c0,
0x00000246f80b6cd0, 0x00000246fba308e0, 0x00000246fba2f4a0, 0x00000246fba31810,
0x00000246fba2ea80, 0x00000246fba30df0, 0x00000246fba31300, 0x00000246fba2f9b0,
0x00000246fba2e060, 0x00000246fba2e570, 0x00000246fba2ef90, 0x00000246fba2fec0,
0x00000246fba303d0, 0x00000246f97164c0, 0x00000246f9714b70, 0x00000246f9715aa0,
0x00000246f74e3910, 0x00000246fbcad3d0
}

Java Threads: ( => current thread )
  0x00000246d445f8a0 JavaThread "main" [_thread_blocked, id=25900, stack(0x000000dd6dc00000,0x000000dd6dd00000)]
  0x00000246f07b5eb0 JavaThread "Reference Handler" daemon [_thread_blocked, id=26708, stack(0x000000dd6e300000,0x000000dd6e400000)]
  0x00000246f07b6b30 JavaThread "Finalizer" daemon [_thread_blocked, id=26072, stack(0x000000dd6e400000,0x000000dd6e500000)]
  0x00000246f07cf5b0 JavaThread "Signal Dispatcher" daemon [_thread_blocked, id=13036, stack(0x000000dd6e500000,0x000000dd6e600000)]
  0x00000246f07cfe80 JavaThread "Attach Listener" daemon [_thread_blocked, id=26132, stack(0x000000dd6e600000,0x000000dd6e700000)]
  0x00000246f07d2850 JavaThread "Service Thread" daemon [_thread_blocked, id=17616, stack(0x000000dd6e700000,0x000000dd6e800000)]
  0x00000246f07d4220 JavaThread "Monitor Deflation Thread" daemon [_thread_blocked, id=12136, stack(0x000000dd6e800000,0x000000dd6e900000)]
  0x00000246f07d6fd0 JavaThread "C2 CompilerThread0" daemon [_thread_blocked, id=6864, stack(0x000000dd6e900000,0x000000dd6ea00000)]
  0x00000246f07e2f90 JavaThread "C1 CompilerThread0" daemon [_thread_blocked, id=25008, stack(0x000000dd6ea00000,0x000000dd6eb00000)]
  0x00000246f07e59a0 JavaThread "Sweeper thread" daemon [_thread_blocked, id=8084, stack(0x000000dd6eb00000,0x000000dd6ec00000)]
  0x00000246f079e650 JavaThread "Common-Cleaner" daemon [_thread_blocked, id=18884, stack(0x000000dd6ec00000,0x000000dd6ed00000)]
  0x00000246f09f1c00 JavaThread "Notification Thread" daemon [_thread_blocked, id=27220, stack(0x000000dd6ee00000,0x000000dd6ef00000)]
  0x00000246f69ee5e0 JavaThread "Daemon health stats" [_thread_blocked, id=10064, stack(0x000000dd6f600000,0x000000dd6f700000)]
  0x00000246f7619900 JavaThread "Incoming local TCP Connector on port 59349" [_thread_in_native, id=25740, stack(0x000000dd6f700000,0x000000dd6f800000)]
  0x00000246f65ee860 JavaThread "Daemon periodic checks" [_thread_blocked, id=16980, stack(0x000000dd6f800000,0x000000dd6f900000)]
  0x00000246f682e0a0 JavaThread "Daemon" [_thread_blocked, id=24996, stack(0x000000dd6f900000,0x000000dd6fa00000)]
  0x00000246f682e580 JavaThread "Handler for socket connection from /127.0.0.1:59349 to /127.0.0.1:59350" [_thread_in_native, id=22240, stack(0x000000dd6fa00000,0x000000dd6fb00000)]
  0x00000246f671c160 JavaThread "Cancel handler" [_thread_blocked, id=22904, stack(0x000000dd6fb00000,0x000000dd6fc00000)]
  0x00000246f7717020 JavaThread "Daemon worker" [_thread_blocked, id=20524, stack(0x000000dd6fc00000,0x000000dd6fd00000)]
  0x00000246f7718d30 JavaThread "Asynchronous log dispatcher for DefaultDaemonConnection: socket connection from /127.0.0.1:59349 to /127.0.0.1:59350" [_thread_blocked, id=22824, stack(0x000000dd6fd00000,0x000000dd6fe00000)]
  0x00000246f5f170a0 JavaThread "Stdin handler" [_thread_blocked, id=13156, stack(0x000000dd6fe00000,0x000000dd6ff00000)]
  0x00000246f5f16b90 JavaThread "Daemon client event forwarder" [_thread_blocked, id=25824, stack(0x000000dd6ff00000,0x000000dd70000000)]
  0x00000246f5f17ac0 JavaThread "Cache worker for journal cache (C:\Users\bread\.gradle\caches\journal-1)" [_thread_blocked, id=27572, stack(0x000000dd70000000,0x000000dd70100000)]
  0x00000246f5f17fd0 JavaThread "File lock request listener" [_thread_in_native, id=26540, stack(0x000000dd70100000,0x000000dd70200000)]
  0x00000246f5f184e0 JavaThread "Cache worker for file hash cache (C:\Users\bread\.gradle\caches\8.5\fileHashes)" [_thread_blocked, id=12212, stack(0x000000dd70200000,0x000000dd70300000)]
  0x00000246fa3adaa0 JavaThread "File watcher server" daemon [_thread_in_native, id=22988, stack(0x000000dd70300000,0x000000dd70400000)]
  0x00000246fa3ad590 JavaThread "File watcher consumer" daemon [_thread_blocked, id=27632, stack(0x000000dd70400000,0x000000dd70500000)]
  0x00000246fa3acb70 JavaThread "Cache worker for checksums cache (D:\kmxt\sdk\android\.gradle\8.5\checksums)" [_thread_blocked, id=11184, stack(0x000000dd70b00000,0x000000dd70c00000)]
  0x00000246fa3ac660 JavaThread "Cache worker for file hash cache (D:\kmxt\sdk\android\.gradle\8.5\fileHashes)" [_thread_blocked, id=26388, stack(0x000000dd70c00000,0x000000dd70d00000)]
  0x00000246fa3aa800 JavaThread "Cache worker for cache directory md-supplier (C:\Users\bread\.gradle\caches\8.5\md-supplier)" [_thread_blocked, id=27520, stack(0x000000dd70d00000,0x000000dd70e00000)]
  0x00000246fa3a93c0 JavaThread "Cache worker for cache directory md-rule (C:\Users\bread\.gradle\caches\8.5\md-rule)" [_thread_blocked, id=22608, stack(0x000000dd70e00000,0x000000dd70f00000)]
  0x00000246fa3ad080 JavaThread "Cache worker for file content cache (C:\Users\bread\.gradle\caches\8.5\fileContent)" [_thread_blocked, id=12852, stack(0x000000dd70f00000,0x000000dd71000000)]
  0x00000246fa3ae4c0 JavaThread "Cache worker for execution history cache (C:\Users\bread\.gradle\caches\8.5\executionHistory)" [_thread_blocked, id=26284, stack(0x000000dd71000000,0x000000dd71100000)]
  0x00000246fa3a98d0 JavaThread "Cache worker for kotlin-dsl (C:\Users\bread\.gradle\caches\8.5\kotlin-dsl)" [_thread_blocked, id=4360, stack(0x000000dd71100000,0x000000dd71200000)]
  0x00000246f948aca0 JavaThread "jar transforms" [_thread_blocked, id=19012, stack(0x000000dd6f000000,0x000000dd6f100000)]
  0x00000246f948b1b0 JavaThread "jar transforms Thread 2" [_thread_blocked, id=21240, stack(0x000000dd71200000,0x000000dd71300000)]
  0x00000246f948a280 JavaThread "jar transforms Thread 3" [_thread_blocked, id=19224, stack(0x000000dd71400000,0x000000dd71500000)]
  0x00000246fb9759b0 JavaThread "jar transforms Thread 4" [_thread_blocked, id=11888, stack(0x000000dd71500000,0x000000dd71600000)]
  0x00000246fcb1eea0 JavaThread "Cache worker for dependencies-accessors (D:\kmxt\sdk\android\.gradle\8.5\dependencies-accessors)" [_thread_blocked, id=26544, stack(0x000000dd71600000,0x000000dd71700000)]
  0x00000246fa3af900 JavaThread "Cache worker for Build Output Cleanup Cache (D:\kmxt\sdk\android\.gradle\buildOutputCleanup)" [_thread_blocked, id=23636, stack(0x000000dd71700000,0x000000dd71800000)]
  0x00000246fa3a8490 JavaThread "Kotlin DSL Writer" [_thread_blocked, id=23512, stack(0x000000dd71800000,0x000000dd71900000)]
  0x00000246f9874640 JavaThread "jar transforms Thread 5" [_thread_blocked, id=25004, stack(0x000000dd71900000,0x000000dd71a00000)]
  0x00000246f9873710 JavaThread "jar transforms Thread 6" [_thread_blocked, id=22856, stack(0x000000dd71a00000,0x000000dd71b00000)]
  0x00000246f80b67c0 JavaThread "Unconstrained build operations" [_thread_blocked, id=26340, stack(0x000000dd71b00000,0x000000dd71c00000)]
  0x00000246f80b6cd0 JavaThread "Unconstrained build operations Thread 2" [_thread_blocked, id=10392, stack(0x000000dd71c00000,0x000000dd71d00000)]
  0x00000246fba308e0 JavaThread "Unconstrained build operations Thread 3" [_thread_blocked, id=24048, stack(0x000000dd71d00000,0x000000dd71e00000)]
  0x00000246fba2f4a0 JavaThread "Unconstrained build operations Thread 4" [_thread_blocked, id=7672, stack(0x000000dd71e00000,0x000000dd71f00000)]
  0x00000246fba31810 JavaThread "Unconstrained build operations Thread 5" [_thread_blocked, id=26856, stack(0x000000dd71f00000,0x000000dd72000000)]
  0x00000246fba2ea80 JavaThread "Unconstrained build operations Thread 6" [_thread_blocked, id=10472, stack(0x000000dd72000000,0x000000dd72100000)]
  0x00000246fba30df0 JavaThread "Unconstrained build operations Thread 7" [_thread_blocked, id=27052, stack(0x000000dd72100000,0x000000dd72200000)]
  0x00000246fba31300 JavaThread "Unconstrained build operations Thread 8" [_thread_blocked, id=21220, stack(0x000000dd72200000,0x000000dd72300000)]
  0x00000246fba2f9b0 JavaThread "Unconstrained build operations Thread 9" [_thread_blocked, id=5956, stack(0x000000dd72300000,0x000000dd72400000)]
  0x00000246fba2e060 JavaThread "Unconstrained build operations Thread 10" [_thread_blocked, id=4296, stack(0x000000dd72400000,0x000000dd72500000)]
  0x00000246fba2e570 JavaThread "Unconstrained build operations Thread 11" [_thread_blocked, id=13988, stack(0x000000dd72500000,0x000000dd72600000)]
  0x00000246fba2ef90 JavaThread "jar transforms Thread 7" [_thread_blocked, id=8380, stack(0x000000dd6ed00000,0x000000dd6ee00000)]
  0x00000246fba2fec0 JavaThread "jar transforms Thread 8" [_thread_blocked, id=20400, stack(0x000000dd71300000,0x000000dd71400000)]
  0x00000246fba303d0 JavaThread "jar transforms Thread 9" [_thread_blocked, id=25252, stack(0x000000dd72600000,0x000000dd72700000)]
  0x00000246f97164c0 JavaThread "jar transforms Thread 10" [_thread_blocked, id=25200, stack(0x000000dd72700000,0x000000dd72800000)]
  0x00000246f9714b70 JavaThread "jar transforms Thread 11" [_thread_blocked, id=1216, stack(0x000000dd72800000,0x000000dd72900000)]
  0x00000246f9715aa0 JavaThread "jar transforms Thread 12" [_thread_blocked, id=9860, stack(0x000000dd72900000,0x000000dd72a00000)]
  0x00000246f74e3910 JavaThread "C2 CompilerThread1" daemon [_thread_in_native, id=14152, stack(0x000000dd72a00000,0x000000dd72b00000)]
  0x00000246fbcad3d0 JavaThread "C2 CompilerThread2" daemon [_thread_blocked, id=24276, stack(0x000000dd72b00000,0x000000dd72c00000)]

Other Threads:
=>0x00000246f07adc60 VMThread "VM Thread" [stack: 0x000000dd6e200000,0x000000dd6e300000] [id=24128]
  0x00000246d4460520 WatcherThread [stack: 0x000000dd6ef00000,0x000000dd6f000000] [id=24768]
  0x00000246d449d750 GCTaskThread "GC Thread#0" [stack: 0x000000dd6dd00000,0x000000dd6de00000] [id=22140]
  0x00000246f0aff9d0 GCTaskThread "GC Thread#1" [stack: 0x000000dd6f100000,0x000000dd6f200000] [id=26588]
  0x00000246f0aff450 GCTaskThread "GC Thread#2" [stack: 0x000000dd6f200000,0x000000dd6f300000] [id=25036]
  0x00000246f0afe3d0 GCTaskThread "GC Thread#3" [stack: 0x000000dd6f300000,0x000000dd6f400000] [id=15292]
  0x00000246f0afe950 GCTaskThread "GC Thread#4" [stack: 0x000000dd6f400000,0x000000dd6f500000] [id=13996]
  0x00000246f0afe690 GCTaskThread "GC Thread#5" [stack: 0x000000dd6f500000,0x000000dd6f600000] [id=6816]
  0x00000246f0aff710 GCTaskThread "GC Thread#6" [stack: 0x000000dd70500000,0x000000dd70600000] [id=22544]
  0x00000246f7655000 GCTaskThread "GC Thread#7" [stack: 0x000000dd70600000,0x000000dd70700000] [id=25420]
  0x00000246f7655b00 GCTaskThread "GC Thread#8" [stack: 0x000000dd70700000,0x000000dd70800000] [id=23032]
  0x00000246f7655dc0 GCTaskThread "GC Thread#9" [stack: 0x000000dd70800000,0x000000dd70900000] [id=3208]
  0x00000246d44a65a0 ConcurrentGCThread "G1 Main Marker" [stack: 0x000000dd6de00000,0x000000dd6df00000] [id=25148]
  0x00000246d44a7660 ConcurrentGCThread "G1 Conc#0" [stack: 0x000000dd6df00000,0x000000dd6e000000] [id=17092]
  0x00000246f7653740 ConcurrentGCThread "G1 Conc#1" [stack: 0x000000dd70900000,0x000000dd70a00000] [id=4560]
  0x00000246f7654d40 ConcurrentGCThread "G1 Conc#2" [stack: 0x000000dd70a00000,0x000000dd70b00000] [id=20084]
  0x00000246d450ea60 ConcurrentGCThread "G1 Refine#0" [stack: 0x000000dd6e000000,0x000000dd6e100000] [id=24412]
  0x00000246f066e540 ConcurrentGCThread "G1 Service" [stack: 0x000000dd6e100000,0x000000dd6e200000] [id=20948]

Threads with active compile tasks:
C2 CompilerThread0  30368 12731       4       com.google.common.io.ByteStreams::read (93 bytes)
C2 CompilerThread1  30368 12506       4       org.objectweb.asm.ClassReader::readCode (5117 bytes)
C2 CompilerThread2  30368 12384       4       org.gradle.api.internal.changedetection.state.FallbackHandlingResourceHasher$$Lambda$543/0x00000246815033b0::get (12 bytes)

VM state: at safepoint (normal execution)

VM Mutex/Monitor currently owned by a thread:  ([mutex/lock_event])
[0x00000246d445b930] Threads_lock - owner thread: 0x00000246f07adc60
[0x00000246d445bc00] Heap_lock - owner thread: 0x00000246f948a280

Heap address: 0x00000000c0000000, size: 1024 MB, Compressed Oops mode: 32-bit

CDS archive(s) mapped at: [0x0000024680000000-0x0000024680bb0000-0x0000024680bb0000), size 12255232, SharedBaseAddress: 0x0000024680000000, ArchiveRelocationMode: 1.
Compressed class space mapped at: 0x0000024681000000-0x000002469b000000, reserved size: 436207616
Narrow klass base: 0x0000024680000000, Narrow klass shift: 0, Narrow klass range: 0x100000000

GC Precious Log:
 CPUs: 12 total, 12 available
 Memory: 16202M
 Large Page Support: Disabled
 NUMA Support: Disabled
 Compressed Oops: Enabled (32-bit)
 Heap Region Size: 1M
 Heap Min Capacity: 8M
 Heap Initial Capacity: 254M
 Heap Max Capacity: 1G
 Pre-touch: Disabled
 Parallel Workers: 10
 Concurrent Workers: 3
 Concurrent Refinement Workers: 10
 Periodic GC: Disabled

Heap:
 garbage-first heap   total 260096K, used 81832K [0x00000000c0000000, 0x0000000100000000)
  region size 1024K, 2 young (2048K), 2 survivors (2048K)
 Metaspace       used 104749K, committed 105344K, reserved 557056K
  class space    used 13385K, committed 13632K, reserved 425984K

Heap Regions: E=young(eden), S=young(survivor), O=old, HS=humongous(starts), HC=humongous(continues), CS=collection set, F=free, OA=open archive, CA=closed archive, TAMS=top-at-mark-start (previous, next)
|   0|0x00000000c0000000, 0x00000000c0100000, 0x00000000c0100000|100%|HS|  |TAMS 0x00000000c0100000, 0x00000000c0000000| Complete 
|   1|0x00000000c0100000, 0x00000000c0200000, 0x00000000c0200000|100%|HC|  |TAMS 0x00000000c0200000, 0x00000000c0100000| Complete 
|   2|0x00000000c0200000, 0x00000000c0300000, 0x00000000c0300000|100%|HC|  |TAMS 0x00000000c0300000, 0x00000000c0200000| Complete 
|   3|0x00000000c0300000, 0x00000000c0400000, 0x00000000c0400000|100%|HC|  |TAMS 0x00000000c0400000, 0x00000000c0300000| Complete 
|   4|0x00000000c0400000, 0x00000000c0500000, 0x00000000c0500000|100%| O|  |TAMS 0x00000000c0500000, 0x00000000c0400000| Untracked 
|   5|0x00000000c0500000, 0x00000000c0600000, 0x00000000c0600000|100%| O|  |TAMS 0x00000000c0600000, 0x00000000c0500000| Untracked 
|   6|0x00000000c0600000, 0x00000000c0700000, 0x00000000c0700000|100%| O|  |TAMS 0x00000000c0700000, 0x00000000c0600000| Untracked 
|   7|0x00000000c0700000, 0x00000000c0800000, 0x00000000c0800000|100%| O|  |TAMS 0x00000000c0800000, 0x00000000c0700000| Untracked 
|   8|0x00000000c0800000, 0x00000000c0900000, 0x00000000c0900000|100%| O|  |TAMS 0x00000000c0900000, 0x00000000c0800000| Untracked 
|   9|0x00000000c0900000, 0x00000000c0a00000, 0x00000000c0a00000|100%| O|  |TAMS 0x00000000c0a00000, 0x00000000c0900000| Untracked 
|  10|0x00000000c0a00000, 0x00000000c0a96400, 0x00000000c0b00000| 58%| O|  |TAMS 0x00000000c0a96400, 0x00000000c0a00000| Untracked 
|  11|0x00000000c0b00000, 0x00000000c0c00000, 0x00000000c0c00000|100%| O|  |TAMS 0x00000000c0c00000, 0x00000000c0b00000| Untracked 
|  12|0x00000000c0c00000, 0x00000000c0d00000, 0x00000000c0d00000|100%| O|  |TAMS 0x00000000c0d00000, 0x00000000c0c00000| Untracked 
|  13|0x00000000c0d00000, 0x00000000c0e00000, 0x00000000c0e00000|100%| O|  |TAMS 0x00000000c0e00000, 0x00000000c0d00000| Untracked 
|  14|0x00000000c0e00000, 0x00000000c0f00000, 0x00000000c0f00000|100%| O|  |TAMS 0x00000000c0f00000, 0x00000000c0e00000| Untracked 
|  15|0x00000000c0f00000, 0x00000000c1000000, 0x00000000c1000000|100%| O|  |TAMS 0x00000000c1000000, 0x00000000c0f00000| Untracked 
|  16|0x00000000c1000000, 0x00000000c1100000, 0x00000000c1100000|100%| O|  |TAMS 0x00000000c1100000, 0x00000000c1000000| Untracked 
|  17|0x00000000c1100000, 0x00000000c1200000, 0x00000000c1200000|100%| O|  |TAMS 0x00000000c1200000, 0x00000000c1100000| Untracked 
|  18|0x00000000c1200000, 0x00000000c1300000, 0x00000000c1300000|100%| O|  |TAMS 0x00000000c1300000, 0x00000000c1200000| Untracked 
|  19|0x00000000c1300000, 0x00000000c1400000, 0x00000000c1400000|100%| O|  |TAMS 0x00000000c1400000, 0x00000000c1300000| Untracked 
|  20|0x00000000c1400000, 0x00000000c1500000, 0x00000000c1500000|100%| O|  |TAMS 0x00000000c1500000, 0x00000000c1400000| Untracked 
|  21|0x00000000c1500000, 0x00000000c1600000, 0x00000000c1600000|100%| O|  |TAMS 0x00000000c1600000, 0x00000000c1500000| Untracked 
|  22|0x00000000c1600000, 0x00000000c1600000, 0x00000000c1700000|  0%| F|  |TAMS 0x00000000c1600000, 0x00000000c1600000| Untracked 
|  23|0x00000000c1700000, 0x00000000c1800000, 0x00000000c1800000|100%| O|  |TAMS 0x00000000c1800000, 0x00000000c1700000| Untracked 
|  24|0x00000000c1800000, 0x00000000c1900000, 0x00000000c1900000|100%| O|  |TAMS 0x00000000c1900000, 0x00000000c1800000| Untracked 
|  25|0x00000000c1900000, 0x00000000c1a00000, 0x00000000c1a00000|100%| O|  |TAMS 0x00000000c1a00000, 0x00000000c1900000| Untracked 
|  26|0x00000000c1a00000, 0x00000000c1b00000, 0x00000000c1b00000|100%| O|  |TAMS 0x00000000c1b00000, 0x00000000c1a00000| Untracked 
|  27|0x00000000c1b00000, 0x00000000c1c00000, 0x00000000c1c00000|100%| O|  |TAMS 0x00000000c1c00000, 0x00000000c1b00000| Untracked 
|  28|0x00000000c1c00000, 0x00000000c1d00000, 0x00000000c1d00000|100%| O|  |TAMS 0x00000000c1d00000, 0x00000000c1c00000| Untracked 
|  29|0x00000000c1d00000, 0x00000000c1e00000, 0x00000000c1e00000|100%| O|  |TAMS 0x00000000c1d00000, 0x00000000c1d00000| Untracked 
|  30|0x00000000c1e00000, 0x00000000c1f00000, 0x00000000c1f00000|100%|HS|  |TAMS 0x00000000c1f00000, 0x00000000c1e00000| Complete 
|  31|0x00000000c1f00000, 0x00000000c2000000, 0x00000000c2000000|100%| O|  |TAMS 0x00000000c1f00000, 0x00000000c1f00000| Untracked 
|  32|0x00000000c2000000, 0x00000000c2100000, 0x00000000c2100000|100%| O|  |TAMS 0x00000000c2000000, 0x00000000c2000000| Untracked 
|  33|0x00000000c2100000, 0x00000000c2200000, 0x00000000c2200000|100%| O|  |TAMS 0x00000000c2100000, 0x00000000c2100000| Untracked 
|  34|0x00000000c2200000, 0x00000000c2300000, 0x00000000c2300000|100%|HS|  |TAMS 0x00000000c2300000, 0x00000000c2200000| Complete 
|  35|0x00000000c2300000, 0x00000000c2400000, 0x00000000c2400000|100%|HC|  |TAMS 0x00000000c2400000, 0x00000000c2300000| Complete 
|  36|0x00000000c2400000, 0x00000000c2500000, 0x00000000c2500000|100%|HC|  |TAMS 0x00000000c2500000, 0x00000000c2400000| Complete 
|  37|0x00000000c2500000, 0x00000000c2600000, 0x00000000c2600000|100%|HC|  |TAMS 0x00000000c2600000, 0x00000000c2500000| Complete 
|  38|0x00000000c2600000, 0x00000000c2700000, 0x00000000c2700000|100%|HC|  |TAMS 0x00000000c2700000, 0x00000000c2600000| Complete 
|  39|0x00000000c2700000, 0x00000000c2800000, 0x00000000c2800000|100%|HC|  |TAMS 0x00000000c2800000, 0x00000000c2700000| Complete 
|  40|0x00000000c2800000, 0x00000000c2900000, 0x00000000c2900000|100%| O|  |TAMS 0x00000000c2800000, 0x00000000c2800000| Untracked 
|  41|0x00000000c2900000, 0x00000000c2a00000, 0x00000000c2a00000|100%| O|  |TAMS 0x00000000c2a00000, 0x00000000c2900000| Untracked 
|  42|0x00000000c2a00000, 0x00000000c2b00000, 0x00000000c2b00000|100%| O|  |TAMS 0x00000000c2b00000, 0x00000000c2a00000| Untracked 
|  43|0x00000000c2b00000, 0x00000000c2c00000, 0x00000000c2c00000|100%| O|  |TAMS 0x00000000c2c00000, 0x00000000c2b00000| Untracked 
|  44|0x00000000c2c00000, 0x00000000c2c00000, 0x00000000c2d00000|  0%| F|  |TAMS 0x00000000c2c00000, 0x00000000c2c00000| Untracked 
|  45|0x00000000c2d00000, 0x00000000c2d11c00, 0x00000000c2e00000|  6%| O|  |TAMS 0x00000000c2d00000, 0x00000000c2d00000| Untracked 
|  46|0x00000000c2e00000, 0x00000000c2f00000, 0x00000000c2f00000|100%|HS|  |TAMS 0x00000000c2e00000, 0x00000000c2e00000| Complete 
|  47|0x00000000c2f00000, 0x00000000c3000000, 0x00000000c3000000|100%|HC|  |TAMS 0x00000000c2f00000, 0x00000000c2f00000| Complete 
|  48|0x00000000c3000000, 0x00000000c3000000, 0x00000000c3100000|  0%| F|  |TAMS 0x00000000c3000000, 0x00000000c3000000| Untracked 
|  49|0x00000000c3100000, 0x00000000c3100000, 0x00000000c3200000|  0%| F|  |TAMS 0x00000000c3100000, 0x00000000c3100000| Untracked 
|  50|0x00000000c3200000, 0x00000000c3300000, 0x00000000c3300000|100%| O|  |TAMS 0x00000000c3300000, 0x00000000c3200000| Untracked 
|  51|0x00000000c3300000, 0x00000000c3400000, 0x00000000c3400000|100%| O|  |TAMS 0x00000000c3400000, 0x00000000c3300000| Untracked 
|  52|0x00000000c3400000, 0x00000000c3500000, 0x00000000c3500000|100%| O|  |TAMS 0x00000000c3500000, 0x00000000c3400000| Untracked 
|  53|0x00000000c3500000, 0x00000000c3600000, 0x00000000c3600000|100%| O|  |TAMS 0x00000000c3600000, 0x00000000c3500000| Untracked 
|  54|0x00000000c3600000, 0x00000000c3700000, 0x00000000c3700000|100%| O|  |TAMS 0x00000000c3700000, 0x00000000c3600000| Untracked 
|  55|0x00000000c3700000, 0x00000000c3800000, 0x00000000c3800000|100%| O|  |TAMS 0x00000000c3800000, 0x00000000c3700000| Untracked 
|  56|0x00000000c3800000, 0x00000000c3900000, 0x00000000c3900000|100%| O|  |TAMS 0x00000000c3900000, 0x00000000c3800000| Untracked 
|  57|0x00000000c3900000, 0x00000000c3a00000, 0x00000000c3a00000|100%| O|  |TAMS 0x00000000c3a00000, 0x00000000c3900000| Untracked 
|  58|0x00000000c3a00000, 0x00000000c3b00000, 0x00000000c3b00000|100%| O|  |TAMS 0x00000000c3b00000, 0x00000000c3a00000| Untracked 
|  59|0x00000000c3b00000, 0x00000000c3c00000, 0x00000000c3c00000|100%| O|  |TAMS 0x00000000c3c00000, 0x00000000c3b00000| Untracked 
|  60|0x00000000c3c00000, 0x00000000c3d00000, 0x00000000c3d00000|100%| O|  |TAMS 0x00000000c3d00000, 0x00000000c3c00000| Untracked 
|  61|0x00000000c3d00000, 0x00000000c3e00000, 0x00000000c3e00000|100%| O|  |TAMS 0x00000000c3e00000, 0x00000000c3d00000| Untracked 
|  62|0x00000000c3e00000, 0x00000000c3f00000, 0x00000000c3f00000|100%| O|  |TAMS 0x00000000c3f00000, 0x00000000c3e00000| Untracked 
|  63|0x00000000c3f00000, 0x00000000c3f00000, 0x00000000c4000000|  0%| F|  |TAMS 0x00000000c3f00000, 0x00000000c3f00000| Untracked 
|  64|0x00000000c4000000, 0x00000000c4000000, 0x00000000c4100000|  0%| F|  |TAMS 0x00000000c4000000, 0x00000000c4000000| Untracked 
|  65|0x00000000c4100000, 0x00000000c4100000, 0x00000000c4200000|  0%| F|  |TAMS 0x00000000c4100000, 0x00000000c4100000| Untracked 
|  66|0x00000000c4200000, 0x00000000c4200000, 0x00000000c4300000|  0%| F|  |TAMS 0x00000000c4200000, 0x00000000c4200000| Untracked 
|  67|0x00000000c4300000, 0x00000000c4400000, 0x00000000c4400000|100%| O|  |TAMS 0x00000000c4400000, 0x00000000c4300000| Untracked 
|  68|0x00000000c4400000, 0x00000000c4500000, 0x00000000c4500000|100%| O|  |TAMS 0x00000000c4500000, 0x00000000c4400000| Untracked 
|  69|0x00000000c4500000, 0x00000000c4600000, 0x00000000c4600000|100%| O|  |TAMS 0x00000000c4600000, 0x00000000c4500000| Untracked 
|  70|0x00000000c4600000, 0x00000000c4700000, 0x00000000c4700000|100%| O|  |TAMS 0x00000000c4700000, 0x00000000c4600000| Untracked 
|  71|0x00000000c4700000, 0x00000000c4800000, 0x00000000c4800000|100%| O|  |TAMS 0x00000000c4800000, 0x00000000c4700000| Untracked 
|  72|0x00000000c4800000, 0x00000000c4900000, 0x00000000c4900000|100%| O|  |TAMS 0x00000000c4900000, 0x00000000c4800000| Untracked 
|  73|0x00000000c4900000, 0x00000000c4900000, 0x00000000c4a00000|  0%| F|  |TAMS 0x00000000c4900000, 0x00000000c4900000| Untracked 
|  74|0x00000000c4a00000, 0x00000000c4a00000, 0x00000000c4b00000|  0%| F|  |TAMS 0x00000000c4a00000, 0x00000000c4a00000| Untracked 
|  75|0x00000000c4b00000, 0x00000000c4b00000, 0x00000000c4c00000|  0%| F|  |TAMS 0x00000000c4b00000, 0x00000000c4b00000| Untracked 
|  76|0x00000000c4c00000, 0x00000000c4c00000, 0x00000000c4d00000|  0%| F|  |TAMS 0x00000000c4c00000, 0x00000000c4c00000| Untracked 
|  77|0x00000000c4d00000, 0x00000000c4d00000, 0x00000000c4e00000|  0%| F|  |TAMS 0x00000000c4d00000, 0x00000000c4d00000| Untracked 
|  78|0x00000000c4e00000, 0x00000000c4f00000, 0x00000000c4f00000|100%| O|  |TAMS 0x00000000c4f00000, 0x00000000c4e00000| Untracked 
|  79|0x00000000c4f00000, 0x00000000c5000000, 0x00000000c5000000|100%| O|  |TAMS 0x00000000c5000000, 0x00000000c4f00000| Untracked 
|  80|0x00000000c5000000, 0x00000000c5000000, 0x00000000c5100000|  0%| F|  |TAMS 0x00000000c5000000, 0x00000000c5000000| Untracked 
|  81|0x00000000c5100000, 0x00000000c5100000, 0x00000000c5200000|  0%| F|  |TAMS 0x00000000c5100000, 0x00000000c5100000| Untracked 
|  82|0x00000000c5200000, 0x00000000c5200000, 0x00000000c5300000|  0%| F|  |TAMS 0x00000000c5200000, 0x00000000c5200000| Untracked 
|  83|0x00000000c5300000, 0x00000000c5400000, 0x00000000c5400000|100%| O|  |TAMS 0x00000000c5400000, 0x00000000c5300000| Untracked 
|  84|0x00000000c5400000, 0x00000000c5500000, 0x00000000c5500000|100%| O|  |TAMS 0x00000000c5500000, 0x00000000c5400000| Untracked 
|  85|0x00000000c5500000, 0x00000000c5600000, 0x00000000c5600000|100%| O|  |TAMS 0x00000000c5600000, 0x00000000c5500000| Untracked 
|  86|0x00000000c5600000, 0x00000000c5700000, 0x00000000c5700000|100%| O|  |TAMS 0x00000000c5700000, 0x00000000c5600000| Untracked 
|  87|0x00000000c5700000, 0x00000000c5800000, 0x00000000c5800000|100%| O|  |TAMS 0x00000000c5800000, 0x00000000c5700000| Untracked 
|  88|0x00000000c5800000, 0x00000000c5900000, 0x00000000c5900000|100%|HS|  |TAMS 0x00000000c5900000, 0x00000000c5800000| Complete 
|  89|0x00000000c5900000, 0x00000000c5a00000, 0x00000000c5a00000|100%|HS|  |TAMS 0x00000000c5a00000, 0x00000000c5900000| Complete 
|  90|0x00000000c5a00000, 0x00000000c5b00000, 0x00000000c5b00000|100%| O|  |TAMS 0x00000000c5b00000, 0x00000000c5a00000| Untracked 
|  91|0x00000000c5b00000, 0x00000000c5c00000, 0x00000000c5c00000|100%| O|  |TAMS 0x00000000c5c00000, 0x00000000c5b00000| Untracked 
|  92|0x00000000c5c00000, 0x00000000c5d00000, 0x00000000c5d00000|100%| O|  |TAMS 0x00000000c5d00000, 0x00000000c5c00000| Untracked 
|  93|0x00000000c5d00000, 0x00000000c5e00000, 0x00000000c5e00000|100%| O|  |TAMS 0x00000000c5e00000, 0x00000000c5d00000| Untracked 
|  94|0x00000000c5e00000, 0x00000000c5f00000, 0x00000000c5f00000|100%| O|  |TAMS 0x00000000c5f00000, 0x00000000c5e00000| Untracked 
|  95|0x00000000c5f00000, 0x00000000c6000000, 0x00000000c6000000|100%| O|  |TAMS 0x00000000c5fa4200, 0x00000000c5f00000| Untracked 
|  96|0x00000000c6000000, 0x00000000c6000000, 0x00000000c6100000|  0%| F|  |TAMS 0x00000000c6000000, 0x00000000c6000000| Untracked 
|  97|0x00000000c6100000, 0x00000000c6100000, 0x00000000c6200000|  0%| F|  |TAMS 0x00000000c6100000, 0x00000000c6100000| Untracked 
|  98|0x00000000c6200000, 0x00000000c6200000, 0x00000000c6300000|  0%| F|  |TAMS 0x00000000c6200000, 0x00000000c6200000| Untracked 
|  99|0x00000000c6300000, 0x00000000c6300000, 0x00000000c6400000|  0%| F|  |TAMS 0x00000000c6300000, 0x00000000c6300000| Untracked 
| 100|0x00000000c6400000, 0x00000000c6400000, 0x00000000c6500000|  0%| F|  |TAMS 0x00000000c6400000, 0x00000000c6400000| Untracked 
| 101|0x00000000c6500000, 0x00000000c6500000, 0x00000000c6600000|  0%| F|  |TAMS 0x00000000c6500000, 0x00000000c6500000| Untracked 
| 102|0x00000000c6600000, 0x00000000c6600000, 0x00000000c6700000|  0%| F|  |TAMS 0x00000000c6600000, 0x00000000c6600000| Untracked 
| 103|0x00000000c6700000, 0x00000000c6700000, 0x00000000c6800000|  0%| F|  |TAMS 0x00000000c6700000, 0x00000000c6700000| Untracked 
| 104|0x00000000c6800000, 0x00000000c6800000, 0x00000000c6900000|  0%| F|  |TAMS 0x00000000c6800000, 0x00000000c6800000| Untracked 
| 105|0x00000000c6900000, 0x00000000c6900000, 0x00000000c6a00000|  0%| F|  |TAMS 0x00000000c6900000, 0x00000000c6900000| Untracked 
| 106|0x00000000c6a00000, 0x00000000c6a00000, 0x00000000c6b00000|  0%| F|  |TAMS 0x00000000c6a00000, 0x00000000c6a00000| Untracked 
| 107|0x00000000c6b00000, 0x00000000c6b00000, 0x00000000c6c00000|  0%| F|  |TAMS 0x00000000c6b00000, 0x00000000c6b00000| Untracked 
| 108|0x00000000c6c00000, 0x00000000c6c00000, 0x00000000c6d00000|  0%| F|  |TAMS 0x00000000c6c00000, 0x00000000c6c00000| Untracked 
| 109|0x00000000c6d00000, 0x00000000c6d421d0, 0x00000000c6e00000| 25%| S|CS|TAMS 0x00000000c6d00000, 0x00000000c6d00000| Complete 
| 110|0x00000000c6e00000, 0x00000000c6f00000, 0x00000000c6f00000|100%| S|CS|TAMS 0x00000000c6e00000, 0x00000000c6e00000| Complete 
| 111|0x00000000c6f00000, 0x00000000c6f00000, 0x00000000c7000000|  0%| F|  |TAMS 0x00000000c6f00000, 0x00000000c6f00000| Untracked 
| 112|0x00000000c7000000, 0x00000000c7000000, 0x00000000c7100000|  0%| F|  |TAMS 0x00000000c7000000, 0x00000000c7000000| Untracked 
| 113|0x00000000c7100000, 0x00000000c7100000, 0x00000000c7200000|  0%| F|  |TAMS 0x00000000c7100000, 0x00000000c7100000| Untracked 
| 114|0x00000000c7200000, 0x00000000c7200000, 0x00000000c7300000|  0%| F|  |TAMS 0x00000000c7200000, 0x00000000c7200000| Untracked 
| 115|0x00000000c7300000, 0x00000000c7300000, 0x00000000c7400000|  0%| F|  |TAMS 0x00000000c7300000, 0x00000000c7300000| Untracked 
| 116|0x00000000c7400000, 0x00000000c7400000, 0x00000000c7500000|  0%| F|  |TAMS 0x00000000c7400000, 0x00000000c7400000| Untracked 
| 117|0x00000000c7500000, 0x00000000c7500000, 0x00000000c7600000|  0%| F|  |TAMS 0x00000000c7500000, 0x00000000c7500000| Untracked 
| 118|0x00000000c7600000, 0x00000000c7600000, 0x00000000c7700000|  0%| F|  |TAMS 0x00000000c7600000, 0x00000000c7600000| Untracked 
| 119|0x00000000c7700000, 0x00000000c7700000, 0x00000000c7800000|  0%| F|  |TAMS 0x00000000c7700000, 0x00000000c7700000| Untracked 
| 120|0x00000000c7800000, 0x00000000c7800000, 0x00000000c7900000|  0%| F|  |TAMS 0x00000000c7800000, 0x00000000c7800000| Untracked 
| 121|0x00000000c7900000, 0x00000000c7900000, 0x00000000c7a00000|  0%| F|  |TAMS 0x00000000c7900000, 0x00000000c7900000| Untracked 
| 122|0x00000000c7a00000, 0x00000000c7a00000, 0x00000000c7b00000|  0%| F|  |TAMS 0x00000000c7a00000, 0x00000000c7a00000| Untracked 
| 123|0x00000000c7b00000, 0x00000000c7b00000, 0x00000000c7c00000|  0%| F|  |TAMS 0x00000000c7b00000, 0x00000000c7b00000| Untracked 
| 124|0x00000000c7c00000, 0x00000000c7c00000, 0x00000000c7d00000|  0%| F|  |TAMS 0x00000000c7c00000, 0x00000000c7c00000| Untracked 
| 125|0x00000000c7d00000, 0x00000000c7d00000, 0x00000000c7e00000|  0%| F|  |TAMS 0x00000000c7d00000, 0x00000000c7d00000| Untracked 
| 126|0x00000000c7e00000, 0x00000000c7e00000, 0x00000000c7f00000|  0%| F|  |TAMS 0x00000000c7e00000, 0x00000000c7e00000| Untracked 
| 127|0x00000000c7f00000, 0x00000000c7f00000, 0x00000000c8000000|  0%| F|  |TAMS 0x00000000c7f00000, 0x00000000c7f00000| Untracked 
| 128|0x00000000c8000000, 0x00000000c8000000, 0x00000000c8100000|  0%| F|  |TAMS 0x00000000c8000000, 0x00000000c8000000| Untracked 
| 129|0x00000000c8100000, 0x00000000c8100000, 0x00000000c8200000|  0%| F|  |TAMS 0x00000000c8100000, 0x00000000c8100000| Untracked 
| 130|0x00000000c8200000, 0x00000000c8200000, 0x00000000c8300000|  0%| F|  |TAMS 0x00000000c8200000, 0x00000000c8200000| Untracked 
| 131|0x00000000c8300000, 0x00000000c8300000, 0x00000000c8400000|  0%| F|  |TAMS 0x00000000c8300000, 0x00000000c8300000| Untracked 
| 132|0x00000000c8400000, 0x00000000c8400000, 0x00000000c8500000|  0%| F|  |TAMS 0x00000000c8400000, 0x00000000c8400000| Untracked 
| 133|0x00000000c8500000, 0x00000000c8500000, 0x00000000c8600000|  0%| F|  |TAMS 0x00000000c8500000, 0x00000000c8500000| Untracked 
| 134|0x00000000c8600000, 0x00000000c8600000, 0x00000000c8700000|  0%| F|  |TAMS 0x00000000c8600000, 0x00000000c8600000| Untracked 
| 135|0x00000000c8700000, 0x00000000c8700000, 0x00000000c8800000|  0%| F|  |TAMS 0x00000000c8700000, 0x00000000c8700000| Untracked 
| 136|0x00000000c8800000, 0x00000000c8800000, 0x00000000c8900000|  0%| F|  |TAMS 0x00000000c8800000, 0x00000000c8800000| Untracked 
| 137|0x00000000c8900000, 0x00000000c8900000, 0x00000000c8a00000|  0%| F|  |TAMS 0x00000000c8900000, 0x00000000c8900000| Untracked 
| 138|0x00000000c8a00000, 0x00000000c8a00000, 0x00000000c8b00000|  0%| F|  |TAMS 0x00000000c8a00000, 0x00000000c8a00000| Untracked 
| 139|0x00000000c8b00000, 0x00000000c8b00000, 0x00000000c8c00000|  0%| F|  |TAMS 0x00000000c8b00000, 0x00000000c8b00000| Untracked 
| 140|0x00000000c8c00000, 0x00000000c8c00000, 0x00000000c8d00000|  0%| F|  |TAMS 0x00000000c8c00000, 0x00000000c8c00000| Untracked 
| 141|0x00000000c8d00000, 0x00000000c8d00000, 0x00000000c8e00000|  0%| F|  |TAMS 0x00000000c8d00000, 0x00000000c8d00000| Untracked 
| 142|0x00000000c8e00000, 0x00000000c8e00000, 0x00000000c8f00000|  0%| F|  |TAMS 0x00000000c8e00000, 0x00000000c8e00000| Untracked 
| 143|0x00000000c8f00000, 0x00000000c8f00000, 0x00000000c9000000|  0%| F|  |TAMS 0x00000000c8f00000, 0x00000000c8f00000| Untracked 
| 144|0x00000000c9000000, 0x00000000c9000000, 0x00000000c9100000|  0%| F|  |TAMS 0x00000000c9000000, 0x00000000c9000000| Untracked 
| 145|0x00000000c9100000, 0x00000000c9100000, 0x00000000c9200000|  0%| F|  |TAMS 0x00000000c9100000, 0x00000000c9100000| Untracked 
| 146|0x00000000c9200000, 0x00000000c9200000, 0x00000000c9300000|  0%| F|  |TAMS 0x00000000c9200000, 0x00000000c9200000| Untracked 
| 147|0x00000000c9300000, 0x00000000c9300000, 0x00000000c9400000|  0%| F|  |TAMS 0x00000000c9300000, 0x00000000c9300000| Untracked 
| 148|0x00000000c9400000, 0x00000000c9400000, 0x00000000c9500000|  0%| F|  |TAMS 0x00000000c9400000, 0x00000000c9400000| Untracked 
| 149|0x00000000c9500000, 0x00000000c9500000, 0x00000000c9600000|  0%| F|  |TAMS 0x00000000c9500000, 0x00000000c9500000| Untracked 
| 150|0x00000000c9600000, 0x00000000c9600000, 0x00000000c9700000|  0%| F|  |TAMS 0x00000000c9600000, 0x00000000c9600000| Untracked 
| 151|0x00000000c9700000, 0x00000000c9700000, 0x00000000c9800000|  0%| F|  |TAMS 0x00000000c9700000, 0x00000000c9700000| Untracked 
| 152|0x00000000c9800000, 0x00000000c9800000, 0x00000000c9900000|  0%| F|  |TAMS 0x00000000c9800000, 0x00000000c9800000| Untracked 
| 153|0x00000000c9900000, 0x00000000c9900000, 0x00000000c9a00000|  0%| F|  |TAMS 0x00000000c9900000, 0x00000000c9900000| Untracked 
| 154|0x00000000c9a00000, 0x00000000c9a00000, 0x00000000c9b00000|  0%| F|  |TAMS 0x00000000c9a00000, 0x00000000c9a00000| Untracked 
| 155|0x00000000c9b00000, 0x00000000c9b00000, 0x00000000c9c00000|  0%| F|  |TAMS 0x00000000c9b00000, 0x00000000c9b00000| Untracked 
| 156|0x00000000c9c00000, 0x00000000c9c00000, 0x00000000c9d00000|  0%| F|  |TAMS 0x00000000c9c00000, 0x00000000c9c00000| Untracked 
| 157|0x00000000c9d00000, 0x00000000c9d00000, 0x00000000c9e00000|  0%| F|  |TAMS 0x00000000c9d00000, 0x00000000c9d00000| Untracked 
| 158|0x00000000c9e00000, 0x00000000c9e00000, 0x00000000c9f00000|  0%| F|  |TAMS 0x00000000c9e00000, 0x00000000c9e00000| Untracked 
| 159|0x00000000c9f00000, 0x00000000c9f00000, 0x00000000ca000000|  0%| F|  |TAMS 0x00000000c9f00000, 0x00000000c9f00000| Untracked 
| 160|0x00000000ca000000, 0x00000000ca000000, 0x00000000ca100000|  0%| F|  |TAMS 0x00000000ca000000, 0x00000000ca000000| Untracked 
| 161|0x00000000ca100000, 0x00000000ca100000, 0x00000000ca200000|  0%| F|  |TAMS 0x00000000ca100000, 0x00000000ca100000| Untracked 
| 162|0x00000000ca200000, 0x00000000ca200000, 0x00000000ca300000|  0%| F|  |TAMS 0x00000000ca200000, 0x00000000ca200000| Untracked 
| 163|0x00000000ca300000, 0x00000000ca300000, 0x00000000ca400000|  0%| F|  |TAMS 0x00000000ca300000, 0x00000000ca300000| Untracked 
| 164|0x00000000ca400000, 0x00000000ca400000, 0x00000000ca500000|  0%| F|  |TAMS 0x00000000ca400000, 0x00000000ca400000| Untracked 
| 165|0x00000000ca500000, 0x00000000ca500000, 0x00000000ca600000|  0%| F|  |TAMS 0x00000000ca500000, 0x00000000ca500000| Untracked 
| 166|0x00000000ca600000, 0x00000000ca600000, 0x00000000ca700000|  0%| F|  |TAMS 0x00000000ca600000, 0x00000000ca600000| Untracked 
| 167|0x00000000ca700000, 0x00000000ca700000, 0x00000000ca800000|  0%| F|  |TAMS 0x00000000ca700000, 0x00000000ca700000| Untracked 
| 168|0x00000000ca800000, 0x00000000ca800000, 0x00000000ca900000|  0%| F|  |TAMS 0x00000000ca800000, 0x00000000ca800000| Untracked 
| 169|0x00000000ca900000, 0x00000000ca900000, 0x00000000caa00000|  0%| F|  |TAMS 0x00000000ca900000, 0x00000000ca900000| Untracked 
| 170|0x00000000caa00000, 0x00000000caa00000, 0x00000000cab00000|  0%| F|  |TAMS 0x00000000caa00000, 0x00000000caa00000| Untracked 
| 171|0x00000000cab00000, 0x00000000cab00000, 0x00000000cac00000|  0%| F|  |TAMS 0x00000000cab00000, 0x00000000cab00000| Untracked 
| 172|0x00000000cac00000, 0x00000000cac00000, 0x00000000cad00000|  0%| F|  |TAMS 0x00000000cac00000, 0x00000000cac00000| Untracked 
| 173|0x00000000cad00000, 0x00000000cad00000, 0x00000000cae00000|  0%| F|  |TAMS 0x00000000cad00000, 0x00000000cad00000| Untracked 
| 174|0x00000000cae00000, 0x00000000cae00000, 0x00000000caf00000|  0%| F|  |TAMS 0x00000000cae00000, 0x00000000cae00000| Untracked 
| 175|0x00000000caf00000, 0x00000000caf00000, 0x00000000cb000000|  0%| F|  |TAMS 0x00000000caf00000, 0x00000000caf00000| Untracked 
| 176|0x00000000cb000000, 0x00000000cb000000, 0x00000000cb100000|  0%| F|  |TAMS 0x00000000cb000000, 0x00000000cb000000| Untracked 
| 177|0x00000000cb100000, 0x00000000cb100000, 0x00000000cb200000|  0%| F|  |TAMS 0x00000000cb100000, 0x00000000cb100000| Untracked 
| 178|0x00000000cb200000, 0x00000000cb200000, 0x00000000cb300000|  0%| F|  |TAMS 0x00000000cb200000, 0x00000000cb200000| Untracked 
| 179|0x00000000cb300000, 0x00000000cb300000, 0x00000000cb400000|  0%| F|  |TAMS 0x00000000cb300000, 0x00000000cb300000| Untracked 
| 180|0x00000000cb400000, 0x00000000cb400000, 0x00000000cb500000|  0%| F|  |TAMS 0x00000000cb400000, 0x00000000cb400000| Untracked 
| 181|0x00000000cb500000, 0x00000000cb500000, 0x00000000cb600000|  0%| F|  |TAMS 0x00000000cb500000, 0x00000000cb500000| Untracked 
| 182|0x00000000cb600000, 0x00000000cb600000, 0x00000000cb700000|  0%| F|  |TAMS 0x00000000cb600000, 0x00000000cb600000| Untracked 
| 183|0x00000000cb700000, 0x00000000cb700000, 0x00000000cb800000|  0%| F|  |TAMS 0x00000000cb700000, 0x00000000cb700000| Untracked 
| 184|0x00000000cb800000, 0x00000000cb800000, 0x00000000cb900000|  0%| F|  |TAMS 0x00000000cb800000, 0x00000000cb800000| Untracked 
| 185|0x00000000cb900000, 0x00000000cb900000, 0x00000000cba00000|  0%| F|  |TAMS 0x00000000cb900000, 0x00000000cb900000| Untracked 
| 186|0x00000000cba00000, 0x00000000cba00000, 0x00000000cbb00000|  0%| F|  |TAMS 0x00000000cba00000, 0x00000000cba00000| Untracked 
| 187|0x00000000cbb00000, 0x00000000cbb00000, 0x00000000cbc00000|  0%| F|  |TAMS 0x00000000cbb00000, 0x00000000cbb00000| Untracked 
| 188|0x00000000cbc00000, 0x00000000cbc00000, 0x00000000cbd00000|  0%| F|  |TAMS 0x00000000cbc00000, 0x00000000cbc00000| Untracked 
| 189|0x00000000cbd00000, 0x00000000cbd00000, 0x00000000cbe00000|  0%| F|  |TAMS 0x00000000cbd00000, 0x00000000cbd00000| Untracked 
| 190|0x00000000cbe00000, 0x00000000cbe00000, 0x00000000cbf00000|  0%| F|  |TAMS 0x00000000cbe00000, 0x00000000cbe00000| Untracked 
| 191|0x00000000cbf00000, 0x00000000cbf00000, 0x00000000cc000000|  0%| F|  |TAMS 0x00000000cbf00000, 0x00000000cbf00000| Untracked 
| 192|0x00000000cc000000, 0x00000000cc000000, 0x00000000cc100000|  0%| F|  |TAMS 0x00000000cc000000, 0x00000000cc000000| Untracked 
| 193|0x00000000cc100000, 0x00000000cc100000, 0x00000000cc200000|  0%| F|  |TAMS 0x00000000cc100000, 0x00000000cc100000| Untracked 
| 194|0x00000000cc200000, 0x00000000cc200000, 0x00000000cc300000|  0%| F|  |TAMS 0x00000000cc200000, 0x00000000cc200000| Untracked 
| 195|0x00000000cc300000, 0x00000000cc300000, 0x00000000cc400000|  0%| F|  |TAMS 0x00000000cc300000, 0x00000000cc300000| Untracked 
| 196|0x00000000cc400000, 0x00000000cc400000, 0x00000000cc500000|  0%| F|  |TAMS 0x00000000cc400000, 0x00000000cc400000| Untracked 
| 197|0x00000000cc500000, 0x00000000cc500000, 0x00000000cc600000|  0%| F|  |TAMS 0x00000000cc500000, 0x00000000cc500000| Untracked 
| 198|0x00000000cc600000, 0x00000000cc600000, 0x00000000cc700000|  0%| F|  |TAMS 0x00000000cc600000, 0x00000000cc600000| Untracked 
| 199|0x00000000cc700000, 0x00000000cc700000, 0x00000000cc800000|  0%| F|  |TAMS 0x00000000cc700000, 0x00000000cc700000| Untracked 
| 200|0x00000000cc800000, 0x00000000cc800000, 0x00000000cc900000|  0%| F|  |TAMS 0x00000000cc800000, 0x00000000cc800000| Untracked 
| 201|0x00000000cc900000, 0x00000000cc900000, 0x00000000cca00000|  0%| F|  |TAMS 0x00000000cc900000, 0x00000000cc900000| Untracked 
| 202|0x00000000cca00000, 0x00000000cca00000, 0x00000000ccb00000|  0%| F|  |TAMS 0x00000000cca00000, 0x00000000cca00000| Untracked 
| 203|0x00000000ccb00000, 0x00000000ccb00000, 0x00000000ccc00000|  0%| F|  |TAMS 0x00000000ccb00000, 0x00000000ccb00000| Untracked 
| 204|0x00000000ccc00000, 0x00000000ccc00000, 0x00000000ccd00000|  0%| F|  |TAMS 0x00000000ccc00000, 0x00000000ccc00000| Untracked 
| 205|0x00000000ccd00000, 0x00000000ccd00000, 0x00000000cce00000|  0%| F|  |TAMS 0x00000000ccd00000, 0x00000000ccd00000| Untracked 
| 206|0x00000000cce00000, 0x00000000cce00000, 0x00000000ccf00000|  0%| F|  |TAMS 0x00000000cce00000, 0x00000000cce00000| Untracked 
| 207|0x00000000ccf00000, 0x00000000ccf00000, 0x00000000cd000000|  0%| F|  |TAMS 0x00000000ccf00000, 0x00000000ccf00000| Untracked 
| 208|0x00000000cd000000, 0x00000000cd000000, 0x00000000cd100000|  0%| F|  |TAMS 0x00000000cd000000, 0x00000000cd000000| Untracked 
| 209|0x00000000cd100000, 0x00000000cd100000, 0x00000000cd200000|  0%| F|  |TAMS 0x00000000cd100000, 0x00000000cd100000| Untracked 
| 210|0x00000000cd200000, 0x00000000cd200000, 0x00000000cd300000|  0%| F|  |TAMS 0x00000000cd200000, 0x00000000cd200000| Untracked 
| 211|0x00000000cd300000, 0x00000000cd300000, 0x00000000cd400000|  0%| F|  |TAMS 0x00000000cd300000, 0x00000000cd300000| Untracked 
| 212|0x00000000cd400000, 0x00000000cd400000, 0x00000000cd500000|  0%| F|  |TAMS 0x00000000cd400000, 0x00000000cd400000| Untracked 
| 213|0x00000000cd500000, 0x00000000cd500000, 0x00000000cd600000|  0%| F|  |TAMS 0x00000000cd500000, 0x00000000cd500000| Untracked 
| 214|0x00000000cd600000, 0x00000000cd600000, 0x00000000cd700000|  0%| F|  |TAMS 0x00000000cd600000, 0x00000000cd600000| Untracked 
| 215|0x00000000cd700000, 0x00000000cd700000, 0x00000000cd800000|  0%| F|  |TAMS 0x00000000cd700000, 0x00000000cd700000| Untracked 
| 216|0x00000000cd800000, 0x00000000cd800000, 0x00000000cd900000|  0%| F|  |TAMS 0x00000000cd800000, 0x00000000cd800000| Untracked 
| 217|0x00000000cd900000, 0x00000000cd900000, 0x00000000cda00000|  0%| F|  |TAMS 0x00000000cd900000, 0x00000000cd900000| Untracked 
| 218|0x00000000cda00000, 0x00000000cda00000, 0x00000000cdb00000|  0%| F|  |TAMS 0x00000000cda00000, 0x00000000cda00000| Untracked 
| 219|0x00000000cdb00000, 0x00000000cdb00000, 0x00000000cdc00000|  0%| F|  |TAMS 0x00000000cdb00000, 0x00000000cdb00000| Untracked 
| 220|0x00000000cdc00000, 0x00000000cdc00000, 0x00000000cdd00000|  0%| F|  |TAMS 0x00000000cdc00000, 0x00000000cdc00000| Untracked 
| 221|0x00000000cdd00000, 0x00000000cdd00000, 0x00000000cde00000|  0%| F|  |TAMS 0x00000000cdd00000, 0x00000000cdd00000| Untracked 
| 222|0x00000000cde00000, 0x00000000cde00000, 0x00000000cdf00000|  0%| F|  |TAMS 0x00000000cde00000, 0x00000000cde00000| Untracked 
| 223|0x00000000cdf00000, 0x00000000cdf00000, 0x00000000ce000000|  0%| F|  |TAMS 0x00000000cdf00000, 0x00000000cdf00000| Untracked 
| 224|0x00000000ce000000, 0x00000000ce000000, 0x00000000ce100000|  0%| F|  |TAMS 0x00000000ce000000, 0x00000000ce000000| Untracked 
| 225|0x00000000ce100000, 0x00000000ce100000, 0x00000000ce200000|  0%| F|  |TAMS 0x00000000ce100000, 0x00000000ce100000| Untracked 
| 226|0x00000000ce200000, 0x00000000ce200000, 0x00000000ce300000|  0%| F|  |TAMS 0x00000000ce200000, 0x00000000ce200000| Untracked 
| 227|0x00000000ce300000, 0x00000000ce300000, 0x00000000ce400000|  0%| F|  |TAMS 0x00000000ce300000, 0x00000000ce300000| Untracked 
| 228|0x00000000ce400000, 0x00000000ce400000, 0x00000000ce500000|  0%| F|  |TAMS 0x00000000ce400000, 0x00000000ce400000| Untracked 
| 229|0x00000000ce500000, 0x00000000ce500000, 0x00000000ce600000|  0%| F|  |TAMS 0x00000000ce500000, 0x00000000ce500000| Untracked 
| 230|0x00000000ce600000, 0x00000000ce600000, 0x00000000ce700000|  0%| F|  |TAMS 0x00000000ce600000, 0x00000000ce600000| Untracked 
| 231|0x00000000ce700000, 0x00000000ce700000, 0x00000000ce800000|  0%| F|  |TAMS 0x00000000ce700000, 0x00000000ce700000| Untracked 
| 232|0x00000000ce800000, 0x00000000ce800000, 0x00000000ce900000|  0%| F|  |TAMS 0x00000000ce800000, 0x00000000ce800000| Untracked 
| 233|0x00000000ce900000, 0x00000000ce900000, 0x00000000cea00000|  0%| F|  |TAMS 0x00000000ce900000, 0x00000000ce900000| Untracked 
| 234|0x00000000cea00000, 0x00000000cea00000, 0x00000000ceb00000|  0%| F|  |TAMS 0x00000000cea00000, 0x00000000cea00000| Untracked 
| 235|0x00000000ceb00000, 0x00000000ceb00000, 0x00000000cec00000|  0%| F|  |TAMS 0x00000000ceb00000, 0x00000000ceb00000| Untracked 
| 236|0x00000000cec00000, 0x00000000cec00000, 0x00000000ced00000|  0%| F|  |TAMS 0x00000000cec00000, 0x00000000cec00000| Untracked 
| 237|0x00000000ced00000, 0x00000000ced00000, 0x00000000cee00000|  0%| F|  |TAMS 0x00000000ced00000, 0x00000000ced00000| Untracked 
| 238|0x00000000cee00000, 0x00000000cee00000, 0x00000000cef00000|  0%| F|  |TAMS 0x00000000cee00000, 0x00000000cee00000| Untracked 
| 239|0x00000000cef00000, 0x00000000cef00000, 0x00000000cf000000|  0%| F|  |TAMS 0x00000000cef00000, 0x00000000cef00000| Untracked 
| 240|0x00000000cf000000, 0x00000000cf000000, 0x00000000cf100000|  0%| F|  |TAMS 0x00000000cf000000, 0x00000000cf000000| Untracked 
| 241|0x00000000cf100000, 0x00000000cf100000, 0x00000000cf200000|  0%| F|  |TAMS 0x00000000cf100000, 0x00000000cf100000| Untracked 
| 242|0x00000000cf200000, 0x00000000cf200000, 0x00000000cf300000|  0%| F|  |TAMS 0x00000000cf200000, 0x00000000cf200000| Untracked 
| 243|0x00000000cf300000, 0x00000000cf300000, 0x00000000cf400000|  0%| F|  |TAMS 0x00000000cf300000, 0x00000000cf300000| Untracked 
| 244|0x00000000cf400000, 0x00000000cf400000, 0x00000000cf500000|  0%| F|  |TAMS 0x00000000cf400000, 0x00000000cf400000| Untracked 
| 245|0x00000000cf500000, 0x00000000cf500000, 0x00000000cf600000|  0%| F|  |TAMS 0x00000000cf500000, 0x00000000cf500000| Untracked 
| 246|0x00000000cf600000, 0x00000000cf600000, 0x00000000cf700000|  0%| F|  |TAMS 0x00000000cf600000, 0x00000000cf600000| Untracked 
| 247|0x00000000cf700000, 0x00000000cf700000, 0x00000000cf800000|  0%| F|  |TAMS 0x00000000cf700000, 0x00000000cf700000| Untracked 
| 248|0x00000000cf800000, 0x00000000cf800000, 0x00000000cf900000|  0%| F|  |TAMS 0x00000000cf800000, 0x00000000cf800000| Untracked 
| 249|0x00000000cf900000, 0x00000000cf900000, 0x00000000cfa00000|  0%| F|  |TAMS 0x00000000cf900000, 0x00000000cf900000| Untracked 
| 250|0x00000000cfa00000, 0x00000000cfa00000, 0x00000000cfb00000|  0%| F|  |TAMS 0x00000000cfa00000, 0x00000000cfa00000| Untracked 
| 251|0x00000000cfb00000, 0x00000000cfb00000, 0x00000000cfc00000|  0%| F|  |TAMS 0x00000000cfb00000, 0x00000000cfb00000| Untracked 
| 252|0x00000000cfc00000, 0x00000000cfc00000, 0x00000000cfd00000|  0%| F|  |TAMS 0x00000000cfc00000, 0x00000000cfc00000| Untracked 
| 253|0x00000000cfd00000, 0x00000000cfd00000, 0x00000000cfe00000|  0%| F|  |TAMS 0x00000000cfd00000, 0x00000000cfd00000| Untracked 

Card table byte_map: [0x00000246eb740000,0x00000246eb940000] _byte_map_base: 0x00000246eb140000

Marking Bits (Prev, Next): (CMBitMap*) 0x00000246d449dcb0, (CMBitMap*) 0x00000246d449dc70
 Prev Bits: [0x00000246ecb40000, 0x00000246edb40000)
 Next Bits: [0x00000246ebb40000, 0x00000246ecb40000)

Polling page: 0x00000246d2450000

Metaspace:

Usage:
  Non-class:     89.22 MB used.
      Class:     13.07 MB used.
       Both:    102.29 MB used.

Virtual space:
  Non-class space:      128.00 MB reserved,      89.56 MB ( 70%) committed,  2 nodes.
      Class space:      416.00 MB reserved,      13.31 MB (  3%) committed,  1 nodes.
             Both:      544.00 MB reserved,     102.88 MB ( 19%) committed. 

Chunk freelists:
   Non-Class:  6.42 MB
       Class:  2.69 MB
        Both:  9.11 MB

MaxMetaspaceSize: 512.00 MB
CompressedClassSpaceSize: 416.00 MB
Initial GC threshold: 21.00 MB
Current GC threshold: 171.25 MB
CDS: on
MetaspaceReclaimPolicy: balanced
 - commit_granule_bytes: 65536.
 - commit_granule_words: 8192.
 - virtual_space_node_default_size: 8388608.
 - enlarge_chunks_in_place: 1.
 - new_chunks_are_fully_committed: 0.
 - uncommit_free_chunks: 1.
 - use_allocation_guard: 0.
 - handle_deallocations: 1.


Internal statistics:

num_allocs_failed_limit: 15.
num_arena_births: 640.
num_arena_deaths: 0.
num_vsnodes_births: 3.
num_vsnodes_deaths: 0.
num_space_committed: 1644.
num_space_uncommitted: 0.
num_chunks_returned_to_freelist: 15.
num_chunks_taken_from_freelist: 4259.
num_chunk_merges: 15.
num_chunk_splits: 3434.
num_chunks_enlarged: 2920.
num_inconsistent_stats: 0.

CodeHeap 'non-profiled nmethods': size=120000Kb used=8144Kb max_used=8144Kb free=111855Kb
 bounds [0x00000246e3ab0000, 0x00000246e42b0000, 0x00000246eafe0000]
CodeHeap 'profiled nmethods': size=120000Kb used=19727Kb max_used=19727Kb free=100272Kb
 bounds [0x00000246dbfe0000, 0x00000246dd330000, 0x00000246e3510000]
CodeHeap 'non-nmethods': size=5760Kb used=1825Kb max_used=1927Kb free=3934Kb
 bounds [0x00000246e3510000, 0x00000246e3780000, 0x00000246e3ab0000]
 total_blobs=11231 nmethods=10298 adapters=842
 compilation: enabled
              stopped_count=0, restarted_count=0
 full_count=0

Compilation events (20 events):
Event: 30.324 Thread 0x00000246f07e2f90 12738       3       org.gradle.internal.classpath.transforms.InstrumentingClassTransform::apply (44 bytes)
Event: 30.325 Thread 0x00000246f07e2f90 nmethod 12738 0x00000246dd31c210 code [0x00000246dd31c4a0, 0x00000246dd31d198]
Event: 30.325 Thread 0x00000246f07e2f90 12728       3       org.gradle.internal.classpath.transforms.BaseClasspathElementTransform::processClassFile (96 bytes)
Event: 30.329 Thread 0x00000246f07e2f90 nmethod 12728 0x00000246dd31d610 code [0x00000246dd31d940, 0x00000246dd31ed98]
Event: 30.329 Thread 0x00000246f07e2f90 12741       3       org.gradle.internal.file.FilePathUtil::getPathSegments (54 bytes)
Event: 30.330 Thread 0x00000246f07e2f90 nmethod 12741 0x00000246dd31f610 code [0x00000246dd31f880, 0x00000246dd3204e8]
Event: 30.330 Thread 0x00000246f07e2f90 12740       3       org.gradle.internal.classpath.transforms.LambdaSerializationTransformer::visitEnd (28 bytes)
Event: 30.331 Thread 0x00000246f07e2f90 nmethod 12740 0x00000246dd320910 code [0x00000246dd320ae0, 0x00000246dd320ec8]
Event: 30.331 Thread 0x00000246f07e2f90 12737       3       java.util.regex.Pattern$Begin::match (62 bytes)
Event: 30.331 Thread 0x00000246f07e2f90 nmethod 12737 0x00000246dd321010 code [0x00000246dd3211e0, 0x00000246dd321528]
Event: 30.331 Thread 0x00000246f07e2f90 12729       3       org.gradle.internal.classpath.transforms.ClasspathElementTransformForAgent::processClassFile (44 bytes)
Event: 30.332 Thread 0x00000246f07e2f90 nmethod 12729 0x00000246dd321690 code [0x00000246dd3218e0, 0x00000246dd322198]
Event: 30.332 Thread 0x00000246f07e2f90 12723       2       org.objectweb.asm.tree.Util::asArrayList (34 bytes)
Event: 30.332 Thread 0x00000246f07e2f90 nmethod 12723 0x00000246dd322510 code [0x00000246dd3226e0, 0x00000246dd322a98]
Event: 30.334 Thread 0x00000246f07e2f90 12743       2       org.objectweb.asm.tree.MethodNode::visitFieldInsn (20 bytes)
Event: 30.334 Thread 0x00000246f07e2f90 nmethod 12743 0x00000246dd322d10 code [0x00000246dd322ec0, 0x00000246dd323188]
Event: 30.334 Thread 0x00000246f07e2f90 12745       2       java.util.ArrayList$ArrayListSpliterator::tryAdvance (79 bytes)
Event: 30.335 Thread 0x00000246f07e2f90 nmethod 12745 0x00000246dd323290 code [0x00000246dd323480, 0x00000246dd3237e8]
Event: 30.335 Thread 0x00000246f07e2f90 12744       2       org.objectweb.asm.tree.FieldInsnNode::<init> (22 bytes)
Event: 30.335 Thread 0x00000246f07e2f90 nmethod 12744 0x00000246dd323a10 code [0x00000246dd323bc0, 0x00000246dd323dd8]

GC Heap History (20 events):
Event: 24.142 GC heap after
{Heap after GC invocations=92 (full 0):
 garbage-first heap   total 215040K, used 76911K [0x00000000c0000000, 0x0000000100000000)
  region size 1024K, 2 young (2048K), 2 survivors (2048K)
 Metaspace       used 72086K, committed 72640K, reserved 491520K
  class space    used 9578K, committed 9856K, reserved 425984K
}
Event: 25.175 GC heap before
{Heap before GC invocations=92 (full 0):
 garbage-first heap   total 215040K, used 175215K [0x00000000c0000000, 0x0000000100000000)
  region size 1024K, 98 young (100352K), 2 survivors (2048K)
 Metaspace       used 78942K, committed 79488K, reserved 557056K
  class space    used 10320K, committed 10560K, reserved 425984K
}
Event: 25.182 GC heap after
{Heap after GC invocations=93 (full 0):
 garbage-first heap   total 215040K, used 84749K [0x00000000c0000000, 0x0000000100000000)
  region size 1024K, 10 young (10240K), 10 survivors (10240K)
 Metaspace       used 78942K, committed 79488K, reserved 557056K
  class space    used 10320K, committed 10560K, reserved 425984K
}
Event: 26.338 GC heap before
{Heap before GC invocations=93 (full 0):
 garbage-first heap   total 215040K, used 172813K [0x00000000c0000000, 0x0000000100000000)
  region size 1024K, 96 young (98304K), 10 survivors (10240K)
 Metaspace       used 90957K, committed 91520K, reserved 557056K
  class space    used 11570K, committed 11840K, reserved 425984K
}
Event: 26.345 GC heap after
{Heap after GC invocations=94 (full 0):
 garbage-first heap   total 215040K, used 88547K [0x00000000c0000000, 0x0000000100000000)
  region size 1024K, 4 young (4096K), 4 survivors (4096K)
 Metaspace       used 90957K, committed 91520K, reserved 557056K
  class space    used 11570K, committed 11840K, reserved 425984K
}
Event: 27.294 GC heap before
{Heap before GC invocations=94 (full 0):
 garbage-first heap   total 215040K, used 176611K [0x00000000c0000000, 0x0000000100000000)
  region size 1024K, 89 young (91136K), 4 survivors (4096K)
 Metaspace       used 96086K, committed 96640K, reserved 557056K
  class space    used 12193K, committed 12480K, reserved 425984K
}
Event: 27.301 GC heap after
{Heap after GC invocations=95 (full 0):
 garbage-first heap   total 215040K, used 94634K [0x00000000c0000000, 0x0000000100000000)
  region size 1024K, 10 young (10240K), 10 survivors (10240K)
 Metaspace       used 96086K, committed 96640K, reserved 557056K
  class space    used 12193K, committed 12480K, reserved 425984K
}
Event: 28.370 GC heap before
{Heap before GC invocations=95 (full 0):
 garbage-first heap   total 215040K, used 161194K [0x00000000c0000000, 0x0000000100000000)
  region size 1024K, 76 young (77824K), 10 survivors (10240K)
 Metaspace       used 101066K, committed 101568K, reserved 557056K
  class space    used 12907K, committed 13184K, reserved 425984K
}
Event: 28.375 GC heap after
{Heap after GC invocations=96 (full 0):
 garbage-first heap   total 215040K, used 90658K [0x00000000c0000000, 0x0000000100000000)
  region size 1024K, 3 young (3072K), 3 survivors (3072K)
 Metaspace       used 101066K, committed 101568K, reserved 557056K
  class space    used 12907K, committed 13184K, reserved 425984K
}
Event: 29.866 GC heap before
{Heap before GC invocations=97 (full 0):
 garbage-first heap   total 215040K, used 176674K [0x00000000c0000000, 0x0000000100000000)
  region size 1024K, 87 young (89088K), 3 survivors (3072K)
 Metaspace       used 104496K, committed 105024K, reserved 557056K
  class space    used 13363K, committed 13632K, reserved 425984K
}
Event: 29.873 GC heap after
{Heap after GC invocations=98 (full 0):
 garbage-first heap   total 215040K, used 97414K [0x00000000c0000000, 0x0000000100000000)
  region size 1024K, 7 young (7168K), 7 survivors (7168K)
 Metaspace       used 104496K, committed 105024K, reserved 557056K
  class space    used 13363K, committed 13632K, reserved 425984K
}
Event: 29.878 GC heap before
{Heap before GC invocations=98 (full 0):
 garbage-first heap   total 215040K, used 99462K [0x00000000c0000000, 0x0000000100000000)
  region size 1024K, 10 young (10240K), 7 survivors (7168K)
 Metaspace       used 104506K, committed 105088K, reserved 557056K
  class space    used 13364K, committed 13632K, reserved 425984K
}
Event: 29.884 GC heap after
{Heap after GC invocations=99 (full 0):
 garbage-first heap   total 215040K, used 87305K [0x00000000c0000000, 0x0000000100000000)
  region size 1024K, 2 young (2048K), 2 survivors (2048K)
 Metaspace       used 104506K, committed 105088K, reserved 557056K
  class space    used 13364K, committed 13632K, reserved 425984K
}
Event: 30.044 GC heap before
{Heap before GC invocations=99 (full 0):
 garbage-first heap   total 215040K, used 174345K [0x00000000c0000000, 0x0000000100000000)
  region size 1024K, 89 young (91136K), 2 survivors (2048K)
 Metaspace       used 104676K, committed 105216K, reserved 557056K
  class space    used 13384K, committed 13632K, reserved 425984K
}
Event: 30.048 GC heap after
{Heap after GC invocations=100 (full 0):
 garbage-first heap   total 215040K, used 88083K [0x00000000c0000000, 0x0000000100000000)
  region size 1024K, 2 young (2048K), 2 survivors (2048K)
 Metaspace       used 104676K, committed 105216K, reserved 557056K
  class space    used 13384K, committed 13632K, reserved 425984K
}
Event: 30.209 GC heap before
{Heap before GC invocations=101 (full 0):
 garbage-first heap   total 215040K, used 177171K [0x00000000c0000000, 0x0000000100000000)
  region size 1024K, 90 young (92160K), 2 survivors (2048K)
 Metaspace       used 104726K, committed 105216K, reserved 557056K
  class space    used 13385K, committed 13632K, reserved 425984K
}
Event: 30.212 GC heap after
{Heap after GC invocations=102 (full 0):
 garbage-first heap   total 215040K, used 88424K [0x00000000c0000000, 0x0000000100000000)
  region size 1024K, 3 young (3072K), 3 survivors (3072K)
 Metaspace       used 104726K, committed 105216K, reserved 557056K
  class space    used 13385K, committed 13632K, reserved 425984K
}
Event: 30.223 GC heap before
{Heap before GC invocations=102 (full 0):
 garbage-first heap   total 215040K, used 94568K [0x00000000c0000000, 0x0000000100000000)
  region size 1024K, 11 young (11264K), 3 survivors (3072K)
 Metaspace       used 104727K, committed 105216K, reserved 557056K
  class space    used 13385K, committed 13632K, reserved 425984K
}
Event: 30.229 GC heap after
{Heap after GC invocations=103 (full 0):
 garbage-first heap   total 215040K, used 78931K [0x00000000c0000000, 0x0000000100000000)
  region size 1024K, 1 young (1024K), 1 survivors (1024K)
 Metaspace       used 104727K, committed 105216K, reserved 557056K
  class space    used 13385K, committed 13632K, reserved 425984K
}
Event: 30.340 GC heap before
{Heap before GC invocations=103 (full 0):
 garbage-first heap   total 215040K, used 180307K [0x00000000c0000000, 0x0000000100000000)
  region size 1024K, 99 young (101376K), 1 survivors (1024K)
 Metaspace       used 104749K, committed 105344K, reserved 557056K
  class space    used 13385K, committed 13632K, reserved 425984K
}

Dll operation events (15 events):
Event: 0.008 Loaded shared library C:\Program Files\Eclipse Adoptium\jdk-17.0.19.10-hotspot\bin\java.dll
Event: 0.024 Loaded shared library C:\Program Files\Eclipse Adoptium\jdk-17.0.19.10-hotspot\bin\jsvml.dll
Event: 0.075 Loaded shared library C:\Program Files\Eclipse Adoptium\jdk-17.0.19.10-hotspot\bin\zip.dll
Event: 0.077 Loaded shared library C:\Program Files\Eclipse Adoptium\jdk-17.0.19.10-hotspot\bin\instrument.dll
Event: 0.080 Loaded shared library C:\Program Files\Eclipse Adoptium\jdk-17.0.19.10-hotspot\bin\net.dll
Event: 0.082 Loaded shared library C:\Program Files\Eclipse Adoptium\jdk-17.0.19.10-hotspot\bin\nio.dll
Event: 0.084 Loaded shared library C:\Program Files\Eclipse Adoptium\jdk-17.0.19.10-hotspot\bin\zip.dll
Event: 0.267 Loaded shared library C:\Program Files\Eclipse Adoptium\jdk-17.0.19.10-hotspot\bin\jimage.dll
Event: 0.327 Loaded shared library C:\Program Files\Eclipse Adoptium\jdk-17.0.19.10-hotspot\bin\verify.dll
Event: 0.469 Loaded shared library C:\Users\bread\.gradle\native\c067742578af261105cb4f569cf0c3c89f3d7b1fecec35dd04571415982c5e48\windows-amd64\native-platform.dll
Event: 0.473 Loaded shared library C:\Users\bread\.gradle\native\38dada09dfb8b06ba9b0570ebf7e218e3eb74d4ef43ca46872605cf95ebc2f47\windows-amd64\native-platform-file-events.dll
Event: 1.287 Loaded shared library C:\Program Files\Eclipse Adoptium\jdk-17.0.19.10-hotspot\bin\management.dll
Event: 1.290 Loaded shared library C:\Program Files\Eclipse Adoptium\jdk-17.0.19.10-hotspot\bin\management_ext.dll
Event: 1.492 Loaded shared library C:\Program Files\Eclipse Adoptium\jdk-17.0.19.10-hotspot\bin\extnet.dll
Event: 1.682 Loaded shared library C:\Program Files\Eclipse Adoptium\jdk-17.0.19.10-hotspot\bin\sunmscapi.dll

Deoptimization events (20 events):
Event: 30.284 Thread 0x00000246f9714b70 DEOPT PACKING pc=0x00000246dd28c968 sp=0x000000dd728fd910
Event: 30.284 Thread 0x00000246f9714b70 DEOPT UNPACKING pc=0x00000246e3567143 sp=0x000000dd728fd020 mode 0
Event: 30.290 Thread 0x00000246f9874640 DEOPT PACKING pc=0x00000246dd28ce96 sp=0x000000dd719fdcc0
Event: 30.290 Thread 0x00000246f9874640 DEOPT UNPACKING pc=0x00000246e3567143 sp=0x000000dd719fd3d0 mode 0
Event: 30.299 Thread 0x00000246fba2ef90 DEOPT PACKING pc=0x00000246dd28c828 sp=0x000000dd6edfdc00
Event: 30.299 Thread 0x00000246fba2ef90 DEOPT UNPACKING pc=0x00000246e3567143 sp=0x000000dd6edfd310 mode 0
Event: 30.303 Thread 0x00000246f97164c0 DEOPT PACKING pc=0x00000246dd2f4238 sp=0x000000dd727fdaf0
Event: 30.303 Thread 0x00000246f97164c0 DEOPT UNPACKING pc=0x00000246e3567143 sp=0x000000dd727fd070 mode 0
Event: 30.311 Thread 0x00000246f9873710 DEOPT PACKING pc=0x00000246dd28c968 sp=0x000000dd71afdb00
Event: 30.312 Thread 0x00000246f9873710 DEOPT UNPACKING pc=0x00000246e3567143 sp=0x000000dd71afd210 mode 0
Event: 30.316 Thread 0x00000246f9873710 DEOPT PACKING pc=0x00000246dd28ce96 sp=0x000000dd71afdb00
Event: 30.316 Thread 0x00000246f9873710 DEOPT UNPACKING pc=0x00000246e3567143 sp=0x000000dd71afd210 mode 0
Event: 30.322 Thread 0x00000246f9873710 DEOPT PACKING pc=0x00000246dd28ce96 sp=0x000000dd71afdb00
Event: 30.322 Thread 0x00000246f9873710 DEOPT UNPACKING pc=0x00000246e3567143 sp=0x000000dd71afd210 mode 0
Event: 30.323 Thread 0x00000246f948a280 DEOPT PACKING pc=0x00000246dd25e6be sp=0x000000dd714fe0b0
Event: 30.323 Thread 0x00000246f948a280 DEOPT UNPACKING pc=0x00000246e3567143 sp=0x000000dd714fd700 mode 0
Event: 30.331 Thread 0x00000246f9714b70 DEOPT PACKING pc=0x00000246dd28c968 sp=0x000000dd728fd900
Event: 30.331 Thread 0x00000246f9714b70 DEOPT UNPACKING pc=0x00000246e3567143 sp=0x000000dd728fd010 mode 0
Event: 30.335 Thread 0x00000246fba2ef90 DEOPT PACKING pc=0x00000246dd28ce96 sp=0x000000dd6edfdbf0
Event: 30.335 Thread 0x00000246fba2ef90 DEOPT UNPACKING pc=0x00000246e3567143 sp=0x000000dd6edfd300 mode 0

Classes loaded (20 events):
Event: 28.298 Loading class sun/nio/fs/WindowsFileAttributeViews$Dos
Event: 28.298 Loading class sun/nio/fs/WindowsFileAttributeViews$Dos done
Event: 28.300 Loading class sun/nio/cs/ISO_8859_1$Encoder
Event: 28.300 Loading class sun/nio/cs/ISO_8859_1$Encoder done
Event: 28.300 Loading class sun/nio/cs/Surrogate$Parser
Event: 28.300 Loading class sun/nio/cs/Surrogate$Parser done
Event: 28.300 Loading class sun/nio/cs/Surrogate
Event: 28.300 Loading class sun/nio/cs/Surrogate done
Event: 28.534 Loading class java/io/DeleteOnExitHook
Event: 28.534 Loading class java/io/DeleteOnExitHook done
Event: 28.534 Loading class java/io/DeleteOnExitHook$1
Event: 28.535 Loading class java/io/DeleteOnExitHook$1 done
Event: 28.899 Loading class java/util/LinkedList$LLSpliterator
Event: 28.899 Loading class java/util/LinkedList$LLSpliterator done
Event: 29.206 Loading class java/util/Collections$ReverseComparator
Event: 29.206 Loading class java/util/Collections$ReverseComparator done
Event: 29.206 Loading class java/util/Comparators$NaturalOrderComparator
Event: 29.206 Loading class java/util/Comparators$NaturalOrderComparator done
Event: 29.206 Loading class java/util/Collections$ReverseComparator2
Event: 29.206 Loading class java/util/Collections$ReverseComparator2 done

Classes unloaded (0 events):
No events

Classes redefined (0 events):
No events

Internal exceptions (20 events):
Event: 30.243 Thread 0x00000246f948a280 Exception <a 'sun/nio/fs/WindowsException'{0x00000000cc3a4b20}> (0x00000000cc3a4b20) 
thrown [s\src\hotspot\share\prims\jni.cpp, line 516]
Event: 30.250 Thread 0x00000246f948a280 Exception <a 'sun/nio/fs/WindowsException'{0x00000000cc3a4cc8}> (0x00000000cc3a4cc8) 
thrown [s\src\hotspot\share\prims\jni.cpp, line 516]
Event: 30.250 Thread 0x00000246f9715aa0 Exception <a 'sun/nio/fs/WindowsException'{0x00000000cbc7c0a0}> (0x00000000cbc7c0a0) 
thrown [s\src\hotspot\share\prims\jni.cpp, line 516]
Event: 30.251 Thread 0x00000246f9715aa0 Exception <a 'sun/nio/fs/WindowsException'{0x00000000cbc7c248}> (0x00000000cbc7c248) 
thrown [s\src\hotspot\share\prims\jni.cpp, line 516]
Event: 30.265 Thread 0x00000246fba2fec0 Exception <a 'sun/nio/fs/WindowsException'{0x00000000ce9218a8}> (0x00000000ce9218a8) 
thrown [s\src\hotspot\share\prims\jni.cpp, line 516]
Event: 30.270 Thread 0x00000246f97164c0 Exception <a 'sun/nio/fs/WindowsException'{0x00000000ca93ee78}> (0x00000000ca93ee78) 
thrown [s\src\hotspot\share\prims\jni.cpp, line 516]
Event: 30.270 Thread 0x00000246fba2ef90 Exception <a 'sun/nio/fs/WindowsException'{0x00000000cb326660}> (0x00000000cb326660) 
thrown [s\src\hotspot\share\prims\jni.cpp, line 516]
Event: 30.270 Thread 0x00000246f9714b70 Exception <a 'sun/nio/fs/WindowsException'{0x00000000caf261e8}> (0x00000000caf261e8) 
thrown [s\src\hotspot\share\prims\jni.cpp, line 516]
Event: 30.271 Thread 0x00000246f97164c0 Exception <a 'sun/nio/fs/WindowsException'{0x00000000ca93f020}> (0x00000000ca93f020) 
thrown [s\src\hotspot\share\prims\jni.cpp, line 516]
Event: 30.284 Thread 0x00000246fba2fec0 Exception <a 'sun/nio/fs/WindowsException'{0x00000000c9dd7778}> (0x00000000c9dd7778) 
thrown [s\src\hotspot\share\prims\jni.cpp, line 516]
Event: 30.292 Thread 0x00000246f97164c0 Exception <a 'sun/nio/fs/WindowsException'{0x00000000c9a310e8}> (0x00000000c9a310e8) 
thrown [s\src\hotspot\share\prims\jni.cpp, line 516]
Event: 30.292 Thread 0x00000246fba2fec0 Exception <a 'sun/nio/fs/WindowsException'{0x00000000c9dd7900}> (0x00000000c9dd7900) 
thrown [s\src\hotspot\share\prims\jni.cpp, line 516]
Event: 30.296 Thread 0x00000246f97164c0 Exception <a 'sun/nio/fs/WindowsException'{0x00000000c9235c20}> (0x00000000c9235c20) 
thrown [s\src\hotspot\share\prims\jni.cpp, line 516]
Event: 30.297 Thread 0x00000246f97164c0 Exception <a 'sun/nio/fs/WindowsException'{0x00000000c9235e00}> (0x00000000c9235e00) 
thrown [s\src\hotspot\share\prims\jni.cpp, line 516]
Event: 30.300 Thread 0x00000246f948a280 Exception <a 'sun/nio/fs/WindowsException'{0x00000000c9106e50}> (0x00000000c9106e50) 
thrown [s\src\hotspot\share\prims\jni.cpp, line 516]
Event: 30.312 Thread 0x00000246f9715aa0 Exception <a 'sun/nio/fs/WindowsException'{0x00000000c9bc7910}> (0x00000000c9bc7910) 
thrown [s\src\hotspot\share\prims\jni.cpp, line 516]
Event: 30.317 Thread 0x00000246f948b1b0 Exception <a 'sun/nio/fs/WindowsException'{0x00000000c8014798}> (0x00000000c8014798) 
thrown [s\src\hotspot\share\prims\jni.cpp, line 516]
Event: 30.317 Thread 0x00000246f948b1b0 Exception <a 'sun/nio/fs/WindowsException'{0x00000000c8014930}> (0x00000000c8014930) 
thrown [s\src\hotspot\share\prims\jni.cpp, line 516]
Event: 30.318 Thread 0x00000246f9715aa0 Exception <a 'sun/nio/fs/WindowsException'{0x00000000c7f7bfe0}> (0x00000000c7f7bfe0) 
thrown [s\src\hotspot\share\prims\jni.cpp, line 516]
Event: 30.319 Thread 0x00000246f9715aa0 Exception <a 'sun/nio/fs/WindowsException'{0x00000000c7f7c178}> (0x00000000c7f7c178) 
thrown [s\src\hotspot\share\prims\jni.cpp, line 516]

VM Operations (20 events):
Event: 29.878 Executing VM operation: G1CollectForAllocation done
Event: 29.878 Executing VM operation: G1CollectForAllocation
Event: 29.884 Executing VM operation: G1CollectForAllocation done
Event: 30.042 Executing VM operation: G1CollectForAllocation
Event: 30.042 Executing VM operation: G1CollectForAllocation done
Event: 30.043 Executing VM operation: G1CollectForAllocation
Event: 30.048 Executing VM operation: G1CollectForAllocation done
Event: 30.116 Executing VM operation: G1PauseRemark
Event: 30.125 Executing VM operation: G1PauseRemark done
Event: 30.155 Executing VM operation: G1PauseCleanup
Event: 30.156 Executing VM operation: G1PauseCleanup done
Event: 30.209 Executing VM operation: G1CollectForAllocation
Event: 30.212 Executing VM operation: G1CollectForAllocation done
Event: 30.222 Executing VM operation: G1CollectForAllocation
Event: 30.223 Executing VM operation: G1CollectForAllocation done
Event: 30.223 Executing VM operation: G1CollectForAllocation
Event: 30.229 Executing VM operation: G1CollectForAllocation done
Event: 30.322 Executing VM operation: HandshakeAllThreads
Event: 30.340 Executing VM operation: HandshakeAllThreads done
Event: 30.340 Executing VM operation: G1CollectForAllocation

Memory protections (0 events):
No events

Nmethod flushes (20 events):
Event: 26.024 Thread 0x00000246f07e59a0 flushing  nmethod 0x00000246dcc09d10
Event: 26.024 Thread 0x00000246f07e59a0 flushing  nmethod 0x00000246dcc0a290
Event: 26.024 Thread 0x00000246f07e59a0 flushing  nmethod 0x00000246dcc0c490
Event: 26.024 Thread 0x00000246f07e59a0 flushing  nmethod 0x00000246dcc0ee90
Event: 26.024 Thread 0x00000246f07e59a0 flushing  nmethod 0x00000246dcca5210
Event: 26.024 Thread 0x00000246f07e59a0 flushing  nmethod 0x00000246dccdeb90
Event: 26.024 Thread 0x00000246f07e59a0 flushing  nmethod 0x00000246dccf6910
Event: 26.024 Thread 0x00000246f07e59a0 flushing  nmethod 0x00000246dcd2f190
Event: 26.025 Thread 0x00000246f07e59a0 flushing  nmethod 0x00000246dcd93e90
Event: 26.025 Thread 0x00000246f07e59a0 flushing  nmethod 0x00000246dcd98c10
Event: 26.025 Thread 0x00000246f07e59a0 flushing  nmethod 0x00000246dcd9c090
Event: 26.025 Thread 0x00000246f07e59a0 flushing  nmethod 0x00000246dcdc9e90
Event: 26.025 Thread 0x00000246f07e59a0 flushing  nmethod 0x00000246dcde0910
Event: 26.025 Thread 0x00000246f07e59a0 flushing  nmethod 0x00000246dcdf3c10
Event: 27.739 Thread 0x00000246f07e59a0 flushing  nmethod 0x00000246e3b67f10
Event: 27.739 Thread 0x00000246f07e59a0 flushing  nmethod 0x00000246e3c6bc10
Event: 27.740 Thread 0x00000246f07e59a0 flushing  nmethod 0x00000246e3cf0290
Event: 27.742 Thread 0x00000246f07e59a0 flushing  nmethod 0x00000246dc040590
Event: 27.749 Thread 0x00000246f07e59a0 flushing  nmethod 0x00000246dc666990
Event: 27.756 Thread 0x00000246f07e59a0 flushing  nmethod 0x00000246dcbc1d10

Events (20 events):
Event: 29.316 Thread 0x00000246f7717020 Thread added: 0x00000246f80b6cd0
Event: 29.316 Thread 0x00000246f7717020 Thread added: 0x00000246fba308e0
Event: 29.316 Thread 0x00000246f7717020 Thread added: 0x00000246fba2f4a0
Event: 29.316 Thread 0x00000246f7717020 Thread added: 0x00000246fba31810
Event: 29.316 Thread 0x00000246f7717020 Thread added: 0x00000246fba2ea80
Event: 29.317 Thread 0x00000246f7717020 Thread added: 0x00000246fba30df0
Event: 29.317 Thread 0x00000246f7717020 Thread added: 0x00000246fba31300
Event: 29.317 Thread 0x00000246f7717020 Thread added: 0x00000246fba2f9b0
Event: 29.317 Thread 0x00000246f7717020 Thread added: 0x00000246fba2e060
Event: 29.317 Thread 0x00000246f7717020 Thread added: 0x00000246fba2e570
Event: 29.456 Thread 0x00000246f74e3910 Thread exited: 0x00000246f74e3910
Event: 29.457 Thread 0x00000246fc6dc4c0 Thread exited: 0x00000246fc6dc4c0
Event: 29.823 Thread 0x00000246f7717020 Thread added: 0x00000246fba2ef90
Event: 29.823 Thread 0x00000246f7717020 Thread added: 0x00000246fba2fec0
Event: 29.823 Thread 0x00000246f7717020 Thread added: 0x00000246fba303d0
Event: 29.823 Thread 0x00000246f7717020 Thread added: 0x00000246f97164c0
Event: 29.823 Thread 0x00000246f7717020 Thread added: 0x00000246f9714b70
Event: 29.823 Thread 0x00000246f7717020 Thread added: 0x00000246f9715aa0
Event: 29.829 Thread 0x00000246f07e2f90 Thread added: 0x00000246f74e3910
Event: 29.841 Thread 0x00000246f07e2f90 Thread added: 0x00000246fbcad3d0


Dynamic libraries:
0x00007ff735bb0000 - 0x00007ff735bbe000 	C:\Program Files\Eclipse Adoptium\jdk-17.0.19.10-hotspot\bin\java.exe
0x00007ffda5190000 - 0x00007ffda53a8000 	C:\Windows\SYSTEM32\ntdll.dll
0x00007ffda3730000 - 0x00007ffda37f4000 	C:\Windows\System32\KERNEL32.DLL
0x00007ffda2560000 - 0x00007ffda2933000 	C:\Windows\System32\KERNELBASE.dll
0x00007ffda23e0000 - 0x00007ffda24f1000 	C:\Windows\System32\ucrtbase.dll
0x00007ffd8f200000 - 0x00007ffd8f21e000 	C:\Program Files\Eclipse Adoptium\jdk-17.0.19.10-hotspot\bin\VCRUNTIME140.dll
0x00007ffd8f220000 - 0x00007ffd8f238000 	C:\Program Files\Eclipse Adoptium\jdk-17.0.19.10-hotspot\bin\jli.dll
0x00007ffda4250000 - 0x00007ffda4402000 	C:\Windows\System32\USER32.dll
0x00007ffda2500000 - 0x00007ffda2526000 	C:\Windows\System32\win32u.dll
0x00007ffda4f60000 - 0x00007ffda4f89000 	C:\Windows\System32\GDI32.dll
0x00007ffd8f7d0000 - 0x00007ffd8fa6c000 	C:\Windows\WinSxS\amd64_microsoft.windows.common-controls_6595b64144ccf1df_6.0.22621.6060_none_2712eda17382d24b\COMCTL32.dll
0x00007ffda2a00000 - 0x00007ffda2b1b000 	C:\Windows\System32\gdi32full.dll
0x00007ffda3520000 - 0x00007ffda35c7000 	C:\Windows\System32\msvcrt.dll
0x00007ffda2ba0000 - 0x00007ffda2c3a000 	C:\Windows\System32\msvcp_win.dll
0x00007ffda44c0000 - 0x00007ffda44f1000 	C:\Windows\System32\IMM32.DLL
0x00007ffd9cde0000 - 0x00007ffd9cdec000 	C:\Program Files\Eclipse Adoptium\jdk-17.0.19.10-hotspot\bin\vcruntime140_1.dll
0x00007ffd612c0000 - 0x00007ffd6134d000 	C:\Program Files\Eclipse Adoptium\jdk-17.0.19.10-hotspot\bin\msvcp140.dll
0x00007ffd273f0000 - 0x00007ffd2805c000 	C:\Program Files\Eclipse Adoptium\jdk-17.0.19.10-hotspot\bin\server\jvm.dll
0x00007ffda4f90000 - 0x00007ffda5041000 	C:\Windows\System32\ADVAPI32.dll
0x00007ffda41a0000 - 0x00007ffda4248000 	C:\Windows\System32\sechost.dll
0x00007ffda2530000 - 0x00007ffda2558000 	C:\Windows\System32\bcrypt.dll
0x00007ffda3ea0000 - 0x00007ffda3fb8000 	C:\Windows\System32\RPCRT4.dll
0x00007ffda3650000 - 0x00007ffda36c1000 	C:\Windows\System32\WS2_32.dll
0x00007ffda2170000 - 0x00007ffda21bd000 	C:\Windows\SYSTEM32\POWRPROF.dll
0x00007ffd9d2b0000 - 0x00007ffd9d2e4000 	C:\Windows\SYSTEM32\WINMM.dll
0x00007ffd9b8e0000 - 0x00007ffd9b8ea000 	C:\Windows\SYSTEM32\VERSION.dll
0x00007ffda2150000 - 0x00007ffda2163000 	C:\Windows\SYSTEM32\UMPDC.dll
0x00007ffda1280000 - 0x00007ffda1298000 	C:\Windows\SYSTEM32\kernel.appcore.dll
0x00007ffd8f1f0000 - 0x00007ffd8f1fa000 	C:\Program Files\Eclipse Adoptium\jdk-17.0.19.10-hotspot\bin\jimage.dll
0x00007ffd9f9d0000 - 0x00007ffd9fc03000 	C:\Windows\SYSTEM32\DBGHELP.DLL
0x00007ffda3180000 - 0x00007ffda3511000 	C:\Windows\System32\combase.dll
0x00007ffda2e30000 - 0x00007ffda2f08000 	C:\Windows\System32\OLEAUT32.dll
0x00007ffd90870000 - 0x00007ffd908a2000 	C:\Windows\SYSTEM32\dbgcore.DLL
0x00007ffda2c40000 - 0x00007ffda2cbb000 	C:\Windows\System32\bcryptPrimitives.dll
0x00007ffd80420000 - 0x00007ffd8042e000 	C:\Program Files\Eclipse Adoptium\jdk-17.0.19.10-hotspot\bin\instrument.dll
0x00007ffd8d9d0000 - 0x00007ffd8d9f5000 	C:\Program Files\Eclipse Adoptium\jdk-17.0.19.10-hotspot\bin\java.dll
0x00007ffd56ab0000 - 0x00007ffd56b87000 	C:\Program Files\Eclipse Adoptium\jdk-17.0.19.10-hotspot\bin\jsvml.dll
0x00007ffda46c0000 - 0x00007ffda4f5c000 	C:\Windows\System32\SHELL32.dll
0x00007ffda22a0000 - 0x00007ffda23df000 	C:\Windows\System32\wintypes.dll
0x00007ffda0000000 - 0x00007ffda091a000 	C:\Windows\SYSTEM32\windows.storage.dll
0x00007ffda3800000 - 0x00007ffda3904000 	C:\Windows\System32\SHCORE.dll
0x00007ffda50e0000 - 0x00007ffda5149000 	C:\Windows\System32\shlwapi.dll
0x00007ffda21d0000 - 0x00007ffda21f5000 	C:\Windows\SYSTEM32\profapi.dll
0x00007ffd80440000 - 0x00007ffd80458000 	C:\Program Files\Eclipse Adoptium\jdk-17.0.19.10-hotspot\bin\zip.dll
0x00007ffd8d7b0000 - 0x00007ffd8d7ca000 	C:\Program Files\Eclipse Adoptium\jdk-17.0.19.10-hotspot\bin\net.dll
0x00007ffd9d180000 - 0x00007ffd9d2ac000 	C:\Windows\SYSTEM32\WINHTTP.dll
0x00007ffda1760000 - 0x00007ffda17c9000 	C:\Windows\system32\mswsock.dll
0x00007ffd80460000 - 0x00007ffd80476000 	C:\Program Files\Eclipse Adoptium\jdk-17.0.19.10-hotspot\bin\nio.dll
0x00007ffd8d9c0000 - 0x00007ffd8d9d0000 	C:\Program Files\Eclipse Adoptium\jdk-17.0.19.10-hotspot\bin\verify.dll
0x00007ffd8dbb0000 - 0x00007ffd8dbd7000 	C:\Users\bread\.gradle\native\c067742578af261105cb4f569cf0c3c89f3d7b1fecec35dd04571415982c5e48\windows-amd64\native-platform.dll
0x00007ffd540a0000 - 0x00007ffd541e4000 	C:\Users\bread\.gradle\native\38dada09dfb8b06ba9b0570ebf7e218e3eb74d4ef43ca46872605cf95ebc2f47\windows-amd64\native-platform-file-events.dll
0x00007ffd8d930000 - 0x00007ffd8d93a000 	C:\Program Files\Eclipse Adoptium\jdk-17.0.19.10-hotspot\bin\management.dll
0x00007ffd8d7a0000 - 0x00007ffd8d7ac000 	C:\Program Files\Eclipse Adoptium\jdk-17.0.19.10-hotspot\bin\management_ext.dll
0x00007ffda2fe0000 - 0x00007ffda2fe8000 	C:\Windows\System32\PSAPI.DLL
0x00007ffda19b0000 - 0x00007ffda19cb000 	C:\Windows\SYSTEM32\CRYPTSP.dll
0x00007ffda11e0000 - 0x00007ffda1217000 	C:\Windows\system32\rsaenh.dll
0x00007ffda1850000 - 0x00007ffda1878000 	C:\Windows\SYSTEM32\USERENV.dll
0x00007ffda19d0000 - 0x00007ffda19dc000 	C:\Windows\SYSTEM32\CRYPTBASE.dll
0x00007ffda0cf0000 - 0x00007ffda0d1d000 	C:\Windows\SYSTEM32\IPHLPAPI.DLL
0x00007ffda3720000 - 0x00007ffda3729000 	C:\Windows\System32\NSI.dll
0x00007ffd9d4f0000 - 0x00007ffd9d509000 	C:\Windows\SYSTEM32\dhcpcsvc6.DLL
0x00007ffd9cfe0000 - 0x00007ffd9cfff000 	C:\Windows\SYSTEM32\dhcpcsvc.DLL
0x00007ffda0d60000 - 0x00007ffda0e58000 	C:\Windows\SYSTEM32\DNSAPI.dll
0x00007ffd80430000 - 0x00007ffd80439000 	C:\Program Files\Eclipse Adoptium\jdk-17.0.19.10-hotspot\bin\extnet.dll
0x00007ffd80410000 - 0x00007ffd8041e000 	C:\Program Files\Eclipse Adoptium\jdk-17.0.19.10-hotspot\bin\sunmscapi.dll
0x00007ffda2cc0000 - 0x00007ffda2e28000 	C:\Windows\System32\CRYPT32.dll
0x00007ffda1b70000 - 0x00007ffda1b9e000 	C:\Windows\SYSTEM32\ncrypt.dll
0x00007ffda1b30000 - 0x00007ffda1b67000 	C:\Windows\SYSTEM32\NTASN1.dll
0x00007ffd64450000 - 0x00007ffd64458000 	C:\Windows\system32\wshunix.dll

dbghelp: loaded successfully - version: 4.0.5 - missing functions: none
symbol engine: initialized successfully - sym options: 0x614 - pdb path: .;C:\Program Files\Eclipse Adoptium\jdk-17.0.19.10-hotspot\bin;C:\Windows\SYSTEM32;C:\Windows\WinSxS\amd64_microsoft.windows.common-controls_6595b64144ccf1df_6.0.22621.6060_none_2712eda17382d24b;C:\Program Files\Eclipse Adoptium\jdk-17.0.19.10-hotspot\bin\server;C:\Users\bread\.gradle\native\c067742578af261105cb4f569cf0c3c89f3d7b1fecec35dd04571415982c5e48\windows-amd64;C:\Users\bread\.gradle\native\38dada09dfb8b06ba9b0570ebf7e218e3eb74d4ef43ca46872605cf95ebc2f47\windows-amd64

VM Arguments:
jvm_args: -XX:MaxMetaspaceSize=512m --add-opens=java.base/java.util=ALL-UNNAMED --add-opens=java.base/java.lang=ALL-UNNAMED --add-opens=java.base/java.lang.invoke=ALL-UNNAMED --add-opens=java.prefs/java.util.prefs=ALL-UNNAMED --add-opens=java.base/java.nio.charset=ALL-UNNAMED --add-opens=java.base/java.net=ALL-UNNAMED --add-opens=java.base/java.util.concurrent.atomic=ALL-UNNAMED -Xmx1g -Dfile.encoding=GBK -Duser.country=CN -Duser.language=zh -Duser.variant -javaagent:C:\Users\bread\.gradle\wrapper\dists\gradle-8.5-bin\5t9huq95ubn472n8rpzujfbqh\gradle-8.5\lib\agents\gradle-instrumentation-agent-8.5.jar 
java_command: org.gradle.launcher.daemon.bootstrap.GradleDaemon 8.5
java_class_path (initial): C:\Users\bread\.gradle\wrapper\dists\gradle-8.5-bin\5t9huq95ubn472n8rpzujfbqh\gradle-8.5\lib\gradle-launcher-8.5.jar
Launcher Type: SUN_STANDARD

[Global flags]
     intx CICompilerCount                          = 4                                         {product} {ergonomic}
   size_t CompressedClassSpaceSize                 = 436207616                                 {product} {ergonomic}
     uint ConcGCThreads                            = 3                                         {product} {ergonomic}
     uint G1ConcRefinementThreads                  = 10                                        {product} {ergonomic}
   size_t G1HeapRegionSize                         = 1048576                                   {product} {ergonomic}
    uintx GCDrainStackTargetSize                   = 64                                        {product} {ergonomic}
   size_t InitialHeapSize                          = 266338304                                 {product} {ergonomic}
   size_t MarkStackSize                            = 4194304                                   {product} {ergonomic}
   size_t MaxHeapSize                              = 1073741824                                {product} {command line}
   size_t MaxMetaspaceSize                         = 536870912                                 {product} {command line}
   size_t MaxNewSize                               = 643825664                                 {product} {ergonomic}
   size_t MinHeapDeltaBytes                        = 1048576                                   {product} {ergonomic}
   size_t MinHeapSize                              = 8388608                                   {product} {ergonomic}
    uintx NonNMethodCodeHeapSize                   = 5839372                                {pd product} {ergonomic}
    uintx NonProfiledCodeHeapSize                  = 122909434                              {pd product} {ergonomic}
    uintx ProfiledCodeHeapSize                     = 122909434                              {pd product} {ergonomic}
    uintx ReservedCodeCacheSize                    = 251658240                              {pd product} {ergonomic}
     bool SegmentedCodeCache                       = true                                      {product} {ergonomic}
   size_t SoftMaxHeapSize                          = 1073741824                             {manageable} {ergonomic}
     bool UseCompressedClassPointers               = true                           {product lp64_product} {ergonomic}
     bool UseCompressedOops                        = true                           {product lp64_product} {ergonomic}
     bool UseG1GC                                  = true                                      {product} {ergonomic}
     bool UseLargePagesIndividualAllocation        = false                                  {pd product} {ergonomic}

Logging:
Log output configuration:
 #0: stdout all=warning uptime,level,tags
 #1: stderr all=off uptime,level,tags

Environment Variables:
JAVA_HOME=C:\Program Files\Eclipse Adoptium\jdk-17.0.19.10-hotspot
PATH=C:\Users\bread\bin;C:\Program Files\Git\mingw64\bin;C:\Program Files\Git\usr\local\bin;C:\Program Files\Git\usr\bin;C:\Program Files\Git\usr\bin;C:\Program Files\Git\mingw64\bin;C:\Program Files\Git\usr\bin;C:\Users\bread\bin;C:\Program Files\Eclipse Adoptium\jdk-17.0.19.10-hotspot\bin;C:\Windows\system32;C:\Windows;C:\Windows\System32\Wbem;C:\Windows\System32\WindowsPowerShell\v1.0;C:\Windows\System32\OpenSSH;C:\Program Files\NVIDIA Corporation\NVIDIA App\NvDLISR;C:\Program Files (x86)\NVIDIA Corporation\PhysX\Common;E:\nodejs;C:\Program Files\Git\cmd;C:\Users\bread\.local\bin;C:\Users\bread\AppData\Local\Microsoft\WindowsApps;C:\Users\bread\AppData\Roaming\npm;E:\Microsoft VS Code\bin;C:\Program Files\Eclipse Adoptium\jdk-17.0.19.10-hotspot\bin;C:\Users\bread\AppData\Local\Android\Sdk\platform-tools;C:\Users\bread\AppData\Local\Android\Sdk\cmdline-tools\latest\bin;E:\IntelliJ IDEA 2026.2\bin;C:\Program Files\Git\usr\bin\vendor_perl;C:\Program Files\Git\usr\bin\core_perl
USERNAME=bread
SHELL=C:\Program Files\Git\usr\bin\bash.exe
TERM=xterm-256color
OS=Windows_NT
PROCESSOR_IDENTIFIER=Intel64 Family 6 Model 165 Stepping 0, GenuineIntel
TMP=C:\Users\bread\AppData\Local\Temp
TEMP=C:\Users\bread\AppData\Local\Temp



Periodic native trim disabled


---------------  S Y S T E M  ---------------

OS:
 Windows 11 , 64 bit Build 22621 (10.0.22621.5415)
OS uptime: 1 days 0:56 hours

CPU: total 12 (initial active 12) (6 cores per cpu, 2 threads per core) family 6 model 165 stepping 0 microcode 0xbe, cx8, cmov, fxsr, ht, mmx, 3dnowpref, sse, sse2, sse3, ssse3, sse4.1, sse4.2, popcnt, lzcnt, tsc, tscinvbit, avx, avx2, aes, erms, clmul, bmi1, bmi2, rtm, adx, fma, vzeroupper, clflush, clflushopt
Processor Information for all 12 processors :
  Max Mhz: 3000, Current Mhz: 3000, Mhz Limit: 3000

Memory: 4k page, system-wide physical 16202M (3098M free)
TotalPageFile size 31340M (AvailPageFile size 45M)
current process WorkingSet (physical memory assigned to process): 513M, peak: 515M
current process commit charge ("private bytes"): 597M, peak: 879M

vm_info: OpenJDK 64-Bit Server VM (17.0.19+10) for windows-amd64 JRE (17.0.19+10), built on Apr 25 2026 08:04:44 by "admin" with MS VC++ 17.12 (VS2022)

END.
