#
# There is insufficient memory for the Java Runtime Environment to continue.
# Native memory allocation (mmap) failed to map 61865984 bytes. Error detail: G1 virtual space
# Possible reasons:
#   The system is out of physical RAM or swap space
#   This process is running with CompressedOops enabled, and the Java Heap may be blocking the growth of the native heap
# Possible solutions:
#   Reduce memory load on the system
#   Increase physical memory or swap space
#   Check if swap backing store is full
#   Decrease Java heap size (-Xmx/-Xms)
#   Decrease number of Java threads
#   Decrease Java thread stack sizes (-Xss)
#   Set larger code cache with -XX:ReservedCodeCacheSize=
#   JVM is running with Unscaled Compressed Oops mode in which the Java heap is
#     placed in the first 4GB address space. The Java Heap base address is the
#     maximum limit for the native heap growth. Please use -XX:HeapBaseMinAddress
#     to set the Java Heap base and to place the Java Heap above 4GB virtual address.
# This output file may be truncated or incomplete.
#
#  Out of Memory Error (os_windows.cpp:3618), pid=3540, tid=4468
#
# JRE version: OpenJDK Runtime Environment Temurin-17.0.19+10 (17.0.19+10) (build 17.0.19+10)
# Java VM: OpenJDK 64-Bit Server VM Temurin-17.0.19+10 (17.0.19+10, mixed mode, sharing, tiered, compressed oops, compressed class ptrs, g1 gc, windows-amd64)
# No core dump will be written. Minidumps are not enabled by default on client versions of Windows
#

---------------  S U M M A R Y ------------

Command Line: --add-opens=java.base/java.util=ALL-UNNAMED --add-opens=java.base/java.lang=ALL-UNNAMED --add-opens=java.base/java.lang.invoke=ALL-UNNAMED --add-opens=java.prefs/java.util.prefs=ALL-UNNAMED --add-opens=java.base/java.nio.charset=ALL-UNNAMED --add-opens=java.base/java.net=ALL-UNNAMED --add-opens=java.base/java.util.concurrent.atomic=ALL-UNNAMED -Xmx2g -Dfile.encoding=UTF-8 -Duser.country=CN -Duser.language=zh -Duser.variant -javaagent:C:\Users\bread\.gradle\wrapper\dists\gradle-8.5-bin\5t9huq95ubn472n8rpzujfbqh\gradle-8.5\lib\agents\gradle-instrumentation-agent-8.5.jar org.gradle.launcher.daemon.bootstrap.GradleDaemon 8.5

Host: Genuine Intel(R) CPU 0000 @ 3.00GHz, 12 cores, 15G,  Windows 11 , 64 bit Build 22621 (10.0.22621.5415)
Time: Thu Jul 30 00:59:47 2026  Windows 11 , 64 bit Build 22621 (10.0.22621.5415) elapsed time: 12.829568 seconds (0d 0h 0m 12s)

---------------  T H R E A D  ---------------

Current thread (0x0000013ef2508e10):  VMThread "VM Thread" [stack: 0x0000003e9a000000,0x0000003e9a100000] [id=4468]

Stack: [0x0000003e9a000000,0x0000003e9a100000]
Native frames: (J=compiled Java code, j=interpreted, Vv=VM code, C=native code)
V  [jvm.dll+0x684b29]
V  [jvm.dll+0x83a2d5]
V  [jvm.dll+0x83bd4e]
V  [jvm.dll+0x83c3d3]
V  [jvm.dll+0x24905f]
V  [jvm.dll+0x6818e9]
V  [jvm.dll+0x6766ea]
V  [jvm.dll+0x3093b7]
V  [jvm.dll+0x3109a6]
V  [jvm.dll+0x360f1e]
V  [jvm.dll+0x36115d]
V  [jvm.dll+0x2e043c]
V  [jvm.dll+0x2de812]
V  [jvm.dll+0x2ddfac]
V  [jvm.dll+0x320c6b]
V  [jvm.dll+0x840bed]
V  [jvm.dll+0x841923]
V  [jvm.dll+0x841e4f]
V  [jvm.dll+0x842235]
V  [jvm.dll+0x8422fe]
V  [jvm.dll+0x7eaf1c]
V  [jvm.dll+0x6839f7]
C  [ucrtbase.dll+0x29333]
C  [KERNEL32.DLL+0x1259d]
C  [ntdll.dll+0x5af78]

VM_Operation (0x0000003e9baf87e0): G1CollectForAllocation, mode: safepoint, requested by thread 0x0000013ef8a1fce0


---------------  P R O C E S S  ---------------

Threads class SMR info:
_java_thread_list=0x0000013efbde5c00, length=35, elements={
0x0000013ed403e000, 0x0000013ef2515f80, 0x0000013ef2516a10, 0x0000013ef252c2a0,
0x0000013ef252c980, 0x0000013ef252f060, 0x0000013ef2531640, 0x0000013ef2536000,
0x0000013ef2547420, 0x0000013ef2a51f40, 0x0000013ef24fb300, 0x0000013ef2bed630,
0x0000013ef8bd2690, 0x0000013ef8cd6b00, 0x0000013ef8820010, 0x0000013ef876f4e0,
0x0000013ef84eabc0, 0x0000013ef8a20c10, 0x0000013ef8a1fce0, 0x0000013ef8a21120,
0x0000013ef8a1e8a0, 0x0000013ef8a1e390, 0x0000013ef8a1edb0, 0x0000013ef8a1f2c0,
0x0000013ef8a21b40, 0x0000013ef8a1f7d0, 0x0000013ef8a21630, 0x0000013ef8a201f0,
0x0000013ef933d6d0, 0x0000013ef933eb10, 0x0000013ef93418a0, 0x0000013ef933a430,
0x0000013ef933b870, 0x0000013ef9341390, 0x0000013ef8bfc330
}

Java Threads: ( => current thread )
  0x0000013ed403e000 JavaThread "main" [_thread_blocked, id=14380, stack(0x0000003e99a00000,0x0000003e99b00000)]
  0x0000013ef2515f80 JavaThread "Reference Handler" daemon [_thread_blocked, id=25564, stack(0x0000003e9a100000,0x0000003e9a200000)]
  0x0000013ef2516a10 JavaThread "Finalizer" daemon [_thread_blocked, id=20428, stack(0x0000003e9a200000,0x0000003e9a300000)]
  0x0000013ef252c2a0 JavaThread "Signal Dispatcher" daemon [_thread_blocked, id=3456, stack(0x0000003e9a300000,0x0000003e9a400000)]
  0x0000013ef252c980 JavaThread "Attach Listener" daemon [_thread_blocked, id=24448, stack(0x0000003e9a400000,0x0000003e9a500000)]
  0x0000013ef252f060 JavaThread "Service Thread" daemon [_thread_blocked, id=19548, stack(0x0000003e9a500000,0x0000003e9a600000)]
  0x0000013ef2531640 JavaThread "Monitor Deflation Thread" daemon [_thread_blocked, id=24500, stack(0x0000003e9a600000,0x0000003e9a700000)]
  0x0000013ef2536000 JavaThread "C2 CompilerThread0" daemon [_thread_blocked, id=19760, stack(0x0000003e9a700000,0x0000003e9a800000)]
  0x0000013ef2547420 JavaThread "C1 CompilerThread0" daemon [_thread_blocked, id=26036, stack(0x0000003e9a800000,0x0000003e9a900000)]
  0x0000013ef2a51f40 JavaThread "Sweeper thread" daemon [_thread_blocked, id=1956, stack(0x0000003e9a900000,0x0000003e9aa00000)]
  0x0000013ef24fb300 JavaThread "Common-Cleaner" daemon [_thread_blocked, id=25932, stack(0x0000003e9aa00000,0x0000003e9ab00000)]
  0x0000013ef2bed630 JavaThread "Notification Thread" daemon [_thread_blocked, id=5784, stack(0x0000003e9ab00000,0x0000003e9ac00000)]
  0x0000013ef8bd2690 JavaThread "Daemon health stats" [_thread_blocked, id=972, stack(0x0000003e9b400000,0x0000003e9b500000)]
  0x0000013ef8cd6b00 JavaThread "Incoming local TCP Connector on port 61356" [_thread_in_native, id=3508, stack(0x0000003e9b500000,0x0000003e9b600000)]
  0x0000013ef8820010 JavaThread "Daemon periodic checks" [_thread_blocked, id=1348, stack(0x0000003e9b600000,0x0000003e9b700000)]
  0x0000013ef876f4e0 JavaThread "Daemon" [_thread_blocked, id=23896, stack(0x0000003e9b700000,0x0000003e9b800000)]
  0x0000013ef84eabc0 JavaThread "Handler for socket connection from /127.0.0.1:61356 to /127.0.0.1:61357" [_thread_in_native, id=2484, stack(0x0000003e9b800000,0x0000003e9b900000)]
  0x0000013ef8a20c10 JavaThread "Cancel handler" [_thread_blocked, id=15964, stack(0x0000003e9b900000,0x0000003e9ba00000)]
  0x0000013ef8a1fce0 JavaThread "Daemon worker" [_thread_blocked, id=22336, stack(0x0000003e9ba00000,0x0000003e9bb00000)]
  0x0000013ef8a21120 JavaThread "Asynchronous log dispatcher for DefaultDaemonConnection: socket connection from /127.0.0.1:61356 to /127.0.0.1:61357" [_thread_blocked, id=24776, stack(0x0000003e9bb00000,0x0000003e9bc00000)]
  0x0000013ef8a1e8a0 JavaThread "Stdin handler" [_thread_blocked, id=24680, stack(0x0000003e9bc00000,0x0000003e9bd00000)]
  0x0000013ef8a1e390 JavaThread "Daemon client event forwarder" [_thread_blocked, id=2976, stack(0x0000003e9bd00000,0x0000003e9be00000)]
  0x0000013ef8a1edb0 JavaThread "Cache worker for journal cache (C:\Users\bread\.gradle\caches\journal-1)" [_thread_blocked, id=16404, stack(0x0000003e9be00000,0x0000003e9bf00000)]
  0x0000013ef8a1f2c0 JavaThread "File lock request listener" [_thread_in_native, id=8400, stack(0x0000003e9bf00000,0x0000003e9c000000)]
  0x0000013ef8a21b40 JavaThread "Cache worker for file hash cache (C:\Users\bread\.gradle\caches\8.5\fileHashes)" [_thread_blocked, id=18952, stack(0x0000003e9ae00000,0x0000003e9af00000)]
  0x0000013ef8a1f7d0 JavaThread "File watcher server" daemon [_thread_in_native, id=16336, stack(0x0000003e9c100000,0x0000003e9c200000)]
  0x0000013ef8a21630 JavaThread "File watcher consumer" daemon [_thread_blocked, id=17216, stack(0x0000003e9c200000,0x0000003e9c300000)]
  0x0000013ef8a201f0 JavaThread "Cache worker for checksums cache (D:\kmxt\sdk\android\.gradle\8.5\checksums)" [_thread_blocked, id=9344, stack(0x0000003e9c900000,0x0000003e9ca00000)]
  0x0000013ef933d6d0 JavaThread "Cache worker for file hash cache (D:\kmxt\sdk\android\.gradle\8.5\fileHashes)" [_thread_blocked, id=25304, stack(0x0000003e9ca00000,0x0000003e9cb00000)]
  0x0000013ef933eb10 JavaThread "Cache worker for cache directory md-supplier (C:\Users\bread\.gradle\caches\8.5\md-supplier)" [_thread_blocked, id=26488, stack(0x0000003e9cb00000,0x0000003e9cc00000)]
  0x0000013ef93418a0 JavaThread "Cache worker for cache directory md-rule (C:\Users\bread\.gradle\caches\8.5\md-rule)" [_thread_blocked, id=2608, stack(0x0000003e9cc00000,0x0000003e9cd00000)]
  0x0000013ef933a430 JavaThread "Cache worker for file content cache (C:\Users\bread\.gradle\caches\8.5\fileContent)" [_thread_blocked, id=4144, stack(0x0000003e9c000000,0x0000003e9c100000)]
  0x0000013ef933b870 JavaThread "Cache worker for execution history cache (C:\Users\bread\.gradle\caches\8.5\executionHistory)" [_thread_blocked, id=10660, stack(0x0000003e9cd00000,0x0000003e9ce00000)]
  0x0000013ef9341390 JavaThread "Cache worker for kotlin-dsl (C:\Users\bread\.gradle\caches\8.5\kotlin-dsl)" [_thread_blocked, id=25432, stack(0x0000003e9cf00000,0x0000003e9d000000)]
  0x0000013ef8bfc330 JavaThread "C2 CompilerThread1" daemon [_thread_blocked, id=27112, stack(0x0000003e9ad00000,0x0000003e9ae00000)]

Other Threads:
=>0x0000013ef2508e10 VMThread "VM Thread" [stack: 0x0000003e9a000000,0x0000003e9a100000] [id=4468]
  0x0000013ef2c03060 WatcherThread [stack: 0x0000003e9ac00000,0x0000003e9ad00000] [id=13232]
  0x0000013ed409add0 GCTaskThread "GC Thread#0" [stack: 0x0000003e99b00000,0x0000003e99c00000] [id=12952]
  0x0000013ef7e94840 GCTaskThread "GC Thread#1" [stack: 0x0000003e9af00000,0x0000003e9b000000] [id=18872]
  0x0000013ef7ff7750 GCTaskThread "GC Thread#2" [stack: 0x0000003e9b000000,0x0000003e9b100000] [id=11560]
  0x0000013ef7db02d0 GCTaskThread "GC Thread#3" [stack: 0x0000003e9b100000,0x0000003e9b200000] [id=7012]
  0x0000013ef7f73030 GCTaskThread "GC Thread#4" [stack: 0x0000003e9b200000,0x0000003e9b300000] [id=4256]
  0x0000013ef78bc500 GCTaskThread "GC Thread#5" [stack: 0x0000003e9b300000,0x0000003e9b400000] [id=19992]
  0x0000013efb71eb90 GCTaskThread "GC Thread#6" [stack: 0x0000003e9c300000,0x0000003e9c400000] [id=9092]
  0x0000013efb0c14d0 GCTaskThread "GC Thread#7" [stack: 0x0000003e9c400000,0x0000003e9c500000] [id=6156]
  0x0000013ef8bc83a0 GCTaskThread "GC Thread#8" [stack: 0x0000003e9c500000,0x0000003e9c600000] [id=26452]
  0x0000013ef7109c90 GCTaskThread "GC Thread#9" [stack: 0x0000003e9c600000,0x0000003e9c700000] [id=12496]
  0x0000013ed40abd20 ConcurrentGCThread "G1 Main Marker" [stack: 0x0000003e99c00000,0x0000003e99d00000] [id=8420]
  0x0000013ed40ac740 ConcurrentGCThread "G1 Conc#0" [stack: 0x0000003e99d00000,0x0000003e99e00000] [id=17676]
  0x0000013ef9325660 ConcurrentGCThread "G1 Conc#1" [stack: 0x0000003e9c700000,0x0000003e9c800000] [id=10140]
  0x0000013ef9c99840 ConcurrentGCThread "G1 Conc#2" [stack: 0x0000003e9c800000,0x0000003e9c900000] [id=23908]
  0x0000013ef2445d40 ConcurrentGCThread "G1 Refine#0" [stack: 0x0000003e99e00000,0x0000003e99f00000] [id=1848]
  0x0000013ed40ed5b0 ConcurrentGCThread "G1 Service" [stack: 0x0000003e99f00000,0x0000003e9a000000] [id=2160]

Threads with active compile tasks:
C2 CompilerThread1  12845 4931       4       java.lang.StringLatin1::lastIndexOf (125 bytes)

VM state: at safepoint (normal execution)

VM Mutex/Monitor currently owned by a thread:  ([mutex/lock_event])
[0x0000013ed403a480] Threads_lock - owner thread: 0x0000013ef2508e10
[0x0000013ed403ab40] Heap_lock - owner thread: 0x0000013ef8a1fce0

Heap address: 0x0000000080000000, size: 2048 MB, Compressed Oops mode: 32-bit

CDS archive(s) mapped at: [0x0000013e80000000-0x0000013e80bb0000-0x0000013e80bb0000), size 12255232, SharedBaseAddress: 0x0000013e80000000, ArchiveRelocationMode: 1.
Compressed class space mapped at: 0x0000013e81000000-0x0000013ec1000000, reserved size: 1073741824
Narrow klass base: 0x0000013e80000000, Narrow klass shift: 0, Narrow klass range: 0x100000000

GC Precious Log:
 CPUs: 12 total, 12 available
 Memory: 16202M
 Large Page Support: Disabled
 NUMA Support: Disabled
 Compressed Oops: Enabled (32-bit)
 Heap Region Size: 1M
 Heap Min Capacity: 8M
 Heap Initial Capacity: 254M
 Heap Max Capacity: 2G
 Pre-touch: Disabled
 Parallel Workers: 10
 Concurrent Workers: 3
 Concurrent Refinement Workers: 10
 Periodic GC: Disabled

Heap:
 garbage-first heap   total 299008K, used 50627K [0x0000000080000000, 0x0000000100000000)
  region size 1024K, 13 young (13312K), 13 survivors (13312K)
 Metaspace       used 32367K, committed 32832K, reserved 1114112K
  class space    used 4499K, committed 4736K, reserved 1048576K

Heap Regions: E=young(eden), S=young(survivor), O=old, HS=humongous(starts), HC=humongous(continues), CS=collection set, F=free, OA=open archive, CA=closed archive, TAMS=top-at-mark-start (previous, next)
|   0|0x0000000080000000, 0x0000000080100000, 0x0000000080100000|100%|HS|  |TAMS 0x0000000080100000, 0x0000000080000000| Complete 
|   1|0x0000000080100000, 0x0000000080200000, 0x0000000080200000|100%|HC|  |TAMS 0x0000000080200000, 0x0000000080100000| Complete 
|   2|0x0000000080200000, 0x0000000080300000, 0x0000000080300000|100%|HC|  |TAMS 0x0000000080300000, 0x0000000080200000| Complete 
|   3|0x0000000080300000, 0x0000000080400000, 0x0000000080400000|100%|HC|  |TAMS 0x0000000080400000, 0x0000000080300000| Complete 
|   4|0x0000000080400000, 0x0000000080500000, 0x0000000080500000|100%| O|  |TAMS 0x0000000080500000, 0x0000000080400000| Untracked 
|   5|0x0000000080500000, 0x0000000080600000, 0x0000000080600000|100%| O|  |TAMS 0x0000000080600000, 0x0000000080500000| Untracked 
|   6|0x0000000080600000, 0x0000000080700000, 0x0000000080700000|100%| O|  |TAMS 0x0000000080700000, 0x0000000080600000| Untracked 
|   7|0x0000000080700000, 0x0000000080800000, 0x0000000080800000|100%| O|  |TAMS 0x0000000080800000, 0x0000000080700000| Untracked 
|   8|0x0000000080800000, 0x0000000080900000, 0x0000000080900000|100%| O|  |TAMS 0x0000000080900000, 0x0000000080800000| Untracked 
|   9|0x0000000080900000, 0x0000000080a00000, 0x0000000080a00000|100%| O|  |TAMS 0x0000000080a00000, 0x0000000080900000| Untracked 
|  10|0x0000000080a00000, 0x0000000080a99a00, 0x0000000080b00000| 60%| O|  |TAMS 0x0000000080a99a00, 0x0000000080a00000| Untracked 
|  11|0x0000000080b00000, 0x0000000080c00000, 0x0000000080c00000|100%| O|  |TAMS 0x0000000080b00000, 0x0000000080b00000| Untracked 
|  12|0x0000000080c00000, 0x0000000080d00000, 0x0000000080d00000|100%| O|  |TAMS 0x0000000080c00000, 0x0000000080c00000| Untracked 
|  13|0x0000000080d00000, 0x0000000080e00000, 0x0000000080e00000|100%| O|  |TAMS 0x0000000080d00000, 0x0000000080d00000| Untracked 
|  14|0x0000000080e00000, 0x0000000080f00000, 0x0000000080f00000|100%| O|  |TAMS 0x0000000080e00000, 0x0000000080e00000| Untracked 
|  15|0x0000000080f00000, 0x0000000081000000, 0x0000000081000000|100%| O|  |TAMS 0x0000000080f00000, 0x0000000080f00000| Untracked 
|  16|0x0000000081000000, 0x0000000081100000, 0x0000000081100000|100%| O|  |TAMS 0x0000000081000000, 0x0000000081000000| Untracked 
|  17|0x0000000081100000, 0x0000000081200000, 0x0000000081200000|100%| O|  |TAMS 0x0000000081100000, 0x0000000081100000| Untracked 
|  18|0x0000000081200000, 0x0000000081300000, 0x0000000081300000|100%| O|  |TAMS 0x0000000081200000, 0x0000000081200000| Untracked 
|  19|0x0000000081300000, 0x0000000081400000, 0x0000000081400000|100%| O|  |TAMS 0x0000000081300000, 0x0000000081300000| Untracked 
|  20|0x0000000081400000, 0x0000000081500000, 0x0000000081500000|100%| O|  |TAMS 0x0000000081400000, 0x0000000081400000| Untracked 
|  21|0x0000000081500000, 0x0000000081600000, 0x0000000081600000|100%| O|  |TAMS 0x0000000081500000, 0x0000000081500000| Untracked 
|  22|0x0000000081600000, 0x0000000081700000, 0x0000000081700000|100%| O|  |TAMS 0x0000000081600000, 0x0000000081600000| Untracked 
|  23|0x0000000081700000, 0x0000000081800000, 0x0000000081800000|100%| O|  |TAMS 0x0000000081700000, 0x0000000081700000| Untracked 
|  24|0x0000000081800000, 0x0000000081900000, 0x0000000081900000|100%| O|  |TAMS 0x0000000081800000, 0x0000000081800000| Untracked 
|  25|0x0000000081900000, 0x0000000081a00000, 0x0000000081a00000|100%| O|  |TAMS 0x0000000081900000, 0x0000000081900000| Untracked 
|  26|0x0000000081a00000, 0x0000000081b00000, 0x0000000081b00000|100%| O|  |TAMS 0x0000000081a00000, 0x0000000081a00000| Untracked 
|  27|0x0000000081b00000, 0x0000000081c00000, 0x0000000081c00000|100%| O|  |TAMS 0x0000000081b00000, 0x0000000081b00000| Untracked 
|  28|0x0000000081c00000, 0x0000000081d00000, 0x0000000081d00000|100%| O|  |TAMS 0x0000000081c00000, 0x0000000081c00000| Untracked 
|  29|0x0000000081d00000, 0x0000000081e00000, 0x0000000081e00000|100%| O|  |TAMS 0x0000000081d00000, 0x0000000081d00000| Untracked 
|  30|0x0000000081e00000, 0x0000000081f00000, 0x0000000081f00000|100%| O|  |TAMS 0x0000000081e00000, 0x0000000081e00000| Untracked 
|  31|0x0000000081f00000, 0x0000000082000000, 0x0000000082000000|100%| O|  |TAMS 0x0000000081f00000, 0x0000000081f00000| Untracked 
|  32|0x0000000082000000, 0x0000000082100000, 0x0000000082100000|100%| O|  |TAMS 0x0000000082000000, 0x0000000082000000| Untracked 
|  33|0x0000000082100000, 0x0000000082200000, 0x0000000082200000|100%| O|  |TAMS 0x0000000082100000, 0x0000000082100000| Untracked 
|  34|0x0000000082200000, 0x0000000082300000, 0x0000000082300000|100%| O|  |TAMS 0x0000000082200000, 0x0000000082200000| Untracked 
|  35|0x0000000082300000, 0x0000000082400000, 0x0000000082400000|100%| O|  |TAMS 0x0000000082300000, 0x0000000082300000| Untracked 
|  36|0x0000000082400000, 0x000000008246ea00, 0x0000000082500000| 43%| O|  |TAMS 0x0000000082400000, 0x0000000082400000| Untracked 
|  37|0x0000000082500000, 0x0000000082500000, 0x0000000082600000|  0%| F|  |TAMS 0x0000000082500000, 0x0000000082500000| Untracked 
|  38|0x0000000082600000, 0x0000000082600000, 0x0000000082700000|  0%| F|  |TAMS 0x0000000082600000, 0x0000000082600000| Untracked 
|  39|0x0000000082700000, 0x0000000082700000, 0x0000000082800000|  0%| F|  |TAMS 0x0000000082700000, 0x0000000082700000| Untracked 
|  40|0x0000000082800000, 0x0000000082900000, 0x0000000082900000|100%| O|  |TAMS 0x0000000082800000, 0x0000000082800000| Untracked 
|  41|0x0000000082900000, 0x0000000082900000, 0x0000000082a00000|  0%| F|  |TAMS 0x0000000082900000, 0x0000000082900000| Untracked 
|  42|0x0000000082a00000, 0x0000000082a00000, 0x0000000082b00000|  0%| F|  |TAMS 0x0000000082a00000, 0x0000000082a00000| Untracked 
|  43|0x0000000082b00000, 0x0000000082b00000, 0x0000000082c00000|  0%| F|  |TAMS 0x0000000082b00000, 0x0000000082b00000| Untracked 
|  44|0x0000000082c00000, 0x0000000082c00000, 0x0000000082d00000|  0%| F|  |TAMS 0x0000000082c00000, 0x0000000082c00000| Untracked 
|  45|0x0000000082d00000, 0x0000000082d00000, 0x0000000082e00000|  0%| F|  |TAMS 0x0000000082d00000, 0x0000000082d00000| Untracked 
|  46|0x0000000082e00000, 0x0000000082e00000, 0x0000000082f00000|  0%| F|  |TAMS 0x0000000082e00000, 0x0000000082e00000| Untracked 
|  47|0x0000000082f00000, 0x0000000082f00000, 0x0000000083000000|  0%| F|  |TAMS 0x0000000082f00000, 0x0000000082f00000| Untracked 
|  48|0x0000000083000000, 0x0000000083000000, 0x0000000083100000|  0%| F|  |TAMS 0x0000000083000000, 0x0000000083000000| Untracked 
|  49|0x0000000083100000, 0x0000000083100000, 0x0000000083200000|  0%| F|  |TAMS 0x0000000083100000, 0x0000000083100000| Untracked 
|  50|0x0000000083200000, 0x0000000083200000, 0x0000000083300000|  0%| F|  |TAMS 0x0000000083200000, 0x0000000083200000| Untracked 
|  51|0x0000000083300000, 0x0000000083300000, 0x0000000083400000|  0%| F|  |TAMS 0x0000000083300000, 0x0000000083300000| Untracked 
|  52|0x0000000083400000, 0x0000000083400000, 0x0000000083500000|  0%| F|  |TAMS 0x0000000083400000, 0x0000000083400000| Untracked 
|  53|0x0000000083500000, 0x0000000083500000, 0x0000000083600000|  0%| F|  |TAMS 0x0000000083500000, 0x0000000083500000| Untracked 
|  54|0x0000000083600000, 0x0000000083600000, 0x0000000083700000|  0%| F|  |TAMS 0x0000000083600000, 0x0000000083600000| Untracked 
|  55|0x0000000083700000, 0x0000000083700000, 0x0000000083800000|  0%| F|  |TAMS 0x0000000083700000, 0x0000000083700000| Untracked 
|  56|0x0000000083800000, 0x0000000083800000, 0x0000000083900000|  0%| F|  |TAMS 0x0000000083800000, 0x0000000083800000| Untracked 
|  57|0x0000000083900000, 0x0000000083900000, 0x0000000083a00000|  0%| F|  |TAMS 0x0000000083900000, 0x0000000083900000| Untracked 
|  58|0x0000000083a00000, 0x0000000083a00000, 0x0000000083b00000|  0%| F|  |TAMS 0x0000000083a00000, 0x0000000083a00000| Untracked 
|  59|0x0000000083b00000, 0x0000000083b00000, 0x0000000083c00000|  0%| F|  |TAMS 0x0000000083b00000, 0x0000000083b00000| Untracked 
|  60|0x0000000083c00000, 0x0000000083c00000, 0x0000000083d00000|  0%| F|  |TAMS 0x0000000083c00000, 0x0000000083c00000| Untracked 
|  61|0x0000000083d00000, 0x0000000083d00000, 0x0000000083e00000|  0%| F|  |TAMS 0x0000000083d00000, 0x0000000083d00000| Untracked 
|  62|0x0000000083e00000, 0x0000000083e00000, 0x0000000083f00000|  0%| F|  |TAMS 0x0000000083e00000, 0x0000000083e00000| Untracked 
|  63|0x0000000083f00000, 0x0000000083f00000, 0x0000000084000000|  0%| F|  |TAMS 0x0000000083f00000, 0x0000000083f00000| Untracked 
|  64|0x0000000084000000, 0x0000000084000000, 0x0000000084100000|  0%| F|  |TAMS 0x0000000084000000, 0x0000000084000000| Untracked 
|  65|0x0000000084100000, 0x0000000084100000, 0x0000000084200000|  0%| F|  |TAMS 0x0000000084100000, 0x0000000084100000| Untracked 
|  66|0x0000000084200000, 0x0000000084200000, 0x0000000084300000|  0%| F|  |TAMS 0x0000000084200000, 0x0000000084200000| Untracked 
|  67|0x0000000084300000, 0x0000000084300000, 0x0000000084400000|  0%| F|  |TAMS 0x0000000084300000, 0x0000000084300000| Untracked 
|  68|0x0000000084400000, 0x0000000084400000, 0x0000000084500000|  0%| F|  |TAMS 0x0000000084400000, 0x0000000084400000| Untracked 
|  69|0x0000000084500000, 0x0000000084500000, 0x0000000084600000|  0%| F|  |TAMS 0x0000000084500000, 0x0000000084500000| Untracked 
|  70|0x0000000084600000, 0x0000000084600000, 0x0000000084700000|  0%| F|  |TAMS 0x0000000084600000, 0x0000000084600000| Untracked 
|  71|0x0000000084700000, 0x0000000084700000, 0x0000000084800000|  0%| F|  |TAMS 0x0000000084700000, 0x0000000084700000| Untracked 
|  72|0x0000000084800000, 0x0000000084800000, 0x0000000084900000|  0%| F|  |TAMS 0x0000000084800000, 0x0000000084800000| Untracked 
|  73|0x0000000084900000, 0x0000000084900000, 0x0000000084a00000|  0%| F|  |TAMS 0x0000000084900000, 0x0000000084900000| Untracked 
|  74|0x0000000084a00000, 0x0000000084a00000, 0x0000000084b00000|  0%| F|  |TAMS 0x0000000084a00000, 0x0000000084a00000| Untracked 
|  75|0x0000000084b00000, 0x0000000084b00000, 0x0000000084c00000|  0%| F|  |TAMS 0x0000000084b00000, 0x0000000084b00000| Untracked 
|  76|0x0000000084c00000, 0x0000000084c00000, 0x0000000084d00000|  0%| F|  |TAMS 0x0000000084c00000, 0x0000000084c00000| Untracked 
|  77|0x0000000084d00000, 0x0000000084d00000, 0x0000000084e00000|  0%| F|  |TAMS 0x0000000084d00000, 0x0000000084d00000| Untracked 
|  78|0x0000000084e00000, 0x0000000084e00000, 0x0000000084f00000|  0%| F|  |TAMS 0x0000000084e00000, 0x0000000084e00000| Untracked 
|  79|0x0000000084f00000, 0x0000000084f00000, 0x0000000085000000|  0%| F|  |TAMS 0x0000000084f00000, 0x0000000084f00000| Untracked 
|  80|0x0000000085000000, 0x0000000085000000, 0x0000000085100000|  0%| F|  |TAMS 0x0000000085000000, 0x0000000085000000| Untracked 
|  81|0x0000000085100000, 0x0000000085100000, 0x0000000085200000|  0%| F|  |TAMS 0x0000000085100000, 0x0000000085100000| Untracked 
|  82|0x0000000085200000, 0x0000000085200000, 0x0000000085300000|  0%| F|  |TAMS 0x0000000085200000, 0x0000000085200000| Untracked 
|  83|0x0000000085300000, 0x0000000085300000, 0x0000000085400000|  0%| F|  |TAMS 0x0000000085300000, 0x0000000085300000| Untracked 
|  84|0x0000000085400000, 0x0000000085400000, 0x0000000085500000|  0%| F|  |TAMS 0x0000000085400000, 0x0000000085400000| Untracked 
|  85|0x0000000085500000, 0x0000000085500000, 0x0000000085600000|  0%| F|  |TAMS 0x0000000085500000, 0x0000000085500000| Untracked 
|  86|0x0000000085600000, 0x0000000085600000, 0x0000000085700000|  0%| F|  |TAMS 0x0000000085600000, 0x0000000085600000| Untracked 
|  87|0x0000000085700000, 0x0000000085700000, 0x0000000085800000|  0%| F|  |TAMS 0x0000000085700000, 0x0000000085700000| Untracked 
|  88|0x0000000085800000, 0x0000000085800000, 0x0000000085900000|  0%| F|  |TAMS 0x0000000085800000, 0x0000000085800000| Untracked 
|  89|0x0000000085900000, 0x0000000085900000, 0x0000000085a00000|  0%| F|  |TAMS 0x0000000085900000, 0x0000000085900000| Untracked 
|  90|0x0000000085a00000, 0x0000000085a00000, 0x0000000085b00000|  0%| F|  |TAMS 0x0000000085a00000, 0x0000000085a00000| Untracked 
|  91|0x0000000085b00000, 0x0000000085b00000, 0x0000000085c00000|  0%| F|  |TAMS 0x0000000085b00000, 0x0000000085b00000| Untracked 
|  92|0x0000000085c00000, 0x0000000085c00000, 0x0000000085d00000|  0%| F|  |TAMS 0x0000000085c00000, 0x0000000085c00000| Untracked 
|  93|0x0000000085d00000, 0x0000000085d00000, 0x0000000085e00000|  0%| F|  |TAMS 0x0000000085d00000, 0x0000000085d00000| Untracked 
|  94|0x0000000085e00000, 0x0000000085e00000, 0x0000000085f00000|  0%| F|  |TAMS 0x0000000085e00000, 0x0000000085e00000| Untracked 
|  95|0x0000000085f00000, 0x0000000085f00000, 0x0000000086000000|  0%| F|  |TAMS 0x0000000085f00000, 0x0000000085f00000| Untracked 
|  96|0x0000000086000000, 0x0000000086000000, 0x0000000086100000|  0%| F|  |TAMS 0x0000000086000000, 0x0000000086000000| Untracked 
|  97|0x0000000086100000, 0x0000000086100000, 0x0000000086200000|  0%| F|  |TAMS 0x0000000086100000, 0x0000000086100000| Untracked 
|  98|0x0000000086200000, 0x0000000086200000, 0x0000000086300000|  0%| F|  |TAMS 0x0000000086200000, 0x0000000086200000| Untracked 
|  99|0x0000000086300000, 0x0000000086300000, 0x0000000086400000|  0%| F|  |TAMS 0x0000000086300000, 0x0000000086300000| Untracked 
| 100|0x0000000086400000, 0x0000000086400000, 0x0000000086500000|  0%| F|  |TAMS 0x0000000086400000, 0x0000000086400000| Untracked 
| 101|0x0000000086500000, 0x0000000086500000, 0x0000000086600000|  0%| F|  |TAMS 0x0000000086500000, 0x0000000086500000| Untracked 
| 102|0x0000000086600000, 0x0000000086600000, 0x0000000086700000|  0%| F|  |TAMS 0x0000000086600000, 0x0000000086600000| Untracked 
| 103|0x0000000086700000, 0x0000000086700000, 0x0000000086800000|  0%| F|  |TAMS 0x0000000086700000, 0x0000000086700000| Untracked 
| 104|0x0000000086800000, 0x0000000086868870, 0x0000000086900000| 40%| S|CS|TAMS 0x0000000086800000, 0x0000000086800000| Complete 
| 105|0x0000000086900000, 0x0000000086a00000, 0x0000000086a00000|100%| S|CS|TAMS 0x0000000086900000, 0x0000000086900000| Complete 
| 106|0x0000000086a00000, 0x0000000086b00000, 0x0000000086b00000|100%| S|CS|TAMS 0x0000000086a00000, 0x0000000086a00000| Complete 
| 107|0x0000000086b00000, 0x0000000086c00000, 0x0000000086c00000|100%| S|CS|TAMS 0x0000000086b00000, 0x0000000086b00000| Complete 
| 108|0x0000000086c00000, 0x0000000086d00000, 0x0000000086d00000|100%| S|CS|TAMS 0x0000000086c00000, 0x0000000086c00000| Complete 
| 109|0x0000000086d00000, 0x0000000086e00000, 0x0000000086e00000|100%| S|CS|TAMS 0x0000000086d00000, 0x0000000086d00000| Complete 
| 110|0x0000000086e00000, 0x0000000086f00000, 0x0000000086f00000|100%| S|CS|TAMS 0x0000000086e00000, 0x0000000086e00000| Complete 
| 111|0x0000000086f00000, 0x0000000087000000, 0x0000000087000000|100%| S|CS|TAMS 0x0000000086f00000, 0x0000000086f00000| Complete 
| 112|0x0000000087000000, 0x0000000087100000, 0x0000000087100000|100%| S|CS|TAMS 0x0000000087000000, 0x0000000087000000| Complete 
| 113|0x0000000087100000, 0x0000000087200000, 0x0000000087200000|100%| S|CS|TAMS 0x0000000087100000, 0x0000000087100000| Complete 
| 114|0x0000000087200000, 0x0000000087300000, 0x0000000087300000|100%| S|CS|TAMS 0x0000000087200000, 0x0000000087200000| Complete 
| 115|0x0000000087300000, 0x0000000087400000, 0x0000000087400000|100%| S|CS|TAMS 0x0000000087300000, 0x0000000087300000| Complete 
| 116|0x0000000087400000, 0x0000000087400000, 0x0000000087500000|  0%| F|  |TAMS 0x0000000087400000, 0x0000000087400000| Untracked 
| 117|0x0000000087500000, 0x0000000087500000, 0x0000000087600000|  0%| F|  |TAMS 0x0000000087500000, 0x0000000087500000| Untracked 
| 118|0x0000000087600000, 0x0000000087600000, 0x0000000087700000|  0%| F|  |TAMS 0x0000000087600000, 0x0000000087600000| Untracked 
| 119|0x0000000087700000, 0x0000000087700000, 0x0000000087800000|  0%| F|  |TAMS 0x0000000087700000, 0x0000000087700000| Untracked 
| 120|0x0000000087800000, 0x0000000087800000, 0x0000000087900000|  0%| F|  |TAMS 0x0000000087800000, 0x0000000087800000| Untracked 
| 121|0x0000000087900000, 0x0000000087900000, 0x0000000087a00000|  0%| F|  |TAMS 0x0000000087900000, 0x0000000087900000| Untracked 
| 122|0x0000000087a00000, 0x0000000087a00000, 0x0000000087b00000|  0%| F|  |TAMS 0x0000000087a00000, 0x0000000087a00000| Untracked 
| 123|0x0000000087b00000, 0x0000000087b00000, 0x0000000087c00000|  0%| F|  |TAMS 0x0000000087b00000, 0x0000000087b00000| Untracked 
| 124|0x0000000087c00000, 0x0000000087c00000, 0x0000000087d00000|  0%| F|  |TAMS 0x0000000087c00000, 0x0000000087c00000| Untracked 
| 125|0x0000000087d00000, 0x0000000087d00000, 0x0000000087e00000|  0%| F|  |TAMS 0x0000000087d00000, 0x0000000087d00000| Untracked 
| 126|0x0000000087e00000, 0x0000000087e00000, 0x0000000087f00000|  0%| F|  |TAMS 0x0000000087e00000, 0x0000000087e00000| Untracked 
| 127|0x0000000087f00000, 0x0000000088000000, 0x0000000088000000|100%| S|CS|TAMS 0x0000000087f00000, 0x0000000087f00000| Complete 
| 128|0x0000000088000000, 0x0000000088000000, 0x0000000088100000|  0%| F|  |TAMS 0x0000000088000000, 0x0000000088000000| Untracked 
| 129|0x0000000088100000, 0x0000000088100000, 0x0000000088200000|  0%| F|  |TAMS 0x0000000088100000, 0x0000000088100000| Untracked 
| 130|0x0000000088200000, 0x0000000088200000, 0x0000000088300000|  0%| F|  |TAMS 0x0000000088200000, 0x0000000088200000| Untracked 
| 131|0x0000000088300000, 0x0000000088300000, 0x0000000088400000|  0%| F|  |TAMS 0x0000000088300000, 0x0000000088300000| Untracked 
| 132|0x0000000088400000, 0x0000000088400000, 0x0000000088500000|  0%| F|  |TAMS 0x0000000088400000, 0x0000000088400000| Untracked 
| 133|0x0000000088500000, 0x0000000088500000, 0x0000000088600000|  0%| F|  |TAMS 0x0000000088500000, 0x0000000088500000| Untracked 
| 134|0x0000000088600000, 0x0000000088600000, 0x0000000088700000|  0%| F|  |TAMS 0x0000000088600000, 0x0000000088600000| Untracked 
| 135|0x0000000088700000, 0x0000000088700000, 0x0000000088800000|  0%| F|  |TAMS 0x0000000088700000, 0x0000000088700000| Untracked 
| 136|0x0000000088800000, 0x0000000088800000, 0x0000000088900000|  0%| F|  |TAMS 0x0000000088800000, 0x0000000088800000| Untracked 
| 137|0x0000000088900000, 0x0000000088900000, 0x0000000088a00000|  0%| F|  |TAMS 0x0000000088900000, 0x0000000088900000| Untracked 
| 138|0x0000000088a00000, 0x0000000088a00000, 0x0000000088b00000|  0%| F|  |TAMS 0x0000000088a00000, 0x0000000088a00000| Untracked 
| 139|0x0000000088b00000, 0x0000000088b00000, 0x0000000088c00000|  0%| F|  |TAMS 0x0000000088b00000, 0x0000000088b00000| Untracked 
| 140|0x0000000088c00000, 0x0000000088c00000, 0x0000000088d00000|  0%| F|  |TAMS 0x0000000088c00000, 0x0000000088c00000| Untracked 
| 141|0x0000000088d00000, 0x0000000088d00000, 0x0000000088e00000|  0%| F|  |TAMS 0x0000000088d00000, 0x0000000088d00000| Untracked 
| 142|0x0000000088e00000, 0x0000000088e00000, 0x0000000088f00000|  0%| F|  |TAMS 0x0000000088e00000, 0x0000000088e00000| Untracked 
| 143|0x0000000088f00000, 0x0000000088f00000, 0x0000000089000000|  0%| F|  |TAMS 0x0000000088f00000, 0x0000000088f00000| Untracked 
| 144|0x0000000089000000, 0x0000000089000000, 0x0000000089100000|  0%| F|  |TAMS 0x0000000089000000, 0x0000000089000000| Untracked 
| 145|0x0000000089100000, 0x0000000089100000, 0x0000000089200000|  0%| F|  |TAMS 0x0000000089100000, 0x0000000089100000| Untracked 
| 146|0x0000000089200000, 0x0000000089200000, 0x0000000089300000|  0%| F|  |TAMS 0x0000000089200000, 0x0000000089200000| Untracked 
| 147|0x0000000089300000, 0x0000000089300000, 0x0000000089400000|  0%| F|  |TAMS 0x0000000089300000, 0x0000000089300000| Untracked 
| 148|0x0000000089400000, 0x0000000089400000, 0x0000000089500000|  0%| F|  |TAMS 0x0000000089400000, 0x0000000089400000| Untracked 
| 149|0x0000000089500000, 0x0000000089500000, 0x0000000089600000|  0%| F|  |TAMS 0x0000000089500000, 0x0000000089500000| Untracked 
| 150|0x0000000089600000, 0x0000000089600000, 0x0000000089700000|  0%| F|  |TAMS 0x0000000089600000, 0x0000000089600000| Untracked 
| 151|0x0000000089700000, 0x0000000089700000, 0x0000000089800000|  0%| F|  |TAMS 0x0000000089700000, 0x0000000089700000| Untracked 
| 152|0x0000000089800000, 0x0000000089800000, 0x0000000089900000|  0%| F|  |TAMS 0x0000000089800000, 0x0000000089800000| Untracked 
| 153|0x0000000089900000, 0x0000000089900000, 0x0000000089a00000|  0%| F|  |TAMS 0x0000000089900000, 0x0000000089900000| Untracked 
| 154|0x0000000089a00000, 0x0000000089a00000, 0x0000000089b00000|  0%| F|  |TAMS 0x0000000089a00000, 0x0000000089a00000| Untracked 
| 155|0x0000000089b00000, 0x0000000089b00000, 0x0000000089c00000|  0%| F|  |TAMS 0x0000000089b00000, 0x0000000089b00000| Untracked 
| 156|0x0000000089c00000, 0x0000000089c00000, 0x0000000089d00000|  0%| F|  |TAMS 0x0000000089c00000, 0x0000000089c00000| Untracked 
| 157|0x0000000089d00000, 0x0000000089d00000, 0x0000000089e00000|  0%| F|  |TAMS 0x0000000089d00000, 0x0000000089d00000| Untracked 
| 158|0x0000000089e00000, 0x0000000089e00000, 0x0000000089f00000|  0%| F|  |TAMS 0x0000000089e00000, 0x0000000089e00000| Untracked 
| 159|0x0000000089f00000, 0x0000000089f00000, 0x000000008a000000|  0%| F|  |TAMS 0x0000000089f00000, 0x0000000089f00000| Untracked 
| 160|0x000000008a000000, 0x000000008a000000, 0x000000008a100000|  0%| F|  |TAMS 0x000000008a000000, 0x000000008a000000| Untracked 
| 161|0x000000008a100000, 0x000000008a100000, 0x000000008a200000|  0%| F|  |TAMS 0x000000008a100000, 0x000000008a100000| Untracked 
| 162|0x000000008a200000, 0x000000008a200000, 0x000000008a300000|  0%| F|  |TAMS 0x000000008a200000, 0x000000008a200000| Untracked 
| 163|0x000000008a300000, 0x000000008a300000, 0x000000008a400000|  0%| F|  |TAMS 0x000000008a300000, 0x000000008a300000| Untracked 
| 164|0x000000008a400000, 0x000000008a400000, 0x000000008a500000|  0%| F|  |TAMS 0x000000008a400000, 0x000000008a400000| Untracked 
| 165|0x000000008a500000, 0x000000008a500000, 0x000000008a600000|  0%| F|  |TAMS 0x000000008a500000, 0x000000008a500000| Untracked 
| 166|0x000000008a600000, 0x000000008a600000, 0x000000008a700000|  0%| F|  |TAMS 0x000000008a600000, 0x000000008a600000| Untracked 
| 167|0x000000008a700000, 0x000000008a700000, 0x000000008a800000|  0%| F|  |TAMS 0x000000008a700000, 0x000000008a700000| Untracked 
| 168|0x000000008a800000, 0x000000008a800000, 0x000000008a900000|  0%| F|  |TAMS 0x000000008a800000, 0x000000008a800000| Untracked 
| 169|0x000000008a900000, 0x000000008a900000, 0x000000008aa00000|  0%| F|  |TAMS 0x000000008a900000, 0x000000008a900000| Untracked 
| 170|0x000000008aa00000, 0x000000008aa00000, 0x000000008ab00000|  0%| F|  |TAMS 0x000000008aa00000, 0x000000008aa00000| Untracked 
| 171|0x000000008ab00000, 0x000000008ab00000, 0x000000008ac00000|  0%| F|  |TAMS 0x000000008ab00000, 0x000000008ab00000| Untracked 
| 172|0x000000008ac00000, 0x000000008ac00000, 0x000000008ad00000|  0%| F|  |TAMS 0x000000008ac00000, 0x000000008ac00000| Untracked 
| 173|0x000000008ad00000, 0x000000008ad00000, 0x000000008ae00000|  0%| F|  |TAMS 0x000000008ad00000, 0x000000008ad00000| Untracked 
| 174|0x000000008ae00000, 0x000000008ae00000, 0x000000008af00000|  0%| F|  |TAMS 0x000000008ae00000, 0x000000008ae00000| Untracked 
| 175|0x000000008af00000, 0x000000008af00000, 0x000000008b000000|  0%| F|  |TAMS 0x000000008af00000, 0x000000008af00000| Untracked 
| 176|0x000000008b000000, 0x000000008b000000, 0x000000008b100000|  0%| F|  |TAMS 0x000000008b000000, 0x000000008b000000| Untracked 
| 177|0x000000008b100000, 0x000000008b100000, 0x000000008b200000|  0%| F|  |TAMS 0x000000008b100000, 0x000000008b100000| Untracked 
| 178|0x000000008b200000, 0x000000008b200000, 0x000000008b300000|  0%| F|  |TAMS 0x000000008b200000, 0x000000008b200000| Untracked 
| 179|0x000000008b300000, 0x000000008b300000, 0x000000008b400000|  0%| F|  |TAMS 0x000000008b300000, 0x000000008b300000| Untracked 
| 180|0x000000008b400000, 0x000000008b400000, 0x000000008b500000|  0%| F|  |TAMS 0x000000008b400000, 0x000000008b400000| Untracked 
| 181|0x000000008b500000, 0x000000008b500000, 0x000000008b600000|  0%| F|  |TAMS 0x000000008b500000, 0x000000008b500000| Untracked 
| 182|0x000000008b600000, 0x000000008b600000, 0x000000008b700000|  0%| F|  |TAMS 0x000000008b600000, 0x000000008b600000| Untracked 
| 183|0x000000008b700000, 0x000000008b700000, 0x000000008b800000|  0%| F|  |TAMS 0x000000008b700000, 0x000000008b700000| Untracked 
| 184|0x000000008b800000, 0x000000008b800000, 0x000000008b900000|  0%| F|  |TAMS 0x000000008b800000, 0x000000008b800000| Untracked 
| 185|0x000000008b900000, 0x000000008b900000, 0x000000008ba00000|  0%| F|  |TAMS 0x000000008b900000, 0x000000008b900000| Untracked 
| 186|0x000000008ba00000, 0x000000008ba00000, 0x000000008bb00000|  0%| F|  |TAMS 0x000000008ba00000, 0x000000008ba00000| Untracked 
| 187|0x000000008bb00000, 0x000000008bb00000, 0x000000008bc00000|  0%| F|  |TAMS 0x000000008bb00000, 0x000000008bb00000| Untracked 
| 188|0x000000008bc00000, 0x000000008bc00000, 0x000000008bd00000|  0%| F|  |TAMS 0x000000008bc00000, 0x000000008bc00000| Untracked 
| 189|0x000000008bd00000, 0x000000008bd00000, 0x000000008be00000|  0%| F|  |TAMS 0x000000008bd00000, 0x000000008bd00000| Untracked 
| 190|0x000000008be00000, 0x000000008be00000, 0x000000008bf00000|  0%| F|  |TAMS 0x000000008be00000, 0x000000008be00000| Untracked 
| 191|0x000000008bf00000, 0x000000008bf00000, 0x000000008c000000|  0%| F|  |TAMS 0x000000008bf00000, 0x000000008bf00000| Untracked 
| 192|0x000000008c000000, 0x000000008c000000, 0x000000008c100000|  0%| F|  |TAMS 0x000000008c000000, 0x000000008c000000| Untracked 
| 193|0x000000008c100000, 0x000000008c100000, 0x000000008c200000|  0%| F|  |TAMS 0x000000008c100000, 0x000000008c100000| Untracked 
| 194|0x000000008c200000, 0x000000008c200000, 0x000000008c300000|  0%| F|  |TAMS 0x000000008c200000, 0x000000008c200000| Untracked 
| 195|0x000000008c300000, 0x000000008c300000, 0x000000008c400000|  0%| F|  |TAMS 0x000000008c300000, 0x000000008c300000| Untracked 
| 196|0x000000008c400000, 0x000000008c400000, 0x000000008c500000|  0%| F|  |TAMS 0x000000008c400000, 0x000000008c400000| Untracked 
| 197|0x000000008c500000, 0x000000008c500000, 0x000000008c600000|  0%| F|  |TAMS 0x000000008c500000, 0x000000008c500000| Untracked 
| 198|0x000000008c600000, 0x000000008c600000, 0x000000008c700000|  0%| F|  |TAMS 0x000000008c600000, 0x000000008c600000| Untracked 
| 199|0x000000008c700000, 0x000000008c700000, 0x000000008c800000|  0%| F|  |TAMS 0x000000008c700000, 0x000000008c700000| Untracked 
| 200|0x000000008c800000, 0x000000008c800000, 0x000000008c900000|  0%| F|  |TAMS 0x000000008c800000, 0x000000008c800000| Untracked 
| 201|0x000000008c900000, 0x000000008c900000, 0x000000008ca00000|  0%| F|  |TAMS 0x000000008c900000, 0x000000008c900000| Untracked 
| 202|0x000000008ca00000, 0x000000008ca00000, 0x000000008cb00000|  0%| F|  |TAMS 0x000000008ca00000, 0x000000008ca00000| Untracked 
| 203|0x000000008cb00000, 0x000000008cb00000, 0x000000008cc00000|  0%| F|  |TAMS 0x000000008cb00000, 0x000000008cb00000| Untracked 
| 204|0x000000008cc00000, 0x000000008cc00000, 0x000000008cd00000|  0%| F|  |TAMS 0x000000008cc00000, 0x000000008cc00000| Untracked 
| 205|0x000000008cd00000, 0x000000008cd00000, 0x000000008ce00000|  0%| F|  |TAMS 0x000000008cd00000, 0x000000008cd00000| Untracked 
| 206|0x000000008ce00000, 0x000000008ce00000, 0x000000008cf00000|  0%| F|  |TAMS 0x000000008ce00000, 0x000000008ce00000| Untracked 
| 207|0x000000008cf00000, 0x000000008cf00000, 0x000000008d000000|  0%| F|  |TAMS 0x000000008cf00000, 0x000000008cf00000| Untracked 
| 208|0x000000008d000000, 0x000000008d000000, 0x000000008d100000|  0%| F|  |TAMS 0x000000008d000000, 0x000000008d000000| Untracked 
| 209|0x000000008d100000, 0x000000008d100000, 0x000000008d200000|  0%| F|  |TAMS 0x000000008d100000, 0x000000008d100000| Untracked 
| 210|0x000000008d200000, 0x000000008d200000, 0x000000008d300000|  0%| F|  |TAMS 0x000000008d200000, 0x000000008d200000| Untracked 
| 211|0x000000008d300000, 0x000000008d300000, 0x000000008d400000|  0%| F|  |TAMS 0x000000008d300000, 0x000000008d300000| Untracked 
| 212|0x000000008d400000, 0x000000008d400000, 0x000000008d500000|  0%| F|  |TAMS 0x000000008d400000, 0x000000008d400000| Untracked 
| 213|0x000000008d500000, 0x000000008d500000, 0x000000008d600000|  0%| F|  |TAMS 0x000000008d500000, 0x000000008d500000| Untracked 
| 214|0x000000008d600000, 0x000000008d600000, 0x000000008d700000|  0%| F|  |TAMS 0x000000008d600000, 0x000000008d600000| Untracked 
| 215|0x000000008d700000, 0x000000008d700000, 0x000000008d800000|  0%| F|  |TAMS 0x000000008d700000, 0x000000008d700000| Untracked 
| 216|0x000000008d800000, 0x000000008d800000, 0x000000008d900000|  0%| F|  |TAMS 0x000000008d800000, 0x000000008d800000| Untracked 
| 217|0x000000008d900000, 0x000000008d900000, 0x000000008da00000|  0%| F|  |TAMS 0x000000008d900000, 0x000000008d900000| Untracked 
| 218|0x000000008da00000, 0x000000008da00000, 0x000000008db00000|  0%| F|  |TAMS 0x000000008da00000, 0x000000008da00000| Untracked 
| 219|0x000000008db00000, 0x000000008db00000, 0x000000008dc00000|  0%| F|  |TAMS 0x000000008db00000, 0x000000008db00000| Untracked 
| 220|0x000000008dc00000, 0x000000008dc00000, 0x000000008dd00000|  0%| F|  |TAMS 0x000000008dc00000, 0x000000008dc00000| Untracked 
| 221|0x000000008dd00000, 0x000000008dd00000, 0x000000008de00000|  0%| F|  |TAMS 0x000000008dd00000, 0x000000008dd00000| Untracked 
| 222|0x000000008de00000, 0x000000008de00000, 0x000000008df00000|  0%| F|  |TAMS 0x000000008de00000, 0x000000008de00000| Untracked 
| 223|0x000000008df00000, 0x000000008df00000, 0x000000008e000000|  0%| F|  |TAMS 0x000000008df00000, 0x000000008df00000| Untracked 
| 224|0x000000008e000000, 0x000000008e000000, 0x000000008e100000|  0%| F|  |TAMS 0x000000008e000000, 0x000000008e000000| Untracked 
| 225|0x000000008e100000, 0x000000008e100000, 0x000000008e200000|  0%| F|  |TAMS 0x000000008e100000, 0x000000008e100000| Untracked 
| 226|0x000000008e200000, 0x000000008e200000, 0x000000008e300000|  0%| F|  |TAMS 0x000000008e200000, 0x000000008e200000| Untracked 
| 227|0x000000008e300000, 0x000000008e300000, 0x000000008e400000|  0%| F|  |TAMS 0x000000008e300000, 0x000000008e300000| Untracked 
| 228|0x000000008e400000, 0x000000008e400000, 0x000000008e500000|  0%| F|  |TAMS 0x000000008e400000, 0x000000008e400000| Untracked 
| 229|0x000000008e500000, 0x000000008e500000, 0x000000008e600000|  0%| F|  |TAMS 0x000000008e500000, 0x000000008e500000| Untracked 
| 230|0x000000008e600000, 0x000000008e600000, 0x000000008e700000|  0%| F|  |TAMS 0x000000008e600000, 0x000000008e600000| Untracked 
| 231|0x000000008e700000, 0x000000008e700000, 0x000000008e800000|  0%| F|  |TAMS 0x000000008e700000, 0x000000008e700000| Untracked 
| 232|0x000000008e800000, 0x000000008e800000, 0x000000008e900000|  0%| F|  |TAMS 0x000000008e800000, 0x000000008e800000| Untracked 
| 233|0x000000008e900000, 0x000000008e900000, 0x000000008ea00000|  0%| F|  |TAMS 0x000000008e900000, 0x000000008e900000| Untracked 
| 234|0x000000008ea00000, 0x000000008ea00000, 0x000000008eb00000|  0%| F|  |TAMS 0x000000008ea00000, 0x000000008ea00000| Untracked 
| 235|0x000000008eb00000, 0x000000008eb00000, 0x000000008ec00000|  0%| F|  |TAMS 0x000000008eb00000, 0x000000008eb00000| Untracked 
| 236|0x000000008ec00000, 0x000000008ec00000, 0x000000008ed00000|  0%| F|  |TAMS 0x000000008ec00000, 0x000000008ec00000| Untracked 
| 237|0x000000008ed00000, 0x000000008ed00000, 0x000000008ee00000|  0%| F|  |TAMS 0x000000008ed00000, 0x000000008ed00000| Untracked 
| 238|0x000000008ee00000, 0x000000008ee00000, 0x000000008ef00000|  0%| F|  |TAMS 0x000000008ee00000, 0x000000008ee00000| Untracked 
| 239|0x000000008ef00000, 0x000000008ef00000, 0x000000008f000000|  0%| F|  |TAMS 0x000000008ef00000, 0x000000008ef00000| Untracked 
| 240|0x000000008f000000, 0x000000008f000000, 0x000000008f100000|  0%| F|  |TAMS 0x000000008f000000, 0x000000008f000000| Untracked 
| 241|0x000000008f100000, 0x000000008f100000, 0x000000008f200000|  0%| F|  |TAMS 0x000000008f100000, 0x000000008f100000| Untracked 
| 242|0x000000008f200000, 0x000000008f200000, 0x000000008f300000|  0%| F|  |TAMS 0x000000008f200000, 0x000000008f200000| Untracked 
| 243|0x000000008f300000, 0x000000008f300000, 0x000000008f400000|  0%| F|  |TAMS 0x000000008f300000, 0x000000008f300000| Untracked 
| 244|0x000000008f400000, 0x000000008f400000, 0x000000008f500000|  0%| F|  |TAMS 0x000000008f400000, 0x000000008f400000| Untracked 
| 245|0x000000008f500000, 0x000000008f500000, 0x000000008f600000|  0%| F|  |TAMS 0x000000008f500000, 0x000000008f500000| Untracked 
| 246|0x000000008f600000, 0x000000008f600000, 0x000000008f700000|  0%| F|  |TAMS 0x000000008f600000, 0x000000008f600000| Untracked 
| 247|0x000000008f700000, 0x000000008f700000, 0x000000008f800000|  0%| F|  |TAMS 0x000000008f700000, 0x000000008f700000| Untracked 
| 248|0x000000008f800000, 0x000000008f800000, 0x000000008f900000|  0%| F|  |TAMS 0x000000008f800000, 0x000000008f800000| Untracked 
| 249|0x000000008f900000, 0x000000008f900000, 0x000000008fa00000|  0%| F|  |TAMS 0x000000008f900000, 0x000000008f900000| Untracked 
| 250|0x000000008fa00000, 0x000000008fa00000, 0x000000008fb00000|  0%| F|  |TAMS 0x000000008fa00000, 0x000000008fa00000| Untracked 
| 251|0x000000008fb00000, 0x000000008fb00000, 0x000000008fc00000|  0%| F|  |TAMS 0x000000008fb00000, 0x000000008fb00000| Untracked 
| 252|0x000000008fc00000, 0x000000008fc00000, 0x000000008fd00000|  0%| F|  |TAMS 0x000000008fc00000, 0x000000008fc00000| Untracked 
| 253|0x000000008fd00000, 0x000000008fd00000, 0x000000008fe00000|  0%| F|  |TAMS 0x000000008fd00000, 0x000000008fd00000| Untracked 
| 254|0x000000008fe00000, 0x000000008fe00000, 0x000000008ff00000|  0%| F|  |TAMS 0x000000008fe00000, 0x000000008fe00000| Untracked 
| 255|0x000000008ff00000, 0x000000008ff00000, 0x0000000090000000|  0%| F|  |TAMS 0x000000008ff00000, 0x000000008ff00000| Untracked 
| 256|0x0000000090000000, 0x0000000090000000, 0x0000000090100000|  0%| F|  |TAMS 0x0000000090000000, 0x0000000090000000| Untracked 
| 257|0x0000000090100000, 0x0000000090100000, 0x0000000090200000|  0%| F|  |TAMS 0x0000000090100000, 0x0000000090100000| Untracked 
| 258|0x0000000090200000, 0x0000000090200000, 0x0000000090300000|  0%| F|  |TAMS 0x0000000090200000, 0x0000000090200000| Untracked 
| 259|0x0000000090300000, 0x0000000090300000, 0x0000000090400000|  0%| F|  |TAMS 0x0000000090300000, 0x0000000090300000| Untracked 
| 260|0x0000000090400000, 0x0000000090400000, 0x0000000090500000|  0%| F|  |TAMS 0x0000000090400000, 0x0000000090400000| Untracked 
| 261|0x0000000090500000, 0x0000000090500000, 0x0000000090600000|  0%| F|  |TAMS 0x0000000090500000, 0x0000000090500000| Untracked 
| 262|0x0000000090600000, 0x0000000090600000, 0x0000000090700000|  0%| F|  |TAMS 0x0000000090600000, 0x0000000090600000| Untracked 
| 263|0x0000000090700000, 0x0000000090700000, 0x0000000090800000|  0%| F|  |TAMS 0x0000000090700000, 0x0000000090700000| Untracked 
| 264|0x0000000090800000, 0x0000000090800000, 0x0000000090900000|  0%| F|  |TAMS 0x0000000090800000, 0x0000000090800000| Untracked 
| 265|0x0000000090900000, 0x0000000090900000, 0x0000000090a00000|  0%| F|  |TAMS 0x0000000090900000, 0x0000000090900000| Untracked 
| 266|0x0000000090a00000, 0x0000000090a00000, 0x0000000090b00000|  0%| F|  |TAMS 0x0000000090a00000, 0x0000000090a00000| Untracked 
| 267|0x0000000090b00000, 0x0000000090b00000, 0x0000000090c00000|  0%| F|  |TAMS 0x0000000090b00000, 0x0000000090b00000| Untracked 
| 268|0x0000000090c00000, 0x0000000090c00000, 0x0000000090d00000|  0%| F|  |TAMS 0x0000000090c00000, 0x0000000090c00000| Untracked 
| 269|0x0000000090d00000, 0x0000000090d00000, 0x0000000090e00000|  0%| F|  |TAMS 0x0000000090d00000, 0x0000000090d00000| Untracked 
| 270|0x0000000090e00000, 0x0000000090e00000, 0x0000000090f00000|  0%| F|  |TAMS 0x0000000090e00000, 0x0000000090e00000| Untracked 
| 271|0x0000000090f00000, 0x0000000090f00000, 0x0000000091000000|  0%| F|  |TAMS 0x0000000090f00000, 0x0000000090f00000| Untracked 
| 272|0x0000000091000000, 0x0000000091000000, 0x0000000091100000|  0%| F|  |TAMS 0x0000000091000000, 0x0000000091000000| Untracked 
| 273|0x0000000091100000, 0x0000000091100000, 0x0000000091200000|  0%| F|  |TAMS 0x0000000091100000, 0x0000000091100000| Untracked 
| 274|0x0000000091200000, 0x0000000091200000, 0x0000000091300000|  0%| F|  |TAMS 0x0000000091200000, 0x0000000091200000| Untracked 
| 275|0x0000000091300000, 0x0000000091300000, 0x0000000091400000|  0%| F|  |TAMS 0x0000000091300000, 0x0000000091300000| Untracked 
| 276|0x0000000091400000, 0x0000000091400000, 0x0000000091500000|  0%| F|  |TAMS 0x0000000091400000, 0x0000000091400000| Untracked 
| 277|0x0000000091500000, 0x0000000091500000, 0x0000000091600000|  0%| F|  |TAMS 0x0000000091500000, 0x0000000091500000| Untracked 
| 278|0x0000000091600000, 0x0000000091600000, 0x0000000091700000|  0%| F|  |TAMS 0x0000000091600000, 0x0000000091600000| Untracked 
| 279|0x0000000091700000, 0x0000000091700000, 0x0000000091800000|  0%| F|  |TAMS 0x0000000091700000, 0x0000000091700000| Untracked 
| 280|0x0000000091800000, 0x0000000091800000, 0x0000000091900000|  0%| F|  |TAMS 0x0000000091800000, 0x0000000091800000| Untracked 
| 281|0x0000000091900000, 0x0000000091900000, 0x0000000091a00000|  0%| F|  |TAMS 0x0000000091900000, 0x0000000091900000| Untracked 
| 282|0x0000000091a00000, 0x0000000091a00000, 0x0000000091b00000|  0%| F|  |TAMS 0x0000000091a00000, 0x0000000091a00000| Untracked 
| 283|0x0000000091b00000, 0x0000000091b00000, 0x0000000091c00000|  0%| F|  |TAMS 0x0000000091b00000, 0x0000000091b00000| Untracked 
| 284|0x0000000091c00000, 0x0000000091c00000, 0x0000000091d00000|  0%| F|  |TAMS 0x0000000091c00000, 0x0000000091c00000| Untracked 
| 285|0x0000000091d00000, 0x0000000091d00000, 0x0000000091e00000|  0%| F|  |TAMS 0x0000000091d00000, 0x0000000091d00000| Untracked 
| 286|0x0000000091e00000, 0x0000000091e00000, 0x0000000091f00000|  0%| F|  |TAMS 0x0000000091e00000, 0x0000000091e00000| Untracked 
| 287|0x0000000091f00000, 0x0000000091f00000, 0x0000000092000000|  0%| F|  |TAMS 0x0000000091f00000, 0x0000000091f00000| Untracked 
| 288|0x0000000092000000, 0x0000000092000000, 0x0000000092100000|  0%| F|  |TAMS 0x0000000092000000, 0x0000000092000000| Untracked 
| 289|0x0000000092100000, 0x0000000092100000, 0x0000000092200000|  0%| F|  |TAMS 0x0000000092100000, 0x0000000092100000| Untracked 
| 290|0x0000000092200000, 0x0000000092200000, 0x0000000092300000|  0%| F|  |TAMS 0x0000000092200000, 0x0000000092200000| Untracked 
| 291|0x0000000092300000, 0x0000000092300000, 0x0000000092400000|  0%| F|  |TAMS 0x0000000092300000, 0x0000000092300000| Untracked 

Card table byte_map: [0x0000013eeb510000,0x0000013eeb910000] _byte_map_base: 0x0000013eeb110000

Marking Bits (Prev, Next): (CMBitMap*) 0x0000013ed409b430, (CMBitMap*) 0x0000013ed409b3f0
 Prev Bits: [0x0000013eedd10000, 0x0000013eefd10000)
 Next Bits: [0x0000013eebd10000, 0x0000013eedd10000)

Polling page: 0x0000013ed1fd0000

Metaspace:

Usage:
  Non-class:     27.22 MB used.
      Class:      4.39 MB used.
       Both:     31.61 MB used.

Virtual space:
  Non-class space:       64.00 MB reserved,      27.44 MB ( 43%) committed,  1 nodes.
      Class space:        1.00 GB reserved,       4.62 MB ( <1%) committed,  1 nodes.
             Both:        1.06 GB reserved,      32.06 MB (  3%) committed. 

Chunk freelists:
   Non-Class:  4.59 MB
       Class:  11.42 MB
        Both:  16.02 MB

MaxMetaspaceSize: unlimited
CompressedClassSpaceSize: 1.00 GB
Initial GC threshold: 21.00 MB
Current GC threshold: 35.12 MB
CDS: on
MetaspaceReclaimPolicy: balanced
 - commit_granule_bytes: 65536.
 - commit_granule_words: 8192.
 - virtual_space_node_default_size: 8388608.
 - enlarge_chunks_in_place: 1.
 - new_chunks_are_fully_committed: 0.
 - uncommit_free_chunks: 1.
 - use_allocation_guard: 0.
 - handle_deallocations: 1.


Internal statistics:

num_allocs_failed_limit: 3.
num_arena_births: 418.
num_arena_deaths: 0.
num_vsnodes_births: 2.
num_vsnodes_deaths: 0.
num_space_committed: 513.
num_space_uncommitted: 0.
num_chunks_returned_to_freelist: 3.
num_chunks_taken_from_freelist: 1528.
num_chunk_merges: 3.
num_chunk_splits: 1060.
num_chunks_enlarged: 764.
num_inconsistent_stats: 0.

CodeHeap 'non-profiled nmethods': size=120000Kb used=4335Kb max_used=4335Kb free=115664Kb
 bounds [0x0000013ee3690000, 0x0000013ee3ad0000, 0x0000013eeabc0000]
CodeHeap 'profiled nmethods': size=120000Kb used=8462Kb max_used=9298Kb free=111537Kb
 bounds [0x0000013edbbc0000, 0x0000013edc540000, 0x0000013ee30f0000]
CodeHeap 'non-nmethods': size=5760Kb used=1596Kb max_used=1750Kb free=4163Kb
 bounds [0x0000013ee30f0000, 0x0000013ee3360000, 0x0000013ee3690000]
 total_blobs=4848 nmethods=4184 adapters=575
 compilation: enabled
              stopped_count=0, restarted_count=0
 full_count=0

Compilation events (20 events):
Event: 12.566 Thread 0x0000013ef2547420 4922       3       java.util.stream.SpinedBuffer::<init> (18 bytes)
Event: 12.566 Thread 0x0000013ef2547420 nmethod 4922 0x0000013edc3eae10 code [0x0000013edc3eafc0, 0x0000013edc3eb298]
Event: 12.566 Thread 0x0000013ef2547420 4923       3       java.util.stream.AbstractSpinedBuffer::<init> (10 bytes)
Event: 12.566 Thread 0x0000013ef2547420 nmethod 4923 0x0000013edbef9810 code [0x0000013edbef99c0, 0x0000013edbef9b38]
Event: 12.582 Thread 0x0000013ef2547420 4924       3       jdk.internal.misc.Unsafe::getAndAddLong (27 bytes)
Event: 12.582 Thread 0x0000013ef2547420 nmethod 4924 0x0000013edbef9310 code [0x0000013edbef94c0, 0x0000013edbef9708]
Event: 12.582 Thread 0x0000013ef2547420 4925       3       jdk.internal.misc.Unsafe::weakCompareAndSetLong (11 bytes)
Event: 12.582 Thread 0x0000013ef2547420 nmethod 4925 0x0000013edbe76d90 code [0x0000013edbe76f20, 0x0000013edbe77058]
Event: 12.628 Thread 0x0000013ef2547420 4926       3       java.util.stream.SpinedBuffer::ensureCapacity (138 bytes)
Event: 12.628 Thread 0x0000013ef2547420 nmethod 4926 0x0000013edbbc1f10 code [0x0000013edbbc2160, 0x0000013edbbc30a8]
Event: 12.631 Thread 0x0000013ef2547420 4927       3       java.util.Spliterators::checkFromToBounds (74 bytes)
Event: 12.632 Thread 0x0000013ef2547420 nmethod 4927 0x0000013edbc35610 code [0x0000013edbc358c0, 0x0000013edbc36308]
Event: 12.632 Thread 0x0000013ef2547420 4928       3       java.util.Spliterators::spliterator (25 bytes)
Event: 12.632 Thread 0x0000013ef2547420 nmethod 4928 0x0000013edc0bea10 code [0x0000013edc0bebe0, 0x0000013edc0bf018]
Event: 12.661 Thread 0x0000013ef8bfc330 4929       4       org.objectweb.asm.ClassReader::readElementValue (1237 bytes)
Event: 12.723 Thread 0x0000013ef8bfc330 nmethod 4929 0x0000013ee3ab5710 code [0x0000013ee3ab5ae0, 0x0000013ee3ab8008]
Event: 12.763 Thread 0x0000013ef2536000 nmethod 4915 0x0000013ee3ab9910 code [0x0000013ee3aba080, 0x0000013ee3ac4d70]
Event: 12.818 Thread 0x0000013ef2547420 4930       3       java.util.stream.AbstractPipeline::exactOutputSizeIfKnown (86 bytes)
Event: 12.818 Thread 0x0000013ef2547420 nmethod 4930 0x0000013edc3f9890 code [0x0000013edc3f9a80, 0x0000013edc3fa108]
Event: 12.819 Thread 0x0000013ef8bfc330 4931       4       java.lang.StringLatin1::lastIndexOf (125 bytes)

GC Heap History (20 events):
Event: 10.560 GC heap after
{Heap after GC invocations=37 (full 0):
 garbage-first heap   total 248832K, used 41858K [0x0000000080000000, 0x0000000100000000)
  region size 1024K, 8 young (8192K), 8 survivors (8192K)
 Metaspace       used 32294K, committed 32768K, reserved 1114112K
  class space    used 4491K, committed 4736K, reserved 1048576K
}
Event: 10.760 GC heap before
{Heap before GC invocations=37 (full 0):
 garbage-first heap   total 248832K, used 182146K [0x0000000080000000, 0x0000000100000000)
  region size 1024K, 145 young (148480K), 8 survivors (8192K)
 Metaspace       used 32304K, committed 32768K, reserved 1114112K
  class space    used 4491K, committed 4736K, reserved 1048576K
}
Event: 10.765 GC heap after
{Heap after GC invocations=38 (full 0):
 garbage-first heap   total 248832K, used 42371K [0x0000000080000000, 0x0000000100000000)
  region size 1024K, 8 young (8192K), 8 survivors (8192K)
 Metaspace       used 32304K, committed 32768K, reserved 1114112K
  class space    used 4491K, committed 4736K, reserved 1048576K
}
Event: 10.942 GC heap before
{Heap before GC invocations=38 (full 0):
 garbage-first heap   total 248832K, used 182659K [0x0000000080000000, 0x0000000100000000)
  region size 1024K, 145 young (148480K), 8 survivors (8192K)
 Metaspace       used 32308K, committed 32768K, reserved 1114112K
  class space    used 4491K, committed 4736K, reserved 1048576K
}
Event: 10.946 GC heap after
{Heap after GC invocations=39 (full 0):
 garbage-first heap   total 248832K, used 43093K [0x0000000080000000, 0x0000000100000000)
  region size 1024K, 9 young (9216K), 9 survivors (9216K)
 Metaspace       used 32308K, committed 32768K, reserved 1114112K
  class space    used 4491K, committed 4736K, reserved 1048576K
}
Event: 11.118 GC heap before
{Heap before GC invocations=39 (full 0):
 garbage-first heap   total 248832K, used 182357K [0x0000000080000000, 0x0000000100000000)
  region size 1024K, 145 young (148480K), 9 survivors (9216K)
 Metaspace       used 32310K, committed 32768K, reserved 1114112K
  class space    used 4491K, committed 4736K, reserved 1048576K
}
Event: 11.123 GC heap after
{Heap after GC invocations=40 (full 0):
 garbage-first heap   total 248832K, used 43752K [0x0000000080000000, 0x0000000100000000)
  region size 1024K, 9 young (9216K), 9 survivors (9216K)
 Metaspace       used 32310K, committed 32768K, reserved 1114112K
  class space    used 4491K, committed 4736K, reserved 1048576K
}
Event: 11.295 GC heap before
{Heap before GC invocations=40 (full 0):
 garbage-first heap   total 248832K, used 183016K [0x0000000080000000, 0x0000000100000000)
  region size 1024K, 145 young (148480K), 9 survivors (9216K)
 Metaspace       used 32310K, committed 32768K, reserved 1114112K
  class space    used 4491K, committed 4736K, reserved 1048576K
}
Event: 11.301 GC heap after
{Heap after GC invocations=41 (full 0):
 garbage-first heap   total 299008K, used 44498K [0x0000000080000000, 0x0000000100000000)
  region size 1024K, 10 young (10240K), 10 survivors (10240K)
 Metaspace       used 32310K, committed 32768K, reserved 1114112K
  class space    used 4491K, committed 4736K, reserved 1048576K
}
Event: 11.537 GC heap before
{Heap before GC invocations=41 (full 0):
 garbage-first heap   total 299008K, used 213458K [0x0000000080000000, 0x0000000100000000)
  region size 1024K, 175 young (179200K), 10 survivors (10240K)
 Metaspace       used 32314K, committed 32768K, reserved 1114112K
  class space    used 4491K, committed 4736K, reserved 1048576K
}
Event: 11.543 GC heap after
{Heap after GC invocations=42 (full 0):
 garbage-first heap   total 299008K, used 45923K [0x0000000080000000, 0x0000000100000000)
  region size 1024K, 11 young (11264K), 11 survivors (11264K)
 Metaspace       used 32314K, committed 32768K, reserved 1114112K
  class space    used 4491K, committed 4736K, reserved 1048576K
}
Event: 11.812 GC heap before
{Heap before GC invocations=42 (full 0):
 garbage-first heap   total 299008K, used 213859K [0x0000000080000000, 0x0000000100000000)
  region size 1024K, 175 young (179200K), 11 survivors (11264K)
 Metaspace       used 32354K, committed 32832K, reserved 1114112K
  class space    used 4499K, committed 4736K, reserved 1048576K
}
Event: 11.818 GC heap after
{Heap after GC invocations=43 (full 0):
 garbage-first heap   total 299008K, used 47097K [0x0000000080000000, 0x0000000100000000)
  region size 1024K, 12 young (12288K), 12 survivors (12288K)
 Metaspace       used 32354K, committed 32832K, reserved 1114112K
  class space    used 4499K, committed 4736K, reserved 1048576K
}
Event: 12.068 GC heap before
{Heap before GC invocations=43 (full 0):
 garbage-first heap   total 299008K, used 214009K [0x0000000080000000, 0x0000000100000000)
  region size 1024K, 175 young (179200K), 12 survivors (12288K)
 Metaspace       used 32358K, committed 32832K, reserved 1114112K
  class space    used 4499K, committed 4736K, reserved 1048576K
}
Event: 12.073 GC heap after
{Heap after GC invocations=44 (full 0):
 garbage-first heap   total 299008K, used 47769K [0x0000000080000000, 0x0000000100000000)
  region size 1024K, 12 young (12288K), 12 survivors (12288K)
 Metaspace       used 32358K, committed 32832K, reserved 1114112K
  class space    used 4499K, committed 4736K, reserved 1048576K
}
Event: 12.324 GC heap before
{Heap before GC invocations=44 (full 0):
 garbage-first heap   total 299008K, used 214681K [0x0000000080000000, 0x0000000100000000)
  region size 1024K, 175 young (179200K), 12 survivors (12288K)
 Metaspace       used 32362K, committed 32832K, reserved 1114112K
  class space    used 4499K, committed 4736K, reserved 1048576K
}
Event: 12.331 GC heap after
{Heap after GC invocations=45 (full 0):
 garbage-first heap   total 299008K, used 48925K [0x0000000080000000, 0x0000000100000000)
  region size 1024K, 12 young (12288K), 12 survivors (12288K)
 Metaspace       used 32362K, committed 32832K, reserved 1114112K
  class space    used 4499K, committed 4736K, reserved 1048576K
}
Event: 12.586 GC heap before
{Heap before GC invocations=45 (full 0):
 garbage-first heap   total 299008K, used 215837K [0x0000000080000000, 0x0000000100000000)
  region size 1024K, 175 young (179200K), 12 survivors (12288K)
 Metaspace       used 32364K, committed 32832K, reserved 1114112K
  class space    used 4499K, committed 4736K, reserved 1048576K
}
Event: 12.593 GC heap after
{Heap after GC invocations=46 (full 0):
 garbage-first heap   total 299008K, used 49552K [0x0000000080000000, 0x0000000100000000)
  region size 1024K, 12 young (12288K), 12 survivors (12288K)
 Metaspace       used 32364K, committed 32832K, reserved 1114112K
  class space    used 4499K, committed 4736K, reserved 1048576K
}
Event: 12.820 GC heap before
{Heap before GC invocations=46 (full 0):
 garbage-first heap   total 299008K, used 216464K [0x0000000080000000, 0x0000000100000000)
  region size 1024K, 175 young (179200K), 12 survivors (12288K)
 Metaspace       used 32367K, committed 32832K, reserved 1114112K
  class space    used 4499K, committed 4736K, reserved 1048576K
}

Dll operation events (15 events):
Event: 0.007 Loaded shared library C:\Program Files\Eclipse Adoptium\jdk-17.0.19.10-hotspot\bin\java.dll
Event: 0.022 Loaded shared library C:\Program Files\Eclipse Adoptium\jdk-17.0.19.10-hotspot\bin\jsvml.dll
Event: 0.071 Loaded shared library C:\Program Files\Eclipse Adoptium\jdk-17.0.19.10-hotspot\bin\zip.dll
Event: 0.077 Loaded shared library C:\Program Files\Eclipse Adoptium\jdk-17.0.19.10-hotspot\bin\instrument.dll
Event: 0.080 Loaded shared library C:\Program Files\Eclipse Adoptium\jdk-17.0.19.10-hotspot\bin\net.dll
Event: 0.082 Loaded shared library C:\Program Files\Eclipse Adoptium\jdk-17.0.19.10-hotspot\bin\nio.dll
Event: 0.085 Loaded shared library C:\Program Files\Eclipse Adoptium\jdk-17.0.19.10-hotspot\bin\zip.dll
Event: 0.272 Loaded shared library C:\Program Files\Eclipse Adoptium\jdk-17.0.19.10-hotspot\bin\jimage.dll
Event: 0.329 Loaded shared library C:\Program Files\Eclipse Adoptium\jdk-17.0.19.10-hotspot\bin\verify.dll
Event: 0.458 Loaded shared library C:\Users\bread\.gradle\native\c067742578af261105cb4f569cf0c3c89f3d7b1fecec35dd04571415982c5e48\windows-amd64\native-platform.dll
Event: 0.463 Loaded shared library C:\Users\bread\.gradle\native\38dada09dfb8b06ba9b0570ebf7e218e3eb74d4ef43ca46872605cf95ebc2f47\windows-amd64\native-platform-file-events.dll
Event: 1.289 Loaded shared library C:\Program Files\Eclipse Adoptium\jdk-17.0.19.10-hotspot\bin\management.dll
Event: 1.294 Loaded shared library C:\Program Files\Eclipse Adoptium\jdk-17.0.19.10-hotspot\bin\management_ext.dll
Event: 1.503 Loaded shared library C:\Program Files\Eclipse Adoptium\jdk-17.0.19.10-hotspot\bin\extnet.dll
Event: 1.718 Loaded shared library C:\Program Files\Eclipse Adoptium\jdk-17.0.19.10-hotspot\bin\sunmscapi.dll

Deoptimization events (20 events):
Event: 12.183 Thread 0x0000013ef8a1fce0 DEOPT PACKING pc=0x0000013edbbd3144 sp=0x0000003e9baf7f90
Event: 12.184 Thread 0x0000013ef8a1fce0 DEOPT UNPACKING pc=0x0000013ee3147143 sp=0x0000003e9baf74a8 mode 0
Event: 12.192 Thread 0x0000013ef8a1fce0 Uncommon trap: trap_request=0xffffffbe fr.pc=0x0000013ee3a9a050 relative=0x0000000000000b10
Event: 12.192 Thread 0x0000013ef8a1fce0 Uncommon trap: reason=profile_predicate action=maybe_recompile pc=0x0000013ee3a9a050 method=org.objectweb.asm.ByteVector.encodeUtf8(Ljava/lang/String;II)Lorg/objectweb/asm/ByteVector; @ 163 c2
Event: 12.192 Thread 0x0000013ef8a1fce0 DEOPT PACKING pc=0x0000013ee3a9a050 sp=0x0000003e9baf8040
Event: 12.192 Thread 0x0000013ef8a1fce0 DEOPT UNPACKING pc=0x0000013ee31469a3 sp=0x0000003e9baf7fa8 mode 2
Event: 12.193 Thread 0x0000013ef8a1fce0 Uncommon trap: trap_request=0xffffffbe fr.pc=0x0000013ee3a9a050 relative=0x0000000000000b10
Event: 12.193 Thread 0x0000013ef8a1fce0 Uncommon trap: reason=profile_predicate action=maybe_recompile pc=0x0000013ee3a9a050 method=org.objectweb.asm.ByteVector.encodeUtf8(Ljava/lang/String;II)Lorg/objectweb/asm/ByteVector; @ 163 c2
Event: 12.193 Thread 0x0000013ef8a1fce0 DEOPT PACKING pc=0x0000013ee3a9a050 sp=0x0000003e9baf8040
Event: 12.193 Thread 0x0000013ef8a1fce0 DEOPT UNPACKING pc=0x0000013ee31469a3 sp=0x0000003e9baf7fa8 mode 2
Event: 12.212 Thread 0x0000013ef8a1fce0 DEOPT PACKING pc=0x0000013edbc9b79d sp=0x0000003e9baf8600
Event: 12.212 Thread 0x0000013ef8a1fce0 DEOPT UNPACKING pc=0x0000013ee3147143 sp=0x0000003e9baf7b38 mode 0
Event: 12.249 Thread 0x0000013ef8a1fce0 DEOPT PACKING pc=0x0000013edbc9b79d sp=0x0000003e9baf8600
Event: 12.249 Thread 0x0000013ef8a1fce0 DEOPT UNPACKING pc=0x0000013ee3147143 sp=0x0000003e9baf7b38 mode 0
Event: 12.389 Thread 0x0000013ef8a1fce0 DEOPT PACKING pc=0x0000013edbf73efc sp=0x0000003e9baf83f0
Event: 12.389 Thread 0x0000013ef8a1fce0 DEOPT UNPACKING pc=0x0000013ee3147143 sp=0x0000003e9baf7970 mode 0
Event: 12.552 Thread 0x0000013ef8a1fce0 Uncommon trap: trap_request=0xffffffe4 fr.pc=0x0000013ee3a9c31c relative=0x000000000000197c
Event: 12.552 Thread 0x0000013ef8a1fce0 Uncommon trap: reason=range_check action=make_not_entrant pc=0x0000013ee3a9c31c method=org.objectweb.asm.ClassReader.readUnsignedShort(I)I @ 19 c2
Event: 12.552 Thread 0x0000013ef8a1fce0 DEOPT PACKING pc=0x0000013ee3a9c31c sp=0x0000003e9baf86f0
Event: 12.552 Thread 0x0000013ef8a1fce0 DEOPT UNPACKING pc=0x0000013ee31469a3 sp=0x0000003e9baf85f0 mode 2

Classes loaded (20 events):
Event: 3.992 Loading class java/lang/invoke/BoundMethodHandle$Species_LLLLLLLLLLLLLLLLLLLLL
Event: 3.992 Loading class java/lang/invoke/BoundMethodHandle$Species_LLLLLLLLLLLLLLLLLLLLL done
Event: 3.994 Loading class java/lang/invoke/BoundMethodHandle$Species_LLLLLLLLLLLLLLLLLLLLLL
Event: 3.994 Loading class java/lang/invoke/BoundMethodHandle$Species_LLLLLLLLLLLLLLLLLLLLLL done
Event: 4.116 Loading class java/nio/charset/UnsupportedCharsetException
Event: 4.116 Loading class java/nio/charset/UnsupportedCharsetException done
Event: 4.120 Loading class java/util/zip/Deflater
Event: 4.121 Loading class java/util/zip/Deflater done
Event: 4.121 Loading class java/util/zip/Deflater$DeflaterZStreamRef
Event: 4.121 Loading class java/util/zip/Deflater$DeflaterZStreamRef done
Event: 4.161 Loading class java/nio/StringCharBuffer
Event: 4.161 Loading class java/nio/StringCharBuffer done
Event: 7.402 Loading class java/util/regex/Pattern$Caret
Event: 7.402 Loading class java/util/regex/Pattern$Caret done
Event: 7.643 Loading class jdk/internal/access/foreign/MemorySegmentProxy
Event: 7.643 Loading class jdk/internal/access/foreign/MemorySegmentProxy done
Event: 11.681 Loading class java/util/concurrent/LinkedBlockingDeque$Itr
Event: 11.681 Loading class java/util/concurrent/LinkedBlockingDeque$AbstractItr
Event: 11.681 Loading class java/util/concurrent/LinkedBlockingDeque$AbstractItr done
Event: 11.681 Loading class java/util/concurrent/LinkedBlockingDeque$Itr done

Classes unloaded (0 events):
No events

Classes redefined (0 events):
No events

Internal exceptions (20 events):
Event: 3.921 Thread 0x0000013ef8a1fce0 Exception <a 'sun/nio/fs/WindowsException'{0x0000000088660d38}> (0x0000000088660d38) 
thrown [s\src\hotspot\share\prims\jni.cpp, line 516]
Event: 3.922 Thread 0x0000013ef8a1fce0 Exception <a 'sun/nio/fs/WindowsException'{0x0000000088662208}> (0x0000000088662208) 
thrown [s\src\hotspot\share\prims\jni.cpp, line 516]
Event: 3.938 Thread 0x0000013ef8a1fce0 Exception <a 'java/lang/NoSuchMethodError'{0x0000000088571970}: 'java.lang.Object java.lang.invoke.Invokers$Holder.invoker(java.lang.Object, java.lang.Object, java.lang.Object, java.lang.Object, java.lang.Object, java.lang.Object)'> (0x0000000088571970) 
thrown [s\src\hotspot\share\interpreter\linkResolver.cpp, line 759]
Event: 3.946 Thread 0x0000013ef8a1fce0 Exception <a 'java/lang/NoSuchMethodError'{0x00000000885fee68}: 'java.lang.Object java.lang.invoke.Invokers$Holder.invoker(java.lang.Object, java.lang.Object, java.lang.Object, java.lang.Object)'> (0x00000000885fee68) 
thrown [s\src\hotspot\share\interpreter\linkResolver.cpp, line 759]
Event: 3.968 Thread 0x0000013ef8a1fce0 Exception <a 'java/lang/NoSuchMethodError'{0x00000000884abd50}: 'java.lang.Object java.lang.invoke.DelegatingMethodHandle$Holder.reinvoke_L(java.lang.Object, java.lang.Object, java.lang.Object, java.lang.Object, java.lang.Object, java.lang.Object, java.lang.Object, java.lang.Object, java.lang.Object, java.lang.Object, java.lang.Object, java.lang.Object, java.lang.Object, java.lang.Object, java.lang.Object, java.lang.Object, java.lang.Object, java.lang.Object, java.lang.Object, java.lang.Object, java.lang.O
Event: 3.968 Thread 0x0000013ef8a1fce0 Exception <a 'java/lang/NoSuchMethodError'{0x00000000884b7908}: 'java.lang.Object java.lang.invoke.Invokers$Holder.invoker(java.lang.Object, java.lang.Object, java.lang.Object, java.lang.Object, java.lang.Object, java.lang.Object, java.lang.Object, java.lang.Object, java.lang.Object, java.lang.Object, java.lang.Object, java.lang.Object, java.lang.Object, java.lang.Object, java.lang.Object, java.lang.Object, java.lang.Object, java.lang.Object, java.lang.Object, java.lang.Object, java.lang.Object, java.lang.
Event: 3.969 Thread 0x0000013ef8a1fce0 Exception <a 'java/lang/NoSuchMethodError'{0x00000000884be510}: 'java.lang.Object java.lang.invoke.DelegatingMethodHandle$Holder.delegate(java.lang.Object, java.lang.Object, java.lang.Object, java.lang.Object, java.lang.Object, java.lang.Object, java.lang.Object, java.lang.Object, java.lang.Object, java.lang.Object, java.lang.Object, java.lang.Object, java.lang.Object, java.lang.Object, java.lang.Object, java.lang.Object, java.lang.Object, java.lang.Object, java.lang.Object, java.lang.Object, java.lang.Obj
Event: 3.977 Thread 0x0000013ef8a1fce0 Exception <a 'java/lang/NoSuchMethodError'{0x000000008834f540}: 'java.lang.Object java.lang.invoke.DirectMethodHandle$Holder.invokeStatic(java.lang.Object, java.lang.Object, java.lang.Object, java.lang.Object, java.lang.Object, java.lang.Object, java.lang.Object, java.lang.Object, java.lang.Object, java.lang.Object, java.lang.Object, java.lang.Object, java.lang.Object, java.lang.Object, java.lang.Object, java.lang.Object, java.lang.Object)'> (0x000000008834f540) 
thrown [s\src\hotspot\share\interpreter\lin
Event: 3.979 Thread 0x0000013ef8a1fce0 Exception <a 'java/lang/NoSuchMethodError'{0x000000008837e928}: 'java.lang.Object java.lang.invoke.DirectMethodHandle$Holder.invokeStatic(java.lang.Object, java.lang.Object, java.lang.Object, java.lang.Object, java.lang.Object, java.lang.Object, java.lang.Object, java.lang.Object, java.lang.Object, java.lang.Object, java.lang.Object, java.lang.Object, java.lang.Object, java.lang.Object, java.lang.Object, java.lang.Object, java.lang.Object, java.lang.Object)'> (0x000000008837e928) 
thrown [s\src\hotspot\sha
Event: 3.981 Thread 0x0000013ef8a1fce0 Exception <a 'java/lang/NoSuchMethodError'{0x00000000883a8ce0}: 'java.lang.Object java.lang.invoke.DirectMethodHandle$Holder.invokeStatic(java.lang.Object, java.lang.Object, java.lang.Object, java.lang.Object, java.lang.Object, java.lang.Object, java.lang.Object, java.lang.Object, java.lang.Object, java.lang.Object, java.lang.Object, java.lang.Object, java.lang.Object, java.lang.Object, java.lang.Object, java.lang.Object, java.lang.Object, java.lang.Object, java.lang.Object)'> (0x00000000883a8ce0) 
thrown 
Event: 3.984 Thread 0x0000013ef8a1fce0 Exception <a 'java/lang/NoSuchMethodError'{0x00000000883d3d20}: 'java.lang.Object java.lang.invoke.DirectMethodHandle$Holder.invokeStatic(java.lang.Object, java.lang.Object, java.lang.Object, java.lang.Object, java.lang.Object, java.lang.Object, java.lang.Object, java.lang.Object, java.lang.Object, java.lang.Object, java.lang.Object, java.lang.Object, java.lang.Object, java.lang.Object, java.lang.Object, java.lang.Object, java.lang.Object, java.lang.Object, java.lang.Object, java.lang.Object)'> (0x00000000
Event: 3.986 Thread 0x0000013ef8a1fce0 Exception <a 'java/lang/NoSuchMethodError'{0x0000000088200350}: 'java.lang.Object java.lang.invoke.DirectMethodHandle$Holder.invokeStatic(java.lang.Object, java.lang.Object, java.lang.Object, java.lang.Object, java.lang.Object, java.lang.Object, java.lang.Object, java.lang.Object, java.lang.Object, java.lang.Object, java.lang.Object, java.lang.Object, java.lang.Object, java.lang.Object, java.lang.Object, java.lang.Object, java.lang.Object, java.lang.Object, java.lang.Object, java.lang.Object, java.lang.Obj
Event: 3.988 Thread 0x0000013ef8a1fce0 Exception <a 'java/lang/NoSuchMethodError'{0x000000008822d5b8}: 'java.lang.Object java.lang.invoke.DirectMethodHandle$Holder.invokeStatic(java.lang.Object, java.lang.Object, java.lang.Object, java.lang.Object, java.lang.Object, java.lang.Object, java.lang.Object, java.lang.Object, java.lang.Object, java.lang.Object, java.lang.Object, java.lang.Object, java.lang.Object, java.lang.Object, java.lang.Object, java.lang.Object, java.lang.Object, java.lang.Object, java.lang.Object, java.lang.Object, java.lang.Obj
Event: 3.991 Thread 0x0000013ef8a1fce0 Exception <a 'java/lang/NoSuchMethodError'{0x000000008825b1f0}: 'java.lang.Object java.lang.invoke.DirectMethodHandle$Holder.invokeStatic(java.lang.Object, java.lang.Object, java.lang.Object, java.lang.Object, java.lang.Object, java.lang.Object, java.lang.Object, java.lang.Object, java.lang.Object, java.lang.Object, java.lang.Object, java.lang.Object, java.lang.Object, java.lang.Object, java.lang.Object, java.lang.Object, java.lang.Object, java.lang.Object, java.lang.Object, java.lang.Object, java.lang.Obj
Event: 3.993 Thread 0x0000013ef8a1fce0 Exception <a 'java/lang/NoSuchMethodError'{0x00000000882990c8}: 'java.lang.Object java.lang.invoke.DirectMethodHandle$Holder.invokeStatic(java.lang.Object, java.lang.Object, java.lang.Object, java.lang.Object, java.lang.Object, java.lang.Object, java.lang.Object, java.lang.Object, java.lang.Object, java.lang.Object, java.lang.Object, java.lang.Object, java.lang.Object, java.lang.Object, java.lang.Object, java.lang.Object, java.lang.Object, java.lang.Object, java.lang.Object, java.lang.Object, java.lang.Obj
Event: 3.995 Thread 0x0000013ef8a1fce0 Exception <a 'java/lang/NoSuchMethodError'{0x00000000882ca448}: 'java.lang.Object java.lang.invoke.DirectMethodHandle$Holder.invokeStatic(java.lang.Object, java.lang.Object, java.lang.Object, java.lang.Object, java.lang.Object, java.lang.Object, java.lang.Object, java.lang.Object, java.lang.Object, java.lang.Object, java.lang.Object, java.lang.Object, java.lang.Object, java.lang.Object, java.lang.Object, java.lang.Object, java.lang.Object, java.lang.Object, java.lang.Object, java.lang.Object, java.lang.Obj
Event: 4.106 Thread 0x0000013ef8a1fce0 Exception <a 'sun/nio/fs/WindowsException'{0x0000000083cd0800}> (0x0000000083cd0800) 
thrown [s\src\hotspot\share\prims\jni.cpp, line 516]
Event: 8.637 Thread 0x0000013ef8a1fce0 Implicit null exception at 0x0000013ee396af27 to 0x0000013ee396bad4
Event: 11.685 Thread 0x0000013ef8820010 Implicit null exception at 0x0000013ee36d6af2 to 0x0000013ee36d710c
Event: 11.685 Thread 0x0000013ef8820010 Implicit null exception at 0x0000013ee36f0872 to 0x0000013ee36f0e8c

VM Operations (20 events):
Event: 10.765 Executing VM operation: G1CollectForAllocation done
Event: 10.942 Executing VM operation: G1CollectForAllocation
Event: 10.946 Executing VM operation: G1CollectForAllocation done
Event: 11.118 Executing VM operation: G1CollectForAllocation
Event: 11.123 Executing VM operation: G1CollectForAllocation done
Event: 11.295 Executing VM operation: G1CollectForAllocation
Event: 11.301 Executing VM operation: G1CollectForAllocation done
Event: 11.536 Executing VM operation: G1CollectForAllocation
Event: 11.543 Executing VM operation: G1CollectForAllocation done
Event: 11.688 Executing VM operation: HandshakeAllThreads
Event: 11.688 Executing VM operation: HandshakeAllThreads done
Event: 11.812 Executing VM operation: G1CollectForAllocation
Event: 11.818 Executing VM operation: G1CollectForAllocation done
Event: 12.068 Executing VM operation: G1CollectForAllocation
Event: 12.073 Executing VM operation: G1CollectForAllocation done
Event: 12.324 Executing VM operation: G1CollectForAllocation
Event: 12.331 Executing VM operation: G1CollectForAllocation done
Event: 12.586 Executing VM operation: G1CollectForAllocation
Event: 12.594 Executing VM operation: G1CollectForAllocation done
Event: 12.820 Executing VM operation: G1CollectForAllocation

Memory protections (0 events):
No events

Nmethod flushes (20 events):
Event: 6.004 Thread 0x0000013ef2a51f40 flushing  nmethod 0x0000013edc417d90
Event: 6.004 Thread 0x0000013ef2a51f40 flushing  nmethod 0x0000013edc422990
Event: 6.004 Thread 0x0000013ef2a51f40 flushing  nmethod 0x0000013edc423910
Event: 6.004 Thread 0x0000013ef2a51f40 flushing  nmethod 0x0000013edc424190
Event: 6.004 Thread 0x0000013ef2a51f40 flushing  nmethod 0x0000013edc424910
Event: 6.004 Thread 0x0000013ef2a51f40 flushing  nmethod 0x0000013edc425610
Event: 6.004 Thread 0x0000013ef2a51f40 flushing  nmethod 0x0000013edc425b10
Event: 6.004 Thread 0x0000013ef2a51f40 flushing  nmethod 0x0000013edc426190
Event: 6.004 Thread 0x0000013ef2a51f40 flushing  nmethod 0x0000013edc426590
Event: 6.004 Thread 0x0000013ef2a51f40 flushing  nmethod 0x0000013edc426910
Event: 6.004 Thread 0x0000013ef2a51f40 flushing  nmethod 0x0000013edc426e10
Event: 6.004 Thread 0x0000013ef2a51f40 flushing  nmethod 0x0000013edc42d490
Event: 6.004 Thread 0x0000013ef2a51f40 flushing  nmethod 0x0000013edc42db10
Event: 6.004 Thread 0x0000013ef2a51f40 flushing  nmethod 0x0000013edc42e610
Event: 6.004 Thread 0x0000013ef2a51f40 flushing  nmethod 0x0000013edc432310
Event: 6.004 Thread 0x0000013ef2a51f40 flushing  nmethod 0x0000013edc445f90
Event: 6.004 Thread 0x0000013ef2a51f40 flushing  nmethod 0x0000013edc452c90
Event: 6.004 Thread 0x0000013ef2a51f40 flushing  nmethod 0x0000013edc4c3710
Event: 9.849 Thread 0x0000013ef2a51f40 flushing  nmethod 0x0000013edc092990
Event: 9.852 Thread 0x0000013ef2a51f40 flushing  nmethod 0x0000013edc3a2e10

Events (20 events):
Event: 1.800 Thread 0x0000013ef8a1fce0 Thread added: 0x0000013ef8a1e390
Event: 2.101 Thread 0x0000013ef8a1fce0 Thread added: 0x0000013ef8a1edb0
Event: 2.110 Thread 0x0000013ef8a1fce0 Thread added: 0x0000013ef8a1f2c0
Event: 2.120 Thread 0x0000013ef7387870 Thread exited: 0x0000013ef7387870
Event: 2.290 Thread 0x0000013ef8a1fce0 Thread added: 0x0000013ef8a21b40
Event: 2.570 Thread 0x0000013ef2547420 Thread added: 0x0000013ef8bfbde0
Event: 2.778 Thread 0x0000013ef8a1fce0 Thread added: 0x0000013ef8a1f7d0
Event: 2.785 Thread 0x0000013ef8a1fce0 Thread added: 0x0000013ef8a21630
Event: 2.950 Thread 0x0000013ef8a1fce0 Thread added: 0x0000013ef8a201f0
Event: 2.979 Thread 0x0000013ef8a1fce0 Thread added: 0x0000013ef933d6d0
Event: 2.996 Thread 0x0000013ef8a1fce0 Thread added: 0x0000013ef933eb10
Event: 3.005 Thread 0x0000013ef8a1fce0 Thread added: 0x0000013ef93418a0
Event: 3.045 Thread 0x0000013ef8bfbde0 Thread exited: 0x0000013ef8bfbde0
Event: 3.096 Thread 0x0000013ef8a1fce0 Thread added: 0x0000013ef933a430
Event: 3.199 Thread 0x0000013ef8a1fce0 Thread added: 0x0000013ef933b870
Event: 3.246 Thread 0x0000013ef2547420 Thread added: 0x0000013ef8bfadf0
Event: 3.962 Thread 0x0000013ef8a1fce0 Thread added: 0x0000013ef9341390
Event: 10.642 Thread 0x0000013ef2c93a30 Thread exited: 0x0000013ef2c93a30
Event: 10.642 Thread 0x0000013ef8bfadf0 Thread exited: 0x0000013ef8bfadf0
Event: 12.243 Thread 0x0000013ef2536000 Thread added: 0x0000013ef8bfc330


Dynamic libraries:
0x00007ff735bb0000 - 0x00007ff735bbe000 	C:\Program Files\Eclipse Adoptium\jdk-17.0.19.10-hotspot\bin\java.exe
0x00007ffda5190000 - 0x00007ffda53a8000 	C:\Windows\SYSTEM32\ntdll.dll
0x00007ffda3730000 - 0x00007ffda37f4000 	C:\Windows\System32\KERNEL32.DLL
0x00007ffda2560000 - 0x00007ffda2933000 	C:\Windows\System32\KERNELBASE.dll
0x00007ffda23e0000 - 0x00007ffda24f1000 	C:\Windows\System32\ucrtbase.dll
0x00007ffd8f200000 - 0x00007ffd8f21e000 	C:\Program Files\Eclipse Adoptium\jdk-17.0.19.10-hotspot\bin\VCRUNTIME140.dll
0x00007ffd8f220000 - 0x00007ffd8f238000 	C:\Program Files\Eclipse Adoptium\jdk-17.0.19.10-hotspot\bin\jli.dll
0x00007ffda4250000 - 0x00007ffda4402000 	C:\Windows\System32\USER32.dll
0x00007ffda2500000 - 0x00007ffda2526000 	C:\Windows\System32\win32u.dll
0x00007ffd8f7d0000 - 0x00007ffd8fa6c000 	C:\Windows\WinSxS\amd64_microsoft.windows.common-controls_6595b64144ccf1df_6.0.22621.6060_none_2712eda17382d24b\COMCTL32.dll
0x00007ffda4f60000 - 0x00007ffda4f89000 	C:\Windows\System32\GDI32.dll
0x00007ffda3520000 - 0x00007ffda35c7000 	C:\Windows\System32\msvcrt.dll
0x00007ffda2a00000 - 0x00007ffda2b1b000 	C:\Windows\System32\gdi32full.dll
0x00007ffda2ba0000 - 0x00007ffda2c3a000 	C:\Windows\System32\msvcp_win.dll
0x00007ffda44c0000 - 0x00007ffda44f1000 	C:\Windows\System32\IMM32.DLL
0x00007ffd9cde0000 - 0x00007ffd9cdec000 	C:\Program Files\Eclipse Adoptium\jdk-17.0.19.10-hotspot\bin\vcruntime140_1.dll
0x00007ffd56b00000 - 0x00007ffd56b8d000 	C:\Program Files\Eclipse Adoptium\jdk-17.0.19.10-hotspot\bin\msvcp140.dll
0x00007ffd273f0000 - 0x00007ffd2805c000 	C:\Program Files\Eclipse Adoptium\jdk-17.0.19.10-hotspot\bin\server\jvm.dll
0x00007ffda4f90000 - 0x00007ffda5041000 	C:\Windows\System32\ADVAPI32.dll
0x00007ffda41a0000 - 0x00007ffda4248000 	C:\Windows\System32\sechost.dll
0x00007ffda2530000 - 0x00007ffda2558000 	C:\Windows\System32\bcrypt.dll
0x00007ffda3ea0000 - 0x00007ffda3fb8000 	C:\Windows\System32\RPCRT4.dll
0x00007ffda3650000 - 0x00007ffda36c1000 	C:\Windows\System32\WS2_32.dll
0x00007ffda2170000 - 0x00007ffda21bd000 	C:\Windows\SYSTEM32\POWRPROF.dll
0x00007ffd9d2b0000 - 0x00007ffd9d2e4000 	C:\Windows\SYSTEM32\WINMM.dll
0x00007ffd9b8e0000 - 0x00007ffd9b8ea000 	C:\Windows\SYSTEM32\VERSION.dll
0x00007ffda2150000 - 0x00007ffda2163000 	C:\Windows\SYSTEM32\UMPDC.dll
0x00007ffda1280000 - 0x00007ffda1298000 	C:\Windows\SYSTEM32\kernel.appcore.dll
0x00007ffd8f1f0000 - 0x00007ffd8f1fa000 	C:\Program Files\Eclipse Adoptium\jdk-17.0.19.10-hotspot\bin\jimage.dll
0x00007ffd9f9d0000 - 0x00007ffd9fc03000 	C:\Windows\SYSTEM32\DBGHELP.DLL
0x00007ffda3180000 - 0x00007ffda3511000 	C:\Windows\System32\combase.dll
0x00007ffda2e30000 - 0x00007ffda2f08000 	C:\Windows\System32\OLEAUT32.dll
0x00007ffd90870000 - 0x00007ffd908a2000 	C:\Windows\SYSTEM32\dbgcore.DLL
0x00007ffda2c40000 - 0x00007ffda2cbb000 	C:\Windows\System32\bcryptPrimitives.dll
0x00007ffd7e610000 - 0x00007ffd7e61e000 	C:\Program Files\Eclipse Adoptium\jdk-17.0.19.10-hotspot\bin\instrument.dll
0x00007ffd80450000 - 0x00007ffd80475000 	C:\Program Files\Eclipse Adoptium\jdk-17.0.19.10-hotspot\bin\java.dll
0x00007ffd520d0000 - 0x00007ffd521a7000 	C:\Program Files\Eclipse Adoptium\jdk-17.0.19.10-hotspot\bin\jsvml.dll
0x00007ffda46c0000 - 0x00007ffda4f5c000 	C:\Windows\System32\SHELL32.dll
0x00007ffda22a0000 - 0x00007ffda23df000 	C:\Windows\System32\wintypes.dll
0x00007ffda0000000 - 0x00007ffda091a000 	C:\Windows\SYSTEM32\windows.storage.dll
0x00007ffda3800000 - 0x00007ffda3904000 	C:\Windows\System32\SHCORE.dll
0x00007ffda50e0000 - 0x00007ffda5149000 	C:\Windows\System32\shlwapi.dll
0x00007ffda21d0000 - 0x00007ffda21f5000 	C:\Windows\SYSTEM32\profapi.dll
0x00007ffd7e630000 - 0x00007ffd7e648000 	C:\Program Files\Eclipse Adoptium\jdk-17.0.19.10-hotspot\bin\zip.dll
0x00007ffd80360000 - 0x00007ffd8037a000 	C:\Program Files\Eclipse Adoptium\jdk-17.0.19.10-hotspot\bin\net.dll
0x00007ffd9d180000 - 0x00007ffd9d2ac000 	C:\Windows\SYSTEM32\WINHTTP.dll
0x00007ffda1760000 - 0x00007ffda17c9000 	C:\Windows\system32\mswsock.dll
0x00007ffd7e650000 - 0x00007ffd7e666000 	C:\Program Files\Eclipse Adoptium\jdk-17.0.19.10-hotspot\bin\nio.dll
0x00007ffd7ecf0000 - 0x00007ffd7ed00000 	C:\Program Files\Eclipse Adoptium\jdk-17.0.19.10-hotspot\bin\verify.dll
0x00007ffd8dbb0000 - 0x00007ffd8dbd7000 	C:\Users\bread\.gradle\native\c067742578af261105cb4f569cf0c3c89f3d7b1fecec35dd04571415982c5e48\windows-amd64\native-platform.dll
0x00007ffd540a0000 - 0x00007ffd541e4000 	C:\Users\bread\.gradle\native\38dada09dfb8b06ba9b0570ebf7e218e3eb74d4ef43ca46872605cf95ebc2f47\windows-amd64\native-platform-file-events.dll
0x00007ffd7e950000 - 0x00007ffd7e95a000 	C:\Program Files\Eclipse Adoptium\jdk-17.0.19.10-hotspot\bin\management.dll
0x00007ffd7e720000 - 0x00007ffd7e72c000 	C:\Program Files\Eclipse Adoptium\jdk-17.0.19.10-hotspot\bin\management_ext.dll
0x00007ffda2fe0000 - 0x00007ffda2fe8000 	C:\Windows\System32\PSAPI.DLL
0x00007ffda19b0000 - 0x00007ffda19cb000 	C:\Windows\SYSTEM32\CRYPTSP.dll
0x00007ffda11e0000 - 0x00007ffda1217000 	C:\Windows\system32\rsaenh.dll
0x00007ffda1850000 - 0x00007ffda1878000 	C:\Windows\SYSTEM32\USERENV.dll
0x00007ffda19d0000 - 0x00007ffda19dc000 	C:\Windows\SYSTEM32\CRYPTBASE.dll
0x00007ffda0cf0000 - 0x00007ffda0d1d000 	C:\Windows\SYSTEM32\IPHLPAPI.DLL
0x00007ffda3720000 - 0x00007ffda3729000 	C:\Windows\System32\NSI.dll
0x00007ffd9d4f0000 - 0x00007ffd9d509000 	C:\Windows\SYSTEM32\dhcpcsvc6.DLL
0x00007ffd9cfe0000 - 0x00007ffd9cfff000 	C:\Windows\SYSTEM32\dhcpcsvc.DLL
0x00007ffda0d60000 - 0x00007ffda0e58000 	C:\Windows\SYSTEM32\DNSAPI.dll
0x00007ffd7e620000 - 0x00007ffd7e629000 	C:\Program Files\Eclipse Adoptium\jdk-17.0.19.10-hotspot\bin\extnet.dll
0x00007ffd8d9f0000 - 0x00007ffd8d9fe000 	C:\Program Files\Eclipse Adoptium\jdk-17.0.19.10-hotspot\bin\sunmscapi.dll
0x00007ffda2cc0000 - 0x00007ffda2e28000 	C:\Windows\System32\CRYPT32.dll
0x00007ffda1b70000 - 0x00007ffda1b9e000 	C:\Windows\SYSTEM32\ncrypt.dll
0x00007ffda1b30000 - 0x00007ffda1b67000 	C:\Windows\SYSTEM32\NTASN1.dll
0x00007ffd64450000 - 0x00007ffd64458000 	C:\Windows\system32\wshunix.dll

dbghelp: loaded successfully - version: 4.0.5 - missing functions: none
symbol engine: initialized successfully - sym options: 0x614 - pdb path: .;C:\Program Files\Eclipse Adoptium\jdk-17.0.19.10-hotspot\bin;C:\Windows\SYSTEM32;C:\Windows\WinSxS\amd64_microsoft.windows.common-controls_6595b64144ccf1df_6.0.22621.6060_none_2712eda17382d24b;C:\Program Files\Eclipse Adoptium\jdk-17.0.19.10-hotspot\bin\server;C:\Users\bread\.gradle\native\c067742578af261105cb4f569cf0c3c89f3d7b1fecec35dd04571415982c5e48\windows-amd64;C:\Users\bread\.gradle\native\38dada09dfb8b06ba9b0570ebf7e218e3eb74d4ef43ca46872605cf95ebc2f47\windows-amd64

VM Arguments:
jvm_args: --add-opens=java.base/java.util=ALL-UNNAMED --add-opens=java.base/java.lang=ALL-UNNAMED --add-opens=java.base/java.lang.invoke=ALL-UNNAMED --add-opens=java.prefs/java.util.prefs=ALL-UNNAMED --add-opens=java.base/java.nio.charset=ALL-UNNAMED --add-opens=java.base/java.net=ALL-UNNAMED --add-opens=java.base/java.util.concurrent.atomic=ALL-UNNAMED -Xmx2g -Dfile.encoding=UTF-8 -Duser.country=CN -Duser.language=zh -Duser.variant -javaagent:C:\Users\bread\.gradle\wrapper\dists\gradle-8.5-bin\5t9huq95ubn472n8rpzujfbqh\gradle-8.5\lib\agents\gradle-instrumentation-agent-8.5.jar 
java_command: org.gradle.launcher.daemon.bootstrap.GradleDaemon 8.5
java_class_path (initial): C:\Users\bread\.gradle\wrapper\dists\gradle-8.5-bin\5t9huq95ubn472n8rpzujfbqh\gradle-8.5\lib\gradle-launcher-8.5.jar
Launcher Type: SUN_STANDARD

[Global flags]
     intx CICompilerCount                          = 4                                         {product} {ergonomic}
     uint ConcGCThreads                            = 3                                         {product} {ergonomic}
     uint G1ConcRefinementThreads                  = 10                                        {product} {ergonomic}
   size_t G1HeapRegionSize                         = 1048576                                   {product} {ergonomic}
    uintx GCDrainStackTargetSize                   = 64                                        {product} {ergonomic}
   size_t InitialHeapSize                          = 266338304                                 {product} {ergonomic}
   size_t MarkStackSize                            = 4194304                                   {product} {ergonomic}
   size_t MaxHeapSize                              = 2147483648                                {product} {command line}
   size_t MaxNewSize                               = 1287651328                                {product} {ergonomic}
   size_t MinHeapDeltaBytes                        = 1048576                                   {product} {ergonomic}
   size_t MinHeapSize                              = 8388608                                   {product} {ergonomic}
    uintx NonNMethodCodeHeapSize                   = 5839372                                {pd product} {ergonomic}
    uintx NonProfiledCodeHeapSize                  = 122909434                              {pd product} {ergonomic}
    uintx ProfiledCodeHeapSize                     = 122909434                              {pd product} {ergonomic}
    uintx ReservedCodeCacheSize                    = 251658240                              {pd product} {ergonomic}
     bool SegmentedCodeCache                       = true                                      {product} {ergonomic}
   size_t SoftMaxHeapSize                          = 2147483648                             {manageable} {ergonomic}
     bool UseCompressedClassPointers               = true                           {product lp64_product} {ergonomic}
     bool UseCompressedOops                        = true                           {product lp64_product} {ergonomic}
     bool UseG1GC                                  = true                                      {product} {ergonomic}
     bool UseLargePagesIndividualAllocation        = false                                  {pd product} {ergonomic}

Logging:
Log output configuration:
 #0: stdout all=warning uptime,level,tags
 #1: stderr all=off uptime,level,tags

Environment Variables:
JAVA_HOME=C:\Program Files\Eclipse Adoptium\jdk-17.0.19.10-hotspot
PATH=C:\Users\bread\bin;C:\Program Files\Git\mingw64\bin;C:\Program Files\Git\usr\local\bin;C:\Program Files\Git\usr\bin;C:\Program Files\Git\usr\bin;C:\Program Files\Git\mingw64\bin;C:\Program Files\Git\usr\bin;C:\Users\bread\bin;C:\Program Files\Eclipse Adoptium\jdk-17.0.19.10-hotspot\bin;C:\Windows\system32;C:\Windows;C:\Windows\System32\Wbem;C:\Windows\System32\WindowsPowerShell\v1.0;C:\Windows\System32\OpenSSH;C:\Program Files\NVIDIA Corporation\NVIDIA App\NvDLISR;C:\Program Files (x86)\NVIDIA Corporation\PhysX\Common;E:\nodejs;C:\Program Files\Git\cmd;C:\Users\bread\.local\bin;C:\Users\bread\AppData\Local\Microsoft\WindowsApps;C:\Users\bread\AppData\Roaming\npm;E:\Microsoft VS Code\bin;C:\Program Files\Eclipse Adoptium\jdk-17.0.19.10-hotspot\bin;C:\Users\bread\AppData\Local\Android\Sdk\platform-tools;C:\Users\bread\AppData\Local\Android\Sdk\cmdline-tools\latest\bin;E:\IntelliJ IDEA 2026.2\bin;C:\Program Files\Git\usr\bin\vendor_perl;C:\Program Files\Git\usr\bin\core_perl
USERNAME=bread
SHELL=C:\Program Files\Git\usr\bin\bash.exe
TERM=xterm-256color
OS=Windows_NT
PROCESSOR_IDENTIFIER=Intel64 Family 6 Model 165 Stepping 0, GenuineIntel
TMP=C:\Users\bread\AppData\Local\Temp
TEMP=C:\Users\bread\AppData\Local\Temp



Periodic native trim disabled


---------------  S Y S T E M  ---------------

OS:
 Windows 11 , 64 bit Build 22621 (10.0.22621.5415)
OS uptime: 1 days 0:55 hours

CPU: total 12 (initial active 12) (6 cores per cpu, 2 threads per core) family 6 model 165 stepping 0 microcode 0xbe, cx8, cmov, fxsr, ht, mmx, 3dnowpref, sse, sse2, sse3, ssse3, sse4.1, sse4.2, popcnt, lzcnt, tsc, tscinvbit, avx, avx2, aes, erms, clmul, bmi1, bmi2, rtm, adx, fma, vzeroupper, clflush, clflushopt
Processor Information for all 12 processors :
  Max Mhz: 3000, Current Mhz: 3000, Mhz Limit: 3000

Memory: 4k page, system-wide physical 16202M (2981M free)
TotalPageFile size 31340M (AvailPageFile size 55M)
current process WorkingSet (physical memory assigned to process): 457M, peak: 475M
current process commit charge ("private bytes"): 505M, peak: 564M

vm_info: OpenJDK 64-Bit Server VM (17.0.19+10) for windows-amd64 JRE (17.0.19+10), built on Apr 25 2026 08:04:44 by "admin" with MS VC++ 17.12 (VS2022)

END.
